
Discarded input sections

 .text          0x00000000        0x0 ..\obj\stm32_pio.o
 .data          0x00000000        0x0 ..\obj\stm32_pio.o
 .bss           0x00000000        0x0 ..\obj\stm32_pio.o
 .text          0x00000000        0x0 ..\obj\core_cm3.o
 .data          0x00000000        0x0 ..\obj\core_cm3.o
 .bss           0x00000000        0x0 ..\obj\core_cm3.o
 .text.__get_PSP
                0x00000000       0x10 ..\obj\core_cm3.o
 .text.__set_PSP
                0x00000000        0x8 ..\obj\core_cm3.o
 .text.__get_MSP
                0x00000000       0x10 ..\obj\core_cm3.o
 .text.__set_MSP
                0x00000000        0x8 ..\obj\core_cm3.o
 .text.__get_BASEPRI
                0x00000000       0x20 ..\obj\core_cm3.o
 .text.__set_BASEPRI
                0x00000000       0x18 ..\obj\core_cm3.o
 .text.__get_PRIMASK
                0x00000000       0x20 ..\obj\core_cm3.o
 .text.__set_PRIMASK
                0x00000000       0x18 ..\obj\core_cm3.o
 .text.__get_FAULTMASK
                0x00000000       0x20 ..\obj\core_cm3.o
 .text.__set_FAULTMASK
                0x00000000       0x18 ..\obj\core_cm3.o
 .text.__get_CONTROL
                0x00000000       0x20 ..\obj\core_cm3.o
 .text.__set_CONTROL
                0x00000000       0x18 ..\obj\core_cm3.o
 .text.__REV    0x00000000       0x24 ..\obj\core_cm3.o
 .text.__REV16  0x00000000       0x24 ..\obj\core_cm3.o
 .text.__REVSH  0x00000000       0x24 ..\obj\core_cm3.o
 .text.__RBIT   0x00000000       0x24 ..\obj\core_cm3.o
 .text.__LDREXB
                0x00000000       0x24 ..\obj\core_cm3.o
 .text.__LDREXH
                0x00000000       0x24 ..\obj\core_cm3.o
 .text.__LDREXW
                0x00000000       0x24 ..\obj\core_cm3.o
 .text.__STREXB
                0x00000000       0x2c ..\obj\core_cm3.o
 .text.__STREXH
                0x00000000       0x2c ..\obj\core_cm3.o
 .text.__STREXW
                0x00000000       0x28 ..\obj\core_cm3.o
 .text          0x00000000        0x0 ..\obj\system_stm32f10x.o
 .data          0x00000000       0x14 ..\obj\system_stm32f10x.o
 .bss           0x00000000        0x0 ..\obj\system_stm32f10x.o
 .text.SystemCoreClockUpdate
                0x00000000       0xe4 ..\obj\system_stm32f10x.o
 .text          0x00000000        0x0 ..\obj\startup_stm32f10x_md.o
 .data          0x00000000        0x0 ..\obj\startup_stm32f10x_md.o
 .bss           0x00000000        0x0 ..\obj\startup_stm32f10x_md.o
 .text          0x00000000        0x0 ..\obj\stm32f10x_gpio.o
 .data          0x00000000        0x0 ..\obj\stm32f10x_gpio.o
 .bss           0x00000000        0x0 ..\obj\stm32f10x_gpio.o
 .text.GPIO_DeInit
                0x00000000      0x118 ..\obj\stm32f10x_gpio.o
 .text.GPIO_AFIODeInit
                0x00000000       0x20 ..\obj\stm32f10x_gpio.o
 .text.GPIO_Init
                0x00000000      0x1c0 ..\obj\stm32f10x_gpio.o
 .text.GPIO_StructInit
                0x00000000       0x2c ..\obj\stm32f10x_gpio.o
 .text.GPIO_ReadInputDataBit
                0x00000000       0x3c ..\obj\stm32f10x_gpio.o
 .text.GPIO_ReadInputData
                0x00000000       0x1c ..\obj\stm32f10x_gpio.o
 .text.GPIO_ReadOutputDataBit
                0x00000000       0x3c ..\obj\stm32f10x_gpio.o
 .text.GPIO_ReadOutputData
                0x00000000       0x1c ..\obj\stm32f10x_gpio.o
 .text.GPIO_SetBits
                0x00000000       0x1c ..\obj\stm32f10x_gpio.o
 .text.GPIO_ResetBits
                0x00000000       0x1c ..\obj\stm32f10x_gpio.o
 .text.GPIO_WriteBit
                0x00000000       0x30 ..\obj\stm32f10x_gpio.o
 .text.GPIO_Write
                0x00000000       0x1c ..\obj\stm32f10x_gpio.o
 .text.GPIO_PinLockConfig
                0x00000000       0x44 ..\obj\stm32f10x_gpio.o
 .text.GPIO_EventOutputConfig
                0x00000000       0x54 ..\obj\stm32f10x_gpio.o
 .text.GPIO_EventOutputCmd
                0x00000000       0x20 ..\obj\stm32f10x_gpio.o
 .text.GPIO_PinRemapConfig
                0x00000000      0x104 ..\obj\stm32f10x_gpio.o
 .text.GPIO_EXTILineConfig
                0x00000000       0x9c ..\obj\stm32f10x_gpio.o
 .text.GPIO_ETH_MediaInterfaceConfig
                0x00000000       0x1c ..\obj\stm32f10x_gpio.o
 .text          0x00000000        0x0 ..\obj\main.o
 .data          0x00000000        0x0 ..\obj\main.o
 .bss           0x00000000        0x0 ..\obj\main.o
 .text          0x00000000        0x0 ..\obj\stm32f10x_rcc.o
 .data          0x00000000       0x14 ..\obj\stm32f10x_rcc.o
 .bss           0x00000000        0x0 ..\obj\stm32f10x_rcc.o
 .text.RCC_DeInit
                0x00000000       0x5c ..\obj\stm32f10x_rcc.o
 .text.RCC_HSEConfig
                0x00000000       0x5c ..\obj\stm32f10x_rcc.o
 .text.RCC_WaitForHSEStartUp
                0x00000000       0x64 ..\obj\stm32f10x_rcc.o
 .text.RCC_AdjustHSICalibrationValue
                0x00000000       0x40 ..\obj\stm32f10x_rcc.o
 .text.RCC_HSICmd
                0x00000000       0x20 ..\obj\stm32f10x_rcc.o
 .text.RCC_PLLConfig
                0x00000000       0x44 ..\obj\stm32f10x_rcc.o
 .text.RCC_PLLCmd
                0x00000000       0x20 ..\obj\stm32f10x_rcc.o
 .text.RCC_SYSCLKConfig
                0x00000000       0x3c ..\obj\stm32f10x_rcc.o
 .text.RCC_GetSYSCLKSource
                0x00000000       0x1c ..\obj\stm32f10x_rcc.o
 .text.RCC_HCLKConfig
                0x00000000       0x3c ..\obj\stm32f10x_rcc.o
 .text.RCC_PCLK1Config
                0x00000000       0x3c ..\obj\stm32f10x_rcc.o
 .text.RCC_PCLK2Config
                0x00000000       0x40 ..\obj\stm32f10x_rcc.o
 .text.RCC_ITConfig
                0x00000000       0x50 ..\obj\stm32f10x_rcc.o
 .text.RCC_USBCLKConfig
                0x00000000       0x1c ..\obj\stm32f10x_rcc.o
 .text.RCC_ADCCLKConfig
                0x00000000       0x3c ..\obj\stm32f10x_rcc.o
 .text.RCC_LSEConfig
                0x00000000       0x48 ..\obj\stm32f10x_rcc.o
 .text.RCC_LSICmd
                0x00000000       0x20 ..\obj\stm32f10x_rcc.o
 .text.RCC_RTCCLKConfig
                0x00000000       0x24 ..\obj\stm32f10x_rcc.o
 .text.RCC_RTCCLKCmd
                0x00000000       0x20 ..\obj\stm32f10x_rcc.o
 .text.RCC_GetClocksFreq
                0x00000000      0x17c ..\obj\stm32f10x_rcc.o
 .text.RCC_AHBPeriphClockCmd
                0x00000000       0x44 ..\obj\stm32f10x_rcc.o
 .text.RCC_APB2PeriphClockCmd
                0x00000000       0x44 ..\obj\stm32f10x_rcc.o
 .text.RCC_APB1PeriphClockCmd
                0x00000000       0x44 ..\obj\stm32f10x_rcc.o
 .text.RCC_APB2PeriphResetCmd
                0x00000000       0x44 ..\obj\stm32f10x_rcc.o
 .text.RCC_APB1PeriphResetCmd
                0x00000000       0x44 ..\obj\stm32f10x_rcc.o
 .text.RCC_BackupResetCmd
                0x00000000       0x20 ..\obj\stm32f10x_rcc.o
 .text.RCC_ClockSecuritySystemCmd
                0x00000000       0x20 ..\obj\stm32f10x_rcc.o
 .text.RCC_MCOConfig
                0x00000000       0x20 ..\obj\stm32f10x_rcc.o
 .text.RCC_GetFlagStatus
                0x00000000       0x84 ..\obj\stm32f10x_rcc.o
 .text.RCC_ClearFlag
                0x00000000       0x1c ..\obj\stm32f10x_rcc.o
 .text.RCC_GetITStatus
                0x00000000       0x40 ..\obj\stm32f10x_rcc.o
 .text.RCC_ClearITPendingBit
                0x00000000       0x20 ..\obj\stm32f10x_rcc.o
 .text          0x00000000        0x0 ..\obj\syscalls.o
 .data          0x00000000        0x0 ..\obj\syscalls.o
 .bss           0x00000000        0x4 ..\obj\syscalls.o
 .text._sbrk    0x00000000       0x40 ..\obj\syscalls.o
 .text.link     0x00000000       0x1c ..\obj\syscalls.o
 .text._close   0x00000000       0x18 ..\obj\syscalls.o
 .text._fstat   0x00000000       0x24 ..\obj\syscalls.o
 .text._isatty  0x00000000       0x18 ..\obj\syscalls.o
 .text._lseek   0x00000000       0x1c ..\obj\syscalls.o
 .text._read    0x00000000       0x1c ..\obj\syscalls.o
 .text._write   0x00000000       0x1c ..\obj\syscalls.o
 .text.abort    0x00000000        0x8 ..\obj\syscalls.o
 .text          0x00000000        0x0 ..\obj\GPIO_Example.o
 .data          0x00000000        0x0 ..\obj\GPIO_Example.o
 .bss           0x00000000        0x0 ..\obj\GPIO_Example.o

Memory Configuration

Name             Origin             Length             Attributes
rom              0x08000000         0x00010000         xr
ram              0x20000000         0x00005000         xrw
*default*        0x00000000         0xffffffff

Linker script and memory map

                0x20005000                _eram = 0x20005000

.text           0x08000000      0x964
 *(.isr_vector .isr_vector.*)
 .isr_vector    0x08000000      0x10c ..\obj\startup_stm32f10x_md.o
                0x08000000                g_pfnVectors
 *(.text .text.* .gnu.linkonce.t.*)
 .text.STM32_GetGPIO
                0x0800010c       0x90 ..\obj\stm32_pio.o
 .text.STM32_PIO_Init
                0x0800019c       0xb8 ..\obj\stm32_pio.o
 .text.STM32_PIO_SetDir
                0x08000254      0x16c ..\obj\stm32_pio.o
 .text.STM32_PIO_Read
                0x080003c0       0xe0 ..\obj\stm32_pio.o
 .text.STM32_PIO_Out
                0x080004a0       0x74 ..\obj\stm32_pio.o
 .text.STM32_PIO_Cfg
                0x08000514       0x24 ..\obj\stm32_pio.o
 .text.SystemInit
                0x08000538       0x68 ..\obj\system_stm32f10x.o
                0x08000538                SystemInit
 .text.SetSysClock
                0x080005a0        0xc ..\obj\system_stm32f10x.o
 .text.SetSysClockTo72
                0x080005ac      0x108 ..\obj\system_stm32f10x.o
 .text.Default_Reset_Handler
                0x080006b4       0x68 ..\obj\startup_stm32f10x_md.o
                0x080006b4                Default_Reset_Handler
                0x080006b4                Reset_Handler
 .text.Default_Handler
                0x0800071c        0x8 ..\obj\startup_stm32f10x_md.o
                0x0800071c                EXTI2_IRQHandler
                0x0800071c                DebugMon_Handler
                0x0800071c                TIM1_CC_IRQHandler
                0x0800071c                HardFault_Handler
                0x0800071c                SysTick_Handler
                0x0800071c                PVD_IRQHandler
                0x0800071c                PendSV_Handler
                0x0800071c                NMI_Handler
                0x0800071c                EXTI3_IRQHandler
                0x0800071c                EXTI0_IRQHandler
                0x0800071c                I2C2_EV_IRQHandler
                0x0800071c                UsageFault_Handler
                0x0800071c                ADC1_2_IRQHandler
                0x0800071c                SPI1_IRQHandler
                0x0800071c                TAMPER_IRQHandler
                0x0800071c                DMA1_Channel4_IRQHandler
                0x0800071c                USART3_IRQHandler
                0x0800071c                RTC_IRQHandler
                0x0800071c                DMA1_Channel7_IRQHandler
                0x0800071c                CAN1_RX1_IRQHandler
                0x0800071c                TIM4_IRQHandler
                0x0800071c                I2C1_EV_IRQHandler
                0x0800071c                DMA1_Channel6_IRQHandler
                0x0800071c                TIM3_IRQHandler
                0x0800071c                RCC_IRQHandler
                0x0800071c                TIM1_TRG_COM_IRQHandler
                0x0800071c                DMA1_Channel1_IRQHandler
                0x0800071c                EXTI15_10_IRQHandler
                0x0800071c                EXTI9_5_IRQHandler
                0x0800071c                SPI2_IRQHandler
                0x0800071c                MemManage_Handler
                0x0800071c                SVC_Handler
                0x0800071c                DMA1_Channel5_IRQHandler
                0x0800071c                EXTI4_IRQHandler
                0x0800071c                USB_LP_CAN1_RX0_IRQHandler
                0x0800071c                USB_HP_CAN1_TX_IRQHandler
                0x0800071c                DMA1_Channel3_IRQHandler
                0x0800071c                TIM1_UP_IRQHandler
                0x0800071c                WWDG_IRQHandler
                0x0800071c                TIM2_IRQHandler
                0x0800071c                TIM1_BRK_IRQHandler
                0x0800071c                EXTI1_IRQHandler
                0x0800071c                RTCAlarm_IRQHandler
                0x0800071c                USART2_IRQHandler
                0x0800071c                I2C2_ER_IRQHandler
                0x0800071c                DMA1_Channel2_IRQHandler
                0x0800071c                CAN1_SCE_IRQHandler
                0x0800071c                FLASH_IRQHandler
                0x0800071c                BusFault_Handler
                0x0800071c                USART1_IRQHandler
                0x0800071c                I2C1_ER_IRQHandler
                0x0800071c                USBWakeUp_IRQHandler
 .text.main     0x08000724        0xc ..\obj\main.o
                0x08000724                main
 .text.GPIO_example
                0x08000730      0x220 ..\obj\GPIO_Example.o
                0x08000730                GPIO_example
 *(.glue_7t)
 .glue_7t       0x00000000        0x0 linker stubs
 *(.glue_7)
 .glue_7        0x00000000        0x0 linker stubs
 *(.rodata .rodata* .gnu.linkonce.r.*)
 .rodata        0x08000950       0x14 ..\obj\stm32_pio.o
                0x08000950                pi_pio

.vfp11_veneer   0x08000964        0x0
 .vfp11_veneer  0x00000000        0x0 linker stubs

.v4_bx          0x08000964        0x0
 .v4_bx         0x00000000        0x0 linker stubs

.ARM.extab
 *(.ARM.extab* .gnu.linkonce.armextab.*)

.ARM.exidx
 *(.ARM.exidx* .gnu.linkonce.armexidx.*)
                0x08000964                . = ALIGN (0x4)
                0x08000964                _etext = .
                0x08000964                _sidata = .

.data           0x20000000        0x0 load address 0x08000964
                0x20000000                _sdata = .
 *(.data .data.*)
                0x20000000                . = ALIGN (0x4)
                0x20000000                _edata = .

.bss            0x20000000        0x0
                0x20000000                _sbss = .
 *(.bss .bss.*)
 *(COMMON)
                0x20000000                . = ALIGN (0x4)
                0x20000000                _ebss = .

.co_stack       0x20000000      0x400
                0x20000000                . = ALIGN (0x8)
 *(.co_stack .co_stack.*)
 .co_stack      0x20000000      0x400 ..\obj\startup_stm32f10x_md.o
                0x20000000                pulStack
                0x20000400                . = ALIGN (0x4)
                0x20000400                _end = .
LOAD ..\obj\stm32_pio.o
LOAD ..\obj\core_cm3.o
LOAD ..\obj\system_stm32f10x.o
LOAD ..\obj\startup_stm32f10x_md.o
LOAD ..\obj\stm32f10x_gpio.o
LOAD ..\obj\main.o
LOAD ..\obj\stm32f10x_rcc.o
LOAD ..\obj\syscalls.o
LOAD ..\obj\GPIO_Example.o
START GROUP
LOAD j:/cocenter/cooide/gcc/sourcery g++ lite/bin/../lib/gcc/arm-none-eabi/4.5.2/thumb2\libgcc.a
LOAD j:/cocenter/cooide/gcc/sourcery g++ lite/bin/../lib/gcc/arm-none-eabi/4.5.2/../../../../arm-none-eabi/lib/thumb2\libc.a
END GROUP
OUTPUT(Stmgpio.elf elf32-littlearm)

.debug_abbrev   0x00000000      0x98e
 .debug_abbrev  0x00000000      0x150 ..\obj\stm32_pio.o
 .debug_abbrev  0x00000150       0xd7 ..\obj\core_cm3.o
 .debug_abbrev  0x00000227      0x18f ..\obj\system_stm32f10x.o
 .debug_abbrev  0x000003b6       0xa5 ..\obj\startup_stm32f10x_md.o
 .debug_abbrev  0x0000045b      0x1a6 ..\obj\stm32f10x_gpio.o
 .debug_abbrev  0x00000601       0x38 ..\obj\main.o
 .debug_abbrev  0x00000639      0x193 ..\obj\stm32f10x_rcc.o
 .debug_abbrev  0x000007cc       0xe0 ..\obj\syscalls.o
 .debug_abbrev  0x000008ac       0xe2 ..\obj\GPIO_Example.o

.debug_info     0x00000000     0x273d
 .debug_info    0x00000000      0x514 ..\obj\stm32_pio.o
 .debug_info    0x00000514      0x54c ..\obj\core_cm3.o
 .debug_info    0x00000a60      0x4a0 ..\obj\system_stm32f10x.o
 .debug_info    0x00000f00      0x135 ..\obj\startup_stm32f10x_md.o
 .debug_info    0x00001035      0x727 ..\obj\stm32f10x_gpio.o
 .debug_info    0x0000175c       0x4a ..\obj\main.o
 .debug_info    0x000017a6      0x905 ..\obj\stm32f10x_rcc.o
 .debug_info    0x000020ab      0x444 ..\obj\syscalls.o
 .debug_info    0x000024ef      0x24e ..\obj\GPIO_Example.o

.debug_line     0x00000000     0x17cb
 .debug_line    0x00000000      0x2fc ..\obj\stm32_pio.o
 .debug_line    0x000002fc      0x2e0 ..\obj\core_cm3.o
 .debug_line    0x000005dc      0x287 ..\obj\system_stm32f10x.o
 .debug_line    0x00000863       0xa2 ..\obj\startup_stm32f10x_md.o
 .debug_line    0x00000905      0x3f8 ..\obj\stm32f10x_gpio.o
 .debug_line    0x00000cfd       0x5f ..\obj\main.o
 .debug_line    0x00000d5c      0x4fb ..\obj\stm32f10x_rcc.o
 .debug_line    0x00001257      0x385 ..\obj\syscalls.o
 .debug_line    0x000015dc      0x1ef ..\obj\GPIO_Example.o

.debug_macinfo  0x00000000    0xe718e
 .debug_macinfo
                0x00000000    0x3474a ..\obj\stm32_pio.o
 .debug_macinfo
                0x0003474a     0x2af9 ..\obj\core_cm3.o
 .debug_macinfo
                0x00037243    0x345e6 ..\obj\system_stm32f10x.o
 .debug_macinfo
                0x0006b829     0x2239 ..\obj\startup_stm32f10x_md.o
 .debug_macinfo
                0x0006da62    0x38655 ..\obj\stm32f10x_gpio.o
 .debug_macinfo
                0x000a60b7     0x2203 ..\obj\main.o
 .debug_macinfo
                0x000a82ba    0x36da3 ..\obj\stm32f10x_rcc.o
 .debug_macinfo
                0x000df05d     0x54c1 ..\obj\syscalls.o
 .debug_macinfo
                0x000e451e     0x2c70 ..\obj\GPIO_Example.o

.debug_loc      0x00000000     0x137c
 .debug_loc     0x00000000      0x150 ..\obj\stm32_pio.o
 .debug_loc     0x00000150      0x3f0 ..\obj\core_cm3.o
 .debug_loc     0x00000540       0xc8 ..\obj\system_stm32f10x.o
 .debug_loc     0x00000608       0x64 ..\obj\startup_stm32f10x_md.o
 .debug_loc     0x0000066c      0x3e4 ..\obj\stm32f10x_gpio.o
 .debug_loc     0x00000a50       0x2c ..\obj\main.o
 .debug_loc     0x00000a7c      0x6dc ..\obj\stm32f10x_rcc.o
 .debug_loc     0x00001158      0x1ec ..\obj\syscalls.o
 .debug_loc     0x00001344       0x38 ..\obj\GPIO_Example.o

.debug_pubnames
                0x00000000      0x731
 .debug_pubnames
                0x00000000       0x1d ..\obj\stm32_pio.o
 .debug_pubnames
                0x0000001d      0x159 ..\obj\core_cm3.o
 .debug_pubnames
                0x00000176       0x61 ..\obj\system_stm32f10x.o
 .debug_pubnames
                0x000001d7       0x4a ..\obj\startup_stm32f10x_md.o
 .debug_pubnames
                0x00000221      0x19d ..\obj\stm32f10x_gpio.o
 .debug_pubnames
                0x000003be       0x1b ..\obj\main.o
 .debug_pubnames
                0x000003d9      0x2c4 ..\obj\stm32f10x_rcc.o
 .debug_pubnames
                0x0000069d       0x71 ..\obj\syscalls.o
 .debug_pubnames
                0x0000070e       0x23 ..\obj\GPIO_Example.o

.debug_pubtypes
                0x00000000      0x371
 .debug_pubtypes
                0x00000000       0x68 ..\obj\stm32_pio.o
 .debug_pubtypes
                0x00000068       0x50 ..\obj\core_cm3.o
 .debug_pubtypes
                0x000000b8       0x67 ..\obj\system_stm32f10x.o
 .debug_pubtypes
                0x0000011f       0xc3 ..\obj\stm32f10x_gpio.o
 .debug_pubtypes
                0x000001e2       0x9e ..\obj\stm32f10x_rcc.o
 .debug_pubtypes
                0x00000280       0xaa ..\obj\syscalls.o
 .debug_pubtypes
                0x0000032a       0x47 ..\obj\GPIO_Example.o

.debug_aranges  0x00000000      0x3d0
 .debug_aranges
                0x00000000       0x48 ..\obj\stm32_pio.o
 .debug_aranges
                0x00000048       0xc8 ..\obj\core_cm3.o
 .debug_aranges
                0x00000110       0x38 ..\obj\system_stm32f10x.o
 .debug_aranges
                0x00000148       0x28 ..\obj\startup_stm32f10x_md.o
 .debug_aranges
                0x00000170       0xa8 ..\obj\stm32f10x_gpio.o
 .debug_aranges
                0x00000218       0x20 ..\obj\main.o
 .debug_aranges
                0x00000238      0x118 ..\obj\stm32f10x_rcc.o
 .debug_aranges
                0x00000350       0x60 ..\obj\syscalls.o
 .debug_aranges
                0x000003b0       0x20 ..\obj\GPIO_Example.o

.debug_ranges   0x00000000      0x340
 .debug_ranges  0x00000000       0x38 ..\obj\stm32_pio.o
 .debug_ranges  0x00000038       0xb8 ..\obj\core_cm3.o
 .debug_ranges  0x000000f0       0x28 ..\obj\system_stm32f10x.o
 .debug_ranges  0x00000118       0x18 ..\obj\startup_stm32f10x_md.o
 .debug_ranges  0x00000130       0x98 ..\obj\stm32f10x_gpio.o
 .debug_ranges  0x000001c8       0x10 ..\obj\main.o
 .debug_ranges  0x000001d8      0x108 ..\obj\stm32f10x_rcc.o
 .debug_ranges  0x000002e0       0x50 ..\obj\syscalls.o
 .debug_ranges  0x00000330       0x10 ..\obj\GPIO_Example.o

.debug_str      0x00000000      0xebd
 .debug_str     0x00000000      0x1be ..\obj\stm32_pio.o
                                0x202 (size before relaxing)
 .debug_str     0x000001be      0x16f ..\obj\core_cm3.o
                                0x229 (size before relaxing)
 .debug_str     0x0000032d      0x12d ..\obj\system_stm32f10x.o
                                0x23c (size before relaxing)
 .debug_str     0x0000045a       0xb0 ..\obj\startup_stm32f10x_md.o
                                 0xdb (size before relaxing)
 .debug_str     0x0000050a      0x3a8 ..\obj\stm32f10x_gpio.o
                                0x476 (size before relaxing)
 .debug_str     0x000008b2       0x31 ..\obj\main.o
                                 0x3d (size before relaxing)
 .debug_str     0x000008e3      0x3da ..\obj\stm32f10x_rcc.o
                                0x577 (size before relaxing)
 .debug_str     0x00000cbd      0x18f ..\obj\syscalls.o
                                0x24b (size before relaxing)
 .debug_str     0x00000e4c       0x71 ..\obj\GPIO_Example.o
                                0x14d (size before relaxing)

.comment        0x00000000       0x2a
 .comment       0x00000000       0x2a ..\obj\stm32_pio.o
                                 0x2b (size before relaxing)
 .comment       0x00000000       0x2b ..\obj\core_cm3.o
 .comment       0x00000000       0x2b ..\obj\system_stm32f10x.o
 .comment       0x00000000       0x2b ..\obj\startup_stm32f10x_md.o
 .comment       0x00000000       0x2b ..\obj\stm32f10x_gpio.o
 .comment       0x00000000       0x2b ..\obj\main.o
 .comment       0x00000000       0x2b ..\obj\stm32f10x_rcc.o
 .comment       0x00000000       0x2b ..\obj\syscalls.o
 .comment       0x00000000       0x2b ..\obj\GPIO_Example.o

.ARM.attributes
                0x00000000       0x31
 .ARM.attributes
                0x00000000       0x31 ..\obj\stm32_pio.o
 .ARM.attributes
                0x00000031       0x31 ..\obj\core_cm3.o
 .ARM.attributes
                0x00000062       0x31 ..\obj\system_stm32f10x.o
 .ARM.attributes
                0x00000093       0x31 ..\obj\startup_stm32f10x_md.o
 .ARM.attributes
                0x000000c4       0x31 ..\obj\stm32f10x_gpio.o
 .ARM.attributes
                0x000000f5       0x31 ..\obj\main.o
 .ARM.attributes
                0x00000126       0x31 ..\obj\stm32f10x_rcc.o
 .ARM.attributes
                0x00000157       0x31 ..\obj\syscalls.o
 .ARM.attributes
                0x00000188       0x31 ..\obj\GPIO_Example.o

.debug_frame    0x00000000      0xb0c
 .debug_frame   0x00000000       0xc8 ..\obj\stm32_pio.o
 .debug_frame   0x000000c8      0x280 ..\obj\core_cm3.o
 .debug_frame   0x00000348       0x80 ..\obj\system_stm32f10x.o
 .debug_frame   0x000003c8       0x48 ..\obj\startup_stm32f10x_md.o
 .debug_frame   0x00000410      0x210 ..\obj\stm32f10x_gpio.o
 .debug_frame   0x00000620       0x2c ..\obj\main.o
 .debug_frame   0x0000064c      0x388 ..\obj\stm32f10x_rcc.o
 .debug_frame   0x000009d4      0x108 ..\obj\syscalls.o
 .debug_frame   0x00000adc       0x30 ..\obj\GPIO_Example.o
