
Allocating common symbols
Common symbol       size              file

HSEStartUpStatus    0x1               ..\obj\STM32_USART.o
cid                 0x4               ..\obj\main.o

Discarded input sections

 .text          0x00000000        0x0 ..\obj\startup_stm32f10x_md_vl.o
 .data          0x00000000        0x0 ..\obj\startup_stm32f10x_md_vl.o
 .bss           0x00000000        0x0 ..\obj\startup_stm32f10x_md_vl.o
 .text          0x00000000        0x0 ..\obj\stm32_pio.o
 .data          0x00000000        0x0 ..\obj\stm32_pio.o
 .bss           0x00000000        0x0 ..\obj\stm32_pio.o
 .text          0x00000000        0x0 ..\obj\core_cm3.o
 .data          0x00000000        0x0 ..\obj\core_cm3.o
 .bss           0x00000000        0x0 ..\obj\core_cm3.o
 .text.__get_PSP
                0x00000000       0x10 ..\obj\core_cm3.o
 .text.__set_PSP
                0x00000000        0x8 ..\obj\core_cm3.o
 .text.__get_MSP
                0x00000000       0x10 ..\obj\core_cm3.o
 .text.__set_MSP
                0x00000000        0x8 ..\obj\core_cm3.o
 .text.__get_BASEPRI
                0x00000000       0x20 ..\obj\core_cm3.o
 .text.__set_BASEPRI
                0x00000000       0x18 ..\obj\core_cm3.o
 .text.__get_PRIMASK
                0x00000000       0x20 ..\obj\core_cm3.o
 .text.__set_PRIMASK
                0x00000000       0x18 ..\obj\core_cm3.o
 .text.__get_FAULTMASK
                0x00000000       0x20 ..\obj\core_cm3.o
 .text.__set_FAULTMASK
                0x00000000       0x18 ..\obj\core_cm3.o
 .text.__get_CONTROL
                0x00000000       0x20 ..\obj\core_cm3.o
 .text.__set_CONTROL
                0x00000000       0x18 ..\obj\core_cm3.o
 .text.__REV    0x00000000       0x24 ..\obj\core_cm3.o
 .text.__REV16  0x00000000       0x24 ..\obj\core_cm3.o
 .text.__REVSH  0x00000000       0x24 ..\obj\core_cm3.o
 .text.__RBIT   0x00000000       0x24 ..\obj\core_cm3.o
 .text.__LDREXB
                0x00000000       0x24 ..\obj\core_cm3.o
 .text.__LDREXH
                0x00000000       0x24 ..\obj\core_cm3.o
 .text.__LDREXW
                0x00000000       0x24 ..\obj\core_cm3.o
 .text.__STREXB
                0x00000000       0x2c ..\obj\core_cm3.o
 .text.__STREXH
                0x00000000       0x2c ..\obj\core_cm3.o
 .text.__STREXW
                0x00000000       0x28 ..\obj\core_cm3.o
 .text          0x00000000        0x0 ..\obj\system_stm32f10x.o
 .data          0x00000000       0x14 ..\obj\system_stm32f10x.o
 .bss           0x00000000        0x0 ..\obj\system_stm32f10x.o
 .text.SystemCoreClockUpdate
                0x00000000       0xe4 ..\obj\system_stm32f10x.o
 .text          0x00000000        0x0 ..\obj\sdcard.o
 .data          0x00000000        0x0 ..\obj\sdcard.o
 .bss           0x00000000        0x0 ..\obj\sdcard.o
 .rodata        0x00000000       0xfc ..\obj\sdcard.o
 .text.SPI_SS_HIGH
                0x00000000       0x24 ..\obj\sdcard.o
 .text.SPI_SS_LOW
                0x00000000       0x24 ..\obj\sdcard.o
 .text.spiTransferByte
                0x00000000       0x28 ..\obj\sdcard.o
 .text.spiTransferLong
                0x00000000       0xc8 ..\obj\sdcard.o
 .text.sdResponse
                0x00000000       0x4c ..\obj\sdcard.o
 .text.sdWaitWriteFinish
                0x00000000       0x44 ..\obj\sdcard.o
 .text.deselectCard
                0x00000000       0x20 ..\obj\sdcard.o
 .text.crc7update
                0x00000000       0x7c ..\obj\sdcard.o
 .text.sendCommand
                0x00000000      0x10c ..\obj\sdcard.o
 .text.sendCommand32
                0x00000000      0x184 ..\obj\sdcard.o
 .text.initialize
                0x00000000      0x344 ..\obj\sdcard.o
 .text.readSectors
                0x00000000      0x100 ..\obj\sdcard.o
 .text.readSectors2
                0x00000000      0x19c ..\obj\sdcard.o
 .text.writeSectors
                0x00000000      0x138 ..\obj\sdcard.o
 .text          0x00000000        0x0 ..\obj\STM32_USART.o
 .data          0x00000000        0x0 ..\obj\STM32_USART.o
 .bss           0x00000000        0x0 ..\obj\STM32_USART.o
 .text.STM_RCC_GetFlagStatus
                0x00000000       0x84 ..\obj\STM32_USART.o
 .text.STM_RCC_WaitForHSEStartUp
                0x00000000       0x64 ..\obj\STM32_USART.o
 .text.STM_RCC_Configuration
                0x00000000      0x130 ..\obj\STM32_USART.o
 COMMON         0x00000000        0x1 ..\obj\STM32_USART.o
 .text          0x00000000        0x0 ..\obj\main.o
 .bss           0x00000000        0x0 ..\obj\main.o
 COMMON         0x00000000        0x4 ..\obj\main.o
 .text          0x00000000        0x0 ..\obj\stm_spi_master.o
 .data          0x00000000        0x0 ..\obj\stm_spi_master.o
 .bss           0x00000000        0x0 ..\obj\stm_spi_master.o
 .text          0x00000000        0x0 ..\obj\printf.o
 .bss           0x00000000        0x0 ..\obj\printf.o
 .text.snprintf
                0x00000000       0x34 ..\obj\printf.o
 .text.fprintf  0x00000000       0x30 ..\obj\printf.o
 .text.sprintf  0x00000000       0x30 ..\obj\printf.o
 .text.puts     0x00000000       0x28 ..\obj\printf.o
 .text          0x00000000        0x0 ..\obj\stm32f10x_rcc.o
 .data          0x00000000       0x14 ..\obj\stm32f10x_rcc.o
 .bss           0x00000000        0x0 ..\obj\stm32f10x_rcc.o
 .text.RCC_DeInit
                0x00000000       0x64 ..\obj\stm32f10x_rcc.o
 .text.RCC_HSEConfig
                0x00000000       0x5c ..\obj\stm32f10x_rcc.o
 .text.RCC_WaitForHSEStartUp
                0x00000000       0x64 ..\obj\stm32f10x_rcc.o
 .text.RCC_AdjustHSICalibrationValue
                0x00000000       0x40 ..\obj\stm32f10x_rcc.o
 .text.RCC_HSICmd
                0x00000000       0x20 ..\obj\stm32f10x_rcc.o
 .text.RCC_PLLConfig
                0x00000000       0x44 ..\obj\stm32f10x_rcc.o
 .text.RCC_PLLCmd
                0x00000000       0x20 ..\obj\stm32f10x_rcc.o
 .text.RCC_PREDIV1Config
                0x00000000       0x48 ..\obj\stm32f10x_rcc.o
 .text.RCC_SYSCLKConfig
                0x00000000       0x3c ..\obj\stm32f10x_rcc.o
 .text.RCC_GetSYSCLKSource
                0x00000000       0x1c ..\obj\stm32f10x_rcc.o
 .text.RCC_HCLKConfig
                0x00000000       0x3c ..\obj\stm32f10x_rcc.o
 .text.RCC_PCLK1Config
                0x00000000       0x3c ..\obj\stm32f10x_rcc.o
 .text.RCC_PCLK2Config
                0x00000000       0x40 ..\obj\stm32f10x_rcc.o
 .text.RCC_ITConfig
                0x00000000       0x50 ..\obj\stm32f10x_rcc.o
 .text.RCC_USBCLKConfig
                0x00000000       0x1c ..\obj\stm32f10x_rcc.o
 .text.RCC_ADCCLKConfig
                0x00000000       0x3c ..\obj\stm32f10x_rcc.o
 .text.RCC_LSEConfig
                0x00000000       0x48 ..\obj\stm32f10x_rcc.o
 .text.RCC_LSICmd
                0x00000000       0x20 ..\obj\stm32f10x_rcc.o
 .text.RCC_RTCCLKConfig
                0x00000000       0x24 ..\obj\stm32f10x_rcc.o
 .text.RCC_RTCCLKCmd
                0x00000000       0x20 ..\obj\stm32f10x_rcc.o
 .text.RCC_GetClocksFreq
                0x00000000      0x17c ..\obj\stm32f10x_rcc.o
 .text.RCC_AHBPeriphClockCmd
                0x00000000       0x44 ..\obj\stm32f10x_rcc.o
 .text.RCC_APB2PeriphResetCmd
                0x00000000       0x44 ..\obj\stm32f10x_rcc.o
 .text.RCC_APB1PeriphResetCmd
                0x00000000       0x44 ..\obj\stm32f10x_rcc.o
 .text.RCC_BackupResetCmd
                0x00000000       0x20 ..\obj\stm32f10x_rcc.o
 .text.RCC_ClockSecuritySystemCmd
                0x00000000       0x20 ..\obj\stm32f10x_rcc.o
 .text.RCC_MCOConfig
                0x00000000       0x20 ..\obj\stm32f10x_rcc.o
 .text.RCC_GetFlagStatus
                0x00000000       0x84 ..\obj\stm32f10x_rcc.o
 .text.RCC_ClearFlag
                0x00000000       0x1c ..\obj\stm32f10x_rcc.o
 .text.RCC_GetITStatus
                0x00000000       0x40 ..\obj\stm32f10x_rcc.o
 .text.RCC_ClearITPendingBit
                0x00000000       0x20 ..\obj\stm32f10x_rcc.o
 .text          0x00000000        0x0 ..\obj\syscalls.o
 .data          0x00000000        0x0 ..\obj\syscalls.o
 .bss           0x00000000        0x4 ..\obj\syscalls.o
 .text._sbrk    0x00000000       0x40 ..\obj\syscalls.o
 .text.link     0x00000000       0x1c ..\obj\syscalls.o
 .text._close   0x00000000       0x18 ..\obj\syscalls.o
 .text._fstat   0x00000000       0x24 ..\obj\syscalls.o
 .text._isatty  0x00000000       0x18 ..\obj\syscalls.o
 .text._lseek   0x00000000       0x1c ..\obj\syscalls.o
 .text._read    0x00000000       0x1c ..\obj\syscalls.o
 .text._write   0x00000000       0x1c ..\obj\syscalls.o
 .text.abort    0x00000000        0x8 ..\obj\syscalls.o
 .text          0x00000000        0x0 ..\obj\mmc_driver.o
 .data          0x00000000        0x0 ..\obj\mmc_driver.o
 .bss           0x00000000        0x0 ..\obj\mmc_driver.o
 .text.MSD_WriteBlock
                0x00000000       0xa8 ..\obj\mmc_driver.o
 .text.MSD_ReadBlock
                0x00000000       0x94 ..\obj\mmc_driver.o
 .text.MSD_WriteBuffer
                0x00000000       0xfc ..\obj\mmc_driver.o
 .text.MSD_ReadBuffer
                0x00000000       0xe8 ..\obj\mmc_driver.o
 .text.MSD_GetCSDRegister
                0x00000000      0x31c ..\obj\mmc_driver.o
 .text.MSD_GetCIDRegister
                0x00000000      0x180 ..\obj\mmc_driver.o
 .text.MSD_GetDataResponse
                0x00000000       0x8c ..\obj\mmc_driver.o
 .text.MSD_GetStatus
                0x00000000       0x74 ..\obj\mmc_driver.o
 .text.MSD_GetBlockSize
                0x00000000       0x18 ..\obj\mmc_driver.o

Memory Configuration

Name             Origin             Length             Attributes
rom              0x08000000         0x00020000         xr
ram              0x20000000         0x00002000         xrw
*default*        0x00000000         0xffffffff

Linker script and memory map

                0x20002000                _eram = 0x20002000

.text           0x08000000     0x2d74
 *(.isr_vector .isr_vector.*)
 .isr_vector    0x08000000      0x124 ..\obj\startup_stm32f10x_md_vl.o
                0x08000000                g_pfnVectors
 *(.text .text.* .gnu.linkonce.t.*)
 .text.Default_Reset_Handler
                0x08000124       0x68 ..\obj\startup_stm32f10x_md_vl.o
                0x08000124                Default_Reset_Handler
                0x08000124                Reset_Handler
 .text.Default_Handler
                0x0800018c        0x8 ..\obj\startup_stm32f10x_md_vl.o
                0x0800018c                EXTI2_IRQHandler
                0x0800018c                DebugMon_Handler
                0x0800018c                TIM1_CC_IRQHandler
                0x0800018c                HardFault_Handler
                0x0800018c                SysTick_Handler
                0x0800018c                PVD_IRQHandler
                0x0800018c                PendSV_Handler
                0x0800018c                NMI_Handler
                0x0800018c                EXTI3_IRQHandler
                0x0800018c                EXTI0_IRQHandler
                0x0800018c                I2C2_EV_IRQHandler
                0x0800018c                TIM1_UP_TIM16_IRQHandler
                0x0800018c                UsageFault_Handler
                0x0800018c                TAMPER_IRQHandler
                0x0800018c                TIM6_DAC_IRQHandler
                0x0800018c                DMA1_Channel4_IRQHandler
                0x0800018c                ADC1_IRQHandler
                0x0800018c                USART3_IRQHandler
                0x0800018c                RTC_IRQHandler
                0x0800018c                DMA1_Channel7_IRQHandler
                0x0800018c                TIM4_IRQHandler
                0x0800018c                I2C1_EV_IRQHandler
                0x0800018c                DMA1_Channel6_IRQHandler
                0x0800018c                TIM3_IRQHandler
                0x0800018c                RCC_IRQHandler
                0x0800018c                DMA1_Channel1_IRQHandler
                0x0800018c                CEC_IRQHandler
                0x0800018c                EXTI15_10_IRQHandler
                0x0800018c                TIM7_IRQHandler
                0x0800018c                EXTI9_5_IRQHandler
                0x0800018c                MemManage_Handler
                0x0800018c                SVC_Handler
                0x0800018c                DMA1_Channel5_IRQHandler
                0x0800018c                EXTI4_IRQHandler
                0x0800018c                TIM1_TRG_COM_TIM17_IRQHandler
                0x0800018c                DMA1_Channel3_IRQHandler
                0x0800018c                WWDG_IRQHandler
                0x0800018c                TIM2_IRQHandler
                0x0800018c                EXTI1_IRQHandler
                0x0800018c                RTCAlarm_IRQHandler
                0x0800018c                USART2_IRQHandler
                0x0800018c                I2C2_ER_IRQHandler
                0x0800018c                DMA1_Channel2_IRQHandler
                0x0800018c                FLASH_IRQHandler
                0x0800018c                BusFault_Handler
                0x0800018c                USART1_IRQHandler
                0x0800018c                I2C1_ER_IRQHandler
                0x0800018c                TIM1_BRK_TIM15_IRQHandler
 .text.STM32_GetGPIO
                0x08000194       0x90 ..\obj\stm32_pio.o
 .text.STM32_PIO_Init
                0x08000224       0xb8 ..\obj\stm32_pio.o
 .text.STM32_PIO_SetDir
                0x080002dc      0x16c ..\obj\stm32_pio.o
 .text.STM32_PIO_Read
                0x08000448       0xe0 ..\obj\stm32_pio.o
 .text.STM32_PIO_Out
                0x08000528       0x74 ..\obj\stm32_pio.o
 .text.STM32_PIO_Cfg
                0x0800059c       0x24 ..\obj\stm32_pio.o
 .text.SystemInit
                0x080005c0       0x70 ..\obj\system_stm32f10x.o
                0x080005c0                SystemInit
 .text.SetSysClock
                0x08000630        0xc ..\obj\system_stm32f10x.o
 .text.SetSysClockTo24
                0x0800063c       0xdc ..\obj\system_stm32f10x.o
 .text.STM_GPIO_Init
                0x08000718      0x1c4 ..\obj\STM32_USART.o
                0x08000718                STM_GPIO_Init
 .text.STM_RCC_GetClockFreq
                0x080008dc      0x174 ..\obj\STM32_USART.o
                0x080008dc                STM_RCC_GetClockFreq
 .text.STM_UART_Init
                0x08000a50      0x31c ..\obj\STM32_USART.o
 .text.STM_UART_Write
                0x08000d6c       0x54 ..\obj\STM32_USART.o
 .text.STM_UART_Read
                0x08000dc0       0x54 ..\obj\STM32_USART.o
 .text.STM_UART_SetRate
                0x08000e14       0xc8 ..\obj\STM32_USART.o
 .text.STM_UART_Cfg
                0x08000edc      0x28c ..\obj\STM32_USART.o
 .text.STM_Serial1_Init
                0x08001168       0x20 ..\obj\STM32_USART.o
 .text.STM_Serial2_Init
                0x08001188       0x20 ..\obj\STM32_USART.o
 .text.STM_Serial3_Init
                0x080011a8       0x20 ..\obj\STM32_USART.o
 .text.STM_Serial1_Write
                0x080011c8       0x24 ..\obj\STM32_USART.o
 .text.STM_Serial2_Write
                0x080011ec       0x24 ..\obj\STM32_USART.o
 .text.STM_Serial3_Write
                0x08001210       0x24 ..\obj\STM32_USART.o
 .text.STM_Serial1_Read
                0x08001234       0x24 ..\obj\STM32_USART.o
 .text.STM_Serial2_Read
                0x08001258       0x24 ..\obj\STM32_USART.o
 .text.STM_Serial3_Read
                0x0800127c       0x24 ..\obj\STM32_USART.o
 .text.STM_Serial1_Cfg
                0x080012a0       0x2c ..\obj\STM32_USART.o
 .text.STM_Serial2_Cfg
                0x080012cc       0x2c ..\obj\STM32_USART.o
 .text.STM_Serial3_Cfg
                0x080012f8       0x2c ..\obj\STM32_USART.o
 .text.main     0x08001324      0x12c ..\obj\main.o
                0x08001324                main
 .text.SPI1_IRQHandler
                0x08001450        0xc ..\obj\stm_spi_master.o
                0x08001450                SPI1_IRQHandler
 .text.SPI2_IRQHandler
                0x0800145c        0xc ..\obj\stm_spi_master.o
                0x0800145c                SPI2_IRQHandler
 .text.STM32_SPI_SetRate
                0x08001468      0x1a8 ..\obj\stm_spi_master.o
 .text.STM32_SPI_Init
                0x08001610      0x24c ..\obj\stm_spi_master.o
 .text.STM32_SPI_ReadWrite
                0x0800185c       0x68 ..\obj\stm_spi_master.o
 .text.STM32_SPI_Write
                0x080018c4       0x78 ..\obj\stm_spi_master.o
 .text.STM32_SPI_Read
                0x0800193c       0x84 ..\obj\stm_spi_master.o
 .text.STM32_SPI_Cfg
                0x080019c0      0x190 ..\obj\stm_spi_master.o
 .text.STM32_SPI1_Init
                0x08001b50       0x28 ..\obj\stm_spi_master.o
 .text.STM32_SPI2_Init
                0x08001b78       0x28 ..\obj\stm_spi_master.o
 .text.STM32_SPI3_Init
                0x08001ba0       0x28 ..\obj\stm_spi_master.o
 .text.STM32_SPI1_ReadWrite
                0x08001bc8       0x20 ..\obj\stm_spi_master.o
 .text.STM32_SPI2_ReadWrite
                0x08001be8       0x20 ..\obj\stm_spi_master.o
 .text.STM32_SPI3_ReadWrite
                0x08001c08       0x20 ..\obj\stm_spi_master.o
 .text.STM32_SPI1_Write
                0x08001c28       0x24 ..\obj\stm_spi_master.o
 .text.STM32_SPI2_Write
                0x08001c4c       0x24 ..\obj\stm_spi_master.o
 .text.STM32_SPI3_Write
                0x08001c70       0x24 ..\obj\stm_spi_master.o
 .text.STM32_SPI1_Read
                0x08001c94       0x24 ..\obj\stm_spi_master.o
 .text.STM32_SPI2_Read
                0x08001cb8       0x24 ..\obj\stm_spi_master.o
 .text.STM32_SPI3_Read
                0x08001cdc       0x24 ..\obj\stm_spi_master.o
 .text.STM32_SPI1_Cfg
                0x08001d00       0x2c ..\obj\stm_spi_master.o
 .text.STM32_SPI2_Cfg
                0x08001d2c       0x2c ..\obj\stm_spi_master.o
 .text.STM32_SPI3_Cfg
                0x08001d58       0x2c ..\obj\stm_spi_master.o
 .text.PrintChar
                0x08001d84       0x2c ..\obj\printf.o
                0x08001d84                PrintChar
 .text.PutChar  0x08001db0       0x24 ..\obj\printf.o
                0x08001db0                PutChar
 .text.PutString
                0x08001dd4       0x48 ..\obj\printf.o
                0x08001dd4                PutString
 .text.PutUnsignedInt
                0x08001e1c       0xb4 ..\obj\printf.o
                0x08001e1c                PutUnsignedInt
 .text.PutSignedInt
                0x08001ed0      0x11c ..\obj\printf.o
                0x08001ed0                PutSignedInt
 .text.PutHexa  0x08001fec       0xe8 ..\obj\printf.o
                0x08001fec                PutHexa
 .text.vsnprintf
                0x080020d4      0x2a4 ..\obj\printf.o
                0x080020d4                vsnprintf
 .text.vsprintf
                0x08002378       0x28 ..\obj\printf.o
                0x08002378                vsprintf
 .text.vfprintf
                0x080023a0       0x68 ..\obj\printf.o
                0x080023a0                vfprintf
 .text.vprintf  0x08002408       0x2c ..\obj\printf.o
                0x08002408                vprintf
 .text.printf   0x08002434       0x2c ..\obj\printf.o
                0x08002434                printf
 .text.fputc    0x08002460       0x44 ..\obj\printf.o
                0x08002460                fputc
 .text.fputs    0x080024a4       0x50 ..\obj\printf.o
                0x080024a4                fputs
 .text.RCC_APB2PeriphClockCmd
                0x080024f4       0x44 ..\obj\stm32f10x_rcc.o
                0x080024f4                RCC_APB2PeriphClockCmd
 .text.RCC_APB1PeriphClockCmd
                0x08002538       0x44 ..\obj\stm32f10x_rcc.o
                0x08002538                RCC_APB1PeriphClockCmd
 .text.SS_LOW   0x0800257c       0x24 ..\obj\mmc_driver.o
                0x0800257c                SS_LOW
 .text.SS_HIGH  0x080025a0       0x24 ..\obj\mmc_driver.o
                0x080025a0                SS_HIGH
 .text.MSD_Init
                0x080025c4       0x68 ..\obj\mmc_driver.o
                0x080025c4                MSD_Init
 .text.crc7update
                0x0800262c       0x7c ..\obj\mmc_driver.o
                0x0800262c                crc7update
 .text.MSD_SendCmd
                0x080026a8       0xc4 ..\obj\mmc_driver.o
                0x080026a8                MSD_SendCmd
 .text.MSD_GetResponse
                0x0800276c       0x54 ..\obj\mmc_driver.o
                0x0800276c                MSD_GetResponse
 .text.MSD_GoIdleState
                0x080027c0      0x2e0 ..\obj\mmc_driver.o
                0x080027c0                MSD_GoIdleState
 .text.MSD_GetChipSize
                0x08002aa0       0xf8 ..\obj\mmc_driver.o
                0x08002aa0                MSD_GetChipSize
 *(.glue_7t)
 .glue_7t       0x00000000        0x0 linker stubs
 *(.glue_7)
 .glue_7        0x00000000        0x0 linker stubs
 *(.rodata .rodata* .gnu.linkonce.r.*)
 .rodata        0x08002b98       0x14 ..\obj\stm32_pio.o
                0x08002b98                pi_pio
 .rodata        0x08002bac       0x44 ..\obj\STM32_USART.o
                0x08002bc0                pi_serial1
                0x08002bd0                pi_serial2
                0x08002be0                pi_serial3
 .rodata        0x08002bf0       0x70 ..\obj\main.o
 .rodata        0x08002c60       0x3c ..\obj\stm_spi_master.o
                0x08002c60                pi_spi1
                0x08002c74                pi_spi2
                0x08002c88                pi_spi3
 .rodata        0x08002c9c       0x24 ..\obj\printf.o
 .rodata        0x08002cc0       0xb4 ..\obj\mmc_driver.o

.vfp11_veneer   0x08002d74        0x0
 .vfp11_veneer  0x00000000        0x0 linker stubs

.v4_bx          0x08002d74        0x0
 .v4_bx         0x00000000        0x0 linker stubs

.ARM.extab
 *(.ARM.extab* .gnu.linkonce.armextab.*)

.ARM.exidx
 *(.ARM.exidx* .gnu.linkonce.armexidx.*)
                0x08002d74                . = ALIGN (0x4)
                0x08002d74                _etext = .
                0x08002d74                _sidata = .

.data           0x20000000       0xf8 load address 0x08002d74
                0x20000000                _sdata = .
 *(.data .data.*)
 .data          0x20000000        0x4 ..\obj\main.o
                0x20000000                UART
 .data          0x20000004       0xf4 ..\obj\printf.o
                0x20000004                r
                0x200000f4                _impure_ptr
                0x200000f8                . = ALIGN (0x4)
                0x200000f8                _edata = .

.bss            0x200000f8        0x0
                0x200000f8                _sbss = .
 *(.bss .bss.*)
 *(COMMON)
                0x200000f8                . = ALIGN (0x4)
                0x200000f8                _ebss = .

.co_stack       0x200000f8      0x400 load address 0x08002e6c
                0x200000f8                . = ALIGN (0x8)
 *(.co_stack .co_stack.*)
 .co_stack      0x200000f8      0x400 ..\obj\startup_stm32f10x_md_vl.o
                0x200000f8                pulStack
                0x200004f8                . = ALIGN (0x4)
                0x200004f8                _end = .
LOAD ..\obj\startup_stm32f10x_md_vl.o
LOAD ..\obj\stm32_pio.o
LOAD ..\obj\core_cm3.o
LOAD ..\obj\system_stm32f10x.o
LOAD ..\obj\sdcard.o
LOAD ..\obj\STM32_USART.o
LOAD ..\obj\main.o
LOAD ..\obj\stm_spi_master.o
LOAD ..\obj\printf.o
LOAD ..\obj\stm32f10x_rcc.o
LOAD ..\obj\syscalls.o
LOAD ..\obj\mmc_driver.o
START GROUP
LOAD j:/cocenter/coide/gcc/bin/../lib/gcc/arm-none-eabi/4.5.2/thumb2\libgcc.a
LOAD j:/cocenter/coide/gcc/bin/../lib/gcc/arm-none-eabi/4.5.2/../../../../arm-none-eabi/lib/thumb2\libc.a
END GROUP
OUTPUT(STM32SDcard.elf elf32-littlearm)

.debug_abbrev   0x00000000     0x11c2
 .debug_abbrev  0x00000000       0xa3 ..\obj\startup_stm32f10x_md_vl.o
 .debug_abbrev  0x000000a3      0x14e ..\obj\stm32_pio.o
 .debug_abbrev  0x000001f1       0xd5 ..\obj\core_cm3.o
 .debug_abbrev  0x000002c6      0x17e ..\obj\system_stm32f10x.o
 .debug_abbrev  0x00000444      0x200 ..\obj\sdcard.o
 .debug_abbrev  0x00000644      0x214 ..\obj\STM32_USART.o
 .debug_abbrev  0x00000858      0x121 ..\obj\main.o
 .debug_abbrev  0x00000979      0x1a6 ..\obj\stm_spi_master.o
 .debug_abbrev  0x00000b1f      0x264 ..\obj\printf.o
 .debug_abbrev  0x00000d83      0x191 ..\obj\stm32f10x_rcc.o
 .debug_abbrev  0x00000f14       0xde ..\obj\syscalls.o
 .debug_abbrev  0x00000ff2      0x1d0 ..\obj\mmc_driver.o

.debug_info     0x00000000     0x630b
 .debug_info    0x00000000      0x131 ..\obj\startup_stm32f10x_md_vl.o
 .debug_info    0x00000131      0x52e ..\obj\stm32_pio.o
 .debug_info    0x0000065f      0x548 ..\obj\core_cm3.o
 .debug_info    0x00000ba7      0x433 ..\obj\system_stm32f10x.o
 .debug_info    0x00000fda      0x9fd ..\obj\sdcard.o
 .debug_info    0x000019d7      0xfc9 ..\obj\STM32_USART.o
 .debug_info    0x000029a0      0x53d ..\obj\main.o
 .debug_info    0x00002edd      0xaef ..\obj\stm_spi_master.o
 .debug_info    0x000039cc      0xff4 ..\obj\printf.o
 .debug_info    0x000049c0      0x976 ..\obj\stm32f10x_rcc.o
 .debug_info    0x00005336      0x440 ..\obj\syscalls.o
 .debug_info    0x00005776      0xb95 ..\obj\mmc_driver.o

.debug_line     0x00000000     0x2563
 .debug_line    0x00000000       0xa9 ..\obj\startup_stm32f10x_md_vl.o
 .debug_line    0x000000a9      0x273 ..\obj\stm32_pio.o
 .debug_line    0x0000031c      0x284 ..\obj\core_cm3.o
 .debug_line    0x000005a0      0x218 ..\obj\system_stm32f10x.o
 .debug_line    0x000007b8      0x4c3 ..\obj\sdcard.o
 .debug_line    0x00000c7b      0x4d1 ..\obj\STM32_USART.o
 .debug_line    0x0000114c      0x189 ..\obj\main.o
 .debug_line    0x000012d5      0x3ba ..\obj\stm_spi_master.o
 .debug_line    0x0000168f      0x433 ..\obj\printf.o
 .debug_line    0x00001ac2      0x491 ..\obj\stm32f10x_rcc.o
 .debug_line    0x00001f53      0x192 ..\obj\syscalls.o
 .debug_line    0x000020e5      0x47e ..\obj\mmc_driver.o

.debug_loc      0x00000000     0x2418
 .debug_loc     0x00000000       0x64 ..\obj\startup_stm32f10x_md_vl.o
 .debug_loc     0x00000064      0x150 ..\obj\stm32_pio.o
 .debug_loc     0x000001b4      0x3f0 ..\obj\core_cm3.o
 .debug_loc     0x000005a4       0xc8 ..\obj\system_stm32f10x.o
 .debug_loc     0x0000066c      0x310 ..\obj\sdcard.o
 .debug_loc     0x0000097c      0x4d2 ..\obj\STM32_USART.o
 .debug_loc     0x00000e4e       0x38 ..\obj\main.o
 .debug_loc     0x00000e86      0x4f0 ..\obj\stm_spi_master.o
 .debug_loc     0x00001376      0x3ea ..\obj\printf.o
 .debug_loc     0x00001760      0x714 ..\obj\stm32f10x_rcc.o
 .debug_loc     0x00001e74      0x1ec ..\obj\syscalls.o
 .debug_loc     0x00002060      0x3b8 ..\obj\mmc_driver.o

.debug_pubnames
                0x00000000      0x9e7
 .debug_pubnames
                0x00000000       0x4a ..\obj\startup_stm32f10x_md_vl.o
 .debug_pubnames
                0x0000004a       0x1d ..\obj\stm32_pio.o
 .debug_pubnames
                0x00000067      0x159 ..\obj\core_cm3.o
 .debug_pubnames
                0x000001c0       0x61 ..\obj\system_stm32f10x.o
 .debug_pubnames
                0x00000221       0xd5 ..\obj\sdcard.o
 .debug_pubnames
                0x000002f6       0xd1 ..\obj\STM32_USART.o
 .debug_pubnames
                0x000003c7       0x2c ..\obj\main.o
 .debug_pubnames
                0x000003f3       0x5e ..\obj\stm_spi_master.o
 .debug_pubnames
                0x00000451      0x101 ..\obj\printf.o
 .debug_pubnames
                0x00000552      0x2da ..\obj\stm32f10x_rcc.o
 .debug_pubnames
                0x0000082c       0x71 ..\obj\syscalls.o
 .debug_pubnames
                0x0000089d      0x14a ..\obj\mmc_driver.o

.debug_aranges  0x00000000      0x670
 .debug_aranges
                0x00000000       0x28 ..\obj\startup_stm32f10x_md_vl.o
 .debug_aranges
                0x00000028       0x48 ..\obj\stm32_pio.o
 .debug_aranges
                0x00000070       0xc8 ..\obj\core_cm3.o
 .debug_aranges
                0x00000138       0x38 ..\obj\system_stm32f10x.o
 .debug_aranges
                0x00000170       0x88 ..\obj\sdcard.o
 .debug_aranges
                0x000001f8       0xc8 ..\obj\STM32_USART.o
 .debug_aranges
                0x000002c0       0x20 ..\obj\main.o
 .debug_aranges
                0x000002e0       0xd0 ..\obj\stm_spi_master.o
 .debug_aranges
                0x000003b0       0xa0 ..\obj\printf.o
 .debug_aranges
                0x00000450      0x120 ..\obj\stm32f10x_rcc.o
 .debug_aranges
                0x00000570       0x60 ..\obj\syscalls.o
 .debug_aranges
                0x000005d0       0xa0 ..\obj\mmc_driver.o

.debug_ranges   0x00000000      0x5c8
 .debug_ranges  0x00000000       0x18 ..\obj\startup_stm32f10x_md_vl.o
 .debug_ranges  0x00000018       0x38 ..\obj\stm32_pio.o
 .debug_ranges  0x00000050       0xb8 ..\obj\core_cm3.o
 .debug_ranges  0x00000108       0x28 ..\obj\system_stm32f10x.o
 .debug_ranges  0x00000130       0x90 ..\obj\sdcard.o
 .debug_ranges  0x000001c0       0xb8 ..\obj\STM32_USART.o
 .debug_ranges  0x00000278       0x10 ..\obj\main.o
 .debug_ranges  0x00000288       0xc0 ..\obj\stm_spi_master.o
 .debug_ranges  0x00000348       0x90 ..\obj\printf.o
 .debug_ranges  0x000003d8      0x110 ..\obj\stm32f10x_rcc.o
 .debug_ranges  0x000004e8       0x50 ..\obj\syscalls.o
 .debug_ranges  0x00000538       0x90 ..\obj\mmc_driver.o

.debug_str      0x00000000     0x2131
 .debug_str     0x00000000       0xc3 ..\obj\startup_stm32f10x_md_vl.o
                                 0xe2 (size before relaxing)
 .debug_str     0x000000c3      0x1c1 ..\obj\stm32_pio.o
                                0x216 (size before relaxing)
 .debug_str     0x00000284      0x166 ..\obj\core_cm3.o
                                0x22d (size before relaxing)
 .debug_str     0x000003ea      0x121 ..\obj\system_stm32f10x.o
                                0x235 (size before relaxing)
 .debug_str     0x0000050b      0x20f ..\obj\sdcard.o
                                0x312 (size before relaxing)
 .debug_str     0x0000071a      0x924 ..\obj\STM32_USART.o
                                0xad6 (size before relaxing)
 .debug_str     0x0000103e      0x224 ..\obj\main.o
                                0x334 (size before relaxing)
 .debug_str     0x00001262      0x255 ..\obj\stm_spi_master.o
                                0x5ae (size before relaxing)
 .debug_str     0x000014b7      0x4a5 ..\obj\printf.o
                                0x61a (size before relaxing)
 .debug_str     0x0000195c      0x364 ..\obj\stm32f10x_rcc.o
                                0x5ce (size before relaxing)
 .debug_str     0x00001cc0      0x14b ..\obj\syscalls.o
                                0x253 (size before relaxing)
 .debug_str     0x00001e0b      0x326 ..\obj\mmc_driver.o
                                0x527 (size before relaxing)

.comment        0x00000000       0x3b
 .comment       0x00000000       0x2a ..\obj\startup_stm32f10x_md_vl.o
                                 0x2b (size before relaxing)
 .comment       0x00000000       0x2b ..\obj\stm32_pio.o
 .comment       0x00000000       0x2b ..\obj\core_cm3.o
 .comment       0x00000000       0x2b ..\obj\system_stm32f10x.o
 .comment       0x00000000       0x2b ..\obj\sdcard.o
 .comment       0x00000000       0x2b ..\obj\STM32_USART.o
 .comment       0x0000002a       0x11 ..\obj\main.o
                                 0x12 (size before relaxing)
 .comment       0x00000000       0x12 ..\obj\stm_spi_master.o
 .comment       0x00000000       0x2b ..\obj\printf.o
 .comment       0x00000000       0x2b ..\obj\stm32f10x_rcc.o
 .comment       0x00000000       0x2b ..\obj\syscalls.o
 .comment       0x00000000       0x2b ..\obj\mmc_driver.o

.ARM.attributes
                0x00000000       0x31
 .ARM.attributes
                0x00000000       0x31 ..\obj\startup_stm32f10x_md_vl.o
 .ARM.attributes
                0x00000031       0x31 ..\obj\stm32_pio.o
 .ARM.attributes
                0x00000062       0x31 ..\obj\core_cm3.o
 .ARM.attributes
                0x00000093       0x31 ..\obj\system_stm32f10x.o
 .ARM.attributes
                0x000000c4       0x31 ..\obj\sdcard.o
 .ARM.attributes
                0x000000f5       0x31 ..\obj\STM32_USART.o
 .ARM.attributes
                0x00000126       0x31 ..\obj\main.o
 .ARM.attributes
                0x00000157       0x31 ..\obj\stm_spi_master.o
 .ARM.attributes
                0x00000188       0x31 ..\obj\printf.o
 .ARM.attributes
                0x000001b9       0x31 ..\obj\stm32f10x_rcc.o
 .ARM.attributes
                0x000001ea       0x31 ..\obj\syscalls.o
 .ARM.attributes
                0x0000021b       0x31 ..\obj\mmc_driver.o

.debug_frame    0x00000000     0x14bc
 .debug_frame   0x00000000       0x48 ..\obj\startup_stm32f10x_md_vl.o
 .debug_frame   0x00000048       0xc8 ..\obj\stm32_pio.o
 .debug_frame   0x00000110      0x280 ..\obj\core_cm3.o
 .debug_frame   0x00000390       0x80 ..\obj\system_stm32f10x.o
 .debug_frame   0x00000410      0x1cc ..\obj\sdcard.o
 .debug_frame   0x000005dc      0x2bc ..\obj\STM32_USART.o
 .debug_frame   0x00000898       0x30 ..\obj\main.o
 .debug_frame   0x000008c8      0x2d8 ..\obj\stm_spi_master.o
 .debug_frame   0x00000ba0      0x248 ..\obj\printf.o
 .debug_frame   0x00000de8      0x3a4 ..\obj\stm32f10x_rcc.o
 .debug_frame   0x0000118c      0x108 ..\obj\syscalls.o
 .debug_frame   0x00001294      0x228 ..\obj\mmc_driver.o

.debug_pubtypes
                0x00000000      0x789
 .debug_pubtypes
                0x00000000       0x68 ..\obj\stm32_pio.o
 .debug_pubtypes
                0x00000068       0x50 ..\obj\core_cm3.o
 .debug_pubtypes
                0x000000b8       0x55 ..\obj\system_stm32f10x.o
 .debug_pubtypes
                0x0000010d       0x5c ..\obj\sdcard.o
 .debug_pubtypes
                0x00000169      0x20b ..\obj\STM32_USART.o
 .debug_pubtypes
                0x00000374       0x6d ..\obj\main.o
 .debug_pubtypes
                0x000003e1       0x78 ..\obj\stm_spi_master.o
 .debug_pubtypes
                0x00000459      0x161 ..\obj\printf.o
 .debug_pubtypes
                0x000005ba       0x9e ..\obj\stm32f10x_rcc.o
 .debug_pubtypes
                0x00000658       0xaa ..\obj\syscalls.o
 .debug_pubtypes
                0x00000702       0x87 ..\obj\mmc_driver.o
