
Allocating common symbols
Common symbol       size              file

taskB_stk           0x200             ..\obj\CoOSAppFramework.o
taskC_stk           0x200             ..\obj\CoOSAppFramework.o
taskA_stk           0x200             ..\obj\CoOSAppFramework.o

Discarded input sections

 .text          0x00000000        0x0 ..\obj\kernelHeap.o
 .data          0x00000000        0x0 ..\obj\kernelHeap.o
 .bss           0x00000000       0xd4 ..\obj\kernelHeap.o
 .text.CoCreateKheap
                0x00000000       0x4c ..\obj\kernelHeap.o
 .text.CoKmalloc
                0x00000000      0x184 ..\obj\kernelHeap.o
 .text.CoKfree  0x00000000      0x308 ..\obj\kernelHeap.o
 .text.GetPreFMB
                0x00000000       0x38 ..\obj\kernelHeap.o
 .text          0x00000000        0x0 ..\obj\core.o
 .data          0x00000000        0x0 ..\obj\core.o
 .bss           0x00000000        0x3 ..\obj\core.o
 .text.CoEnterISR
                0x00000000       0x10 ..\obj\core.o
 .text.CoExitISR
                0x00000000       0x50 ..\obj\core.o
 .text.OsSchedUnlock
                0x00000000       0x50 ..\obj\core.o
 .text.CoSchedLock
                0x00000000       0x20 ..\obj\core.o
 .text.CoSchedUnlock
                0x00000000        0xc ..\obj\core.o
 .text.CoInitOS
                0x00000000       0x84 ..\obj\core.o
 .text.CoStartOS
                0x00000000       0x38 ..\obj\core.o
 .text.CoGetOSVersion
                0x00000000       0x10 ..\obj\core.o
 .text          0x00000000        0x0 ..\obj\timer.o
 .data          0x00000000        0x0 ..\obj\timer.o
 .bss           0x00000000       0x38 ..\obj\timer.o
 .text.InsertTmrList
                0x00000000      0x248 ..\obj\timer.o
 .text.RemoveTmrList
                0x00000000       0xec ..\obj\timer.o
 .text.CoCreateTmr
                0x00000000      0x174 ..\obj\timer.o
 .text.CoStartTmr
                0x00000000       0x88 ..\obj\timer.o
 .text.CoStopTmr
                0x00000000       0x88 ..\obj\timer.o
 .text.CoDelTmr
                0x00000000       0x84 ..\obj\timer.o
 .text.CoGetCurTmrCnt
                0x00000000       0x7c ..\obj\timer.o
 .text.CoSetTmrCnt
                0x00000000       0xac ..\obj\timer.o
 .text.TmrDispose
                0x00000000       0x7c ..\obj\timer.o
 .text.isr_TmrDispose
                0x00000000       0x34 ..\obj\timer.o
 .text          0x00000000        0x0 ..\obj\utility.o
 .data          0x00000000        0x0 ..\obj\utility.o
 .bss           0x00000000        0x0 ..\obj\utility.o
 .text.CoTickToTime
                0x00000000       0xc0 ..\obj\utility.o
 .text.CoTimeToTick
                0x00000000       0x8c ..\obj\utility.o
 .text          0x00000000        0x0 ..\obj\task.o
 .data          0x00000000        0x0 ..\obj\task.o
 .bss           0x00000000      0x188 ..\obj\task.o
 .text.CreateTCBList
                0x00000000       0x74 ..\obj\task.o
 .text.InsertToTCBRdyList
                0x00000000      0x108 ..\obj\task.o
 .text.RemoveFromTCBRdyList
                0x00000000       0x94 ..\obj\task.o
 .text.CoSetPriority
                0x00000000      0x1dc ..\obj\task.o
 .text.Schedule
                0x00000000      0x164 ..\obj\task.o
 .text.AssignTCB
                0x00000000       0x50 ..\obj\task.o
 .text.CreateTask
                0x00000000      0x14c ..\obj\task.o
 .text.CoDelTask
                0x00000000      0x12c ..\obj\task.o
 .text.CoExitTask
                0x00000000       0x18 ..\obj\task.o
 .text.CoGetCurTaskID
                0x00000000       0x18 ..\obj\task.o
 .text.CoSuspendTask
                0x00000000       0xb4 ..\obj\task.o
 .text.CoAwakeTask
                0x00000000       0xb8 ..\obj\task.o
 .text          0x00000000        0x0 ..\obj\serviceReq.o
 .data          0x00000000        0x0 ..\obj\serviceReq.o
 .bss           0x00000000       0x30 ..\obj\serviceReq.o
 .text.InsertInSRQ
                0x00000000       0xa0 ..\obj\serviceReq.o
 .text.RespondSRQ
                0x00000000      0x11c ..\obj\serviceReq.o
 .text          0x00000000        0x0 ..\obj\mbox.o
 .data          0x00000000        0x0 ..\obj\mbox.o
 .bss           0x00000000        0x0 ..\obj\mbox.o
 .text.CoCreateMbox
                0x00000000       0x40 ..\obj\mbox.o
 .text.CoDelMbox
                0x00000000       0x54 ..\obj\mbox.o
 .text.CoAcceptMail
                0x00000000       0xa8 ..\obj\mbox.o
 .text.CoPendMail
                0x00000000      0x158 ..\obj\mbox.o
 .text.CoPostMail
                0x00000000       0x84 ..\obj\mbox.o
 .text.isr_PostMail
                0x00000000       0x50 ..\obj\mbox.o
 .text          0x00000000        0x0 ..\obj\mm.o
 .data          0x00000000        0x0 ..\obj\mm.o
 .bss           0x00000000       0x24 ..\obj\mm.o
 .text.CoCreateMemPartition
                0x00000000      0x140 ..\obj\mm.o
 .text.CoDelMemoryPartition
                0x00000000       0xa8 ..\obj\mm.o
 .text.CoGetFreeBlockNum
                0x00000000       0xa8 ..\obj\mm.o
 .text.CoGetMemoryBuffer
                0x00000000       0x90 ..\obj\mm.o
 .text.CoFreeMemoryBuffer
                0x00000000       0xe0 ..\obj\mm.o
 .text          0x00000000        0x0 ..\obj\time.o
 .data          0x00000000        0x0 ..\obj\time.o
 .bss           0x00000000        0x4 ..\obj\time.o
 .text.InsertDelayList
                0x00000000       0xf4 ..\obj\time.o
 .text.RemoveDelayList
                0x00000000       0xc0 ..\obj\time.o
 .text.CoGetOSTime
                0x00000000       0x18 ..\obj\time.o
 .text.CoTickDelay
                0x00000000       0x7c ..\obj\time.o
 .text.CoResetTaskDelayTick
                0x00000000       0x8c ..\obj\time.o
 .text.CoTimeDelay
                0x00000000       0xb4 ..\obj\time.o
 .text.TimeDispose
                0x00000000       0x7c ..\obj\time.o
 .text.isr_TimeDispose
                0x00000000       0x34 ..\obj\time.o
 .text          0x00000000        0x0 ..\obj\event.o
 .data          0x00000000        0x0 ..\obj\event.o
 .bss           0x00000000      0x144 ..\obj\event.o
 .text.CreateEventList
                0x00000000       0x88 ..\obj\event.o
 .text.ReleaseECB
                0x00000000       0x48 ..\obj\event.o
 .text.CreatEvent
                0x00000000       0x90 ..\obj\event.o
 .text.DeleteEvent
                0x00000000       0x98 ..\obj\event.o
 .text.EventTaskToWait
                0x00000000      0x10c ..\obj\event.o
 .text.EventTaskToRdy
                0x00000000      0x128 ..\obj\event.o
 .text.RemoveEventWaittingList
                0x00000000       0xac ..\obj\event.o
 .text          0x00000000        0x0 ..\obj\CoOSAppFramework.o
 .data          0x00000000        0x0 ..\obj\CoOSAppFramework.o
 .bss           0x00000000        0x0 ..\obj\CoOSAppFramework.o
 .text.taskA    0x00000000       0x1c ..\obj\CoOSAppFramework.o
 .text.taskB    0x00000000       0x1c ..\obj\CoOSAppFramework.o
 .text.taskC    0x00000000       0x1c ..\obj\CoOSAppFramework.o
 .text.main     0x00000000       0x58 ..\obj\CoOSAppFramework.o
 COMMON         0x00000000      0x600 ..\obj\CoOSAppFramework.o
 .text          0x00000000        0x0 ..\obj\port.o
 .data          0x00000000        0xc ..\obj\port.o
 .bss           0x00000000        0x0 ..\obj\port.o
 .text.Inc8     0x00000000       0x34 ..\obj\port.o
 .text.Dec8     0x00000000       0x30 ..\obj\port.o
 .text.IRQ_ENABLE_RESTORE
                0x00000000        0xc ..\obj\port.o
 .text.IRQ_DISABLE_SAVE
                0x00000000        0xc ..\obj\port.o
 .text.SetEnvironment
                0x00000000        0xc ..\obj\port.o
 .text.SwitchContext
                0x00000000       0x14 ..\obj\port.o
 .text.PendSV_Handler
                0x00000000       0x3c ..\obj\port.o
 .text          0x00000000        0x0 ..\obj\queue.o
 .data          0x00000000        0x0 ..\obj\queue.o
 .bss           0x00000000       0x24 ..\obj\queue.o
 .text.CoCreateQueue
                0x00000000      0x12c ..\obj\queue.o
 .text.CoDelQueue
                0x00000000       0xb4 ..\obj\queue.o
 .text.CoAcceptQueueMail
                0x00000000       0xdc ..\obj\queue.o
 .text.CoPendQueueMail
                0x00000000      0x188 ..\obj\queue.o
 .text.CoPostQueueMail
                0x00000000       0xc4 ..\obj\queue.o
 .text.isr_PostQueueMail
                0x00000000       0x50 ..\obj\queue.o
 .text          0x00000000        0x0 ..\obj\mutex.o
 .data          0x00000000        0x0 ..\obj\mutex.o
 .bss           0x00000000       0x54 ..\obj\mutex.o
 .text.CoCreateMutex
                0x00000000       0x8c ..\obj\mutex.o
 .text.CoEnterMutexSection
                0x00000000      0x198 ..\obj\mutex.o
 .text.CoLeaveMutexSection
                0x00000000      0x14c ..\obj\mutex.o
 .text.RemoveMutexList
                0x00000000      0x108 ..\obj\mutex.o
 .text          0x00000000        0x0 ..\obj\flag.o
 .data          0x00000000        0x0 ..\obj\flag.o
 .bss           0x00000000       0x14 ..\obj\flag.o
 .text.CoCreateFlag
                0x00000000       0xa4 ..\obj\flag.o
 .text.CoDelFlag
                0x00000000      0x13c ..\obj\flag.o
 .text.CoAcceptSingleFlag
                0x00000000       0x9c ..\obj\flag.o
 .text.CoAcceptMultipleFlags
                0x00000000       0xd8 ..\obj\flag.o
 .text.CoWaitForSingleFlag
                0x00000000      0x1b4 ..\obj\flag.o
 .text.CoWaitForMultipleFlags
                0x00000000      0x1fc ..\obj\flag.o
 .text.CoClearFlag
                0x00000000       0x64 ..\obj\flag.o
 .text.CoSetFlag
                0x00000000      0x118 ..\obj\flag.o
 .text.isr_SetFlag
                0x00000000       0x50 ..\obj\flag.o
 .text.FlagBlock
                0x00000000       0x80 ..\obj\flag.o
 .text.RemoveFromLink
                0x00000000       0x58 ..\obj\flag.o
 .text.RemoveLinkNode
                0x00000000       0x90 ..\obj\flag.o
 .text          0x00000000        0x0 ..\obj\arch.o
 .data          0x00000000        0x0 ..\obj\arch.o
 .bss           0x00000000        0x8 ..\obj\arch.o
 .text.InitTaskContext
                0x00000000       0x5c ..\obj\arch.o
 .text.SysTick_Handler
                0x00000000       0xac ..\obj\arch.o
 .text          0x00000000        0x0 ..\obj\sem.o
 .data          0x00000000        0x0 ..\obj\sem.o
 .bss           0x00000000        0x0 ..\obj\sem.o
 .text.CoCreateSem
                0x00000000       0x6c ..\obj\sem.o
 .text.CoDelSem
                0x00000000       0x54 ..\obj\sem.o
 .text.CoAcceptSem
                0x00000000       0x80 ..\obj\sem.o
 .text.CoPendSem
                0x00000000      0x108 ..\obj\sem.o
 .text.CoPostSem
                0x00000000       0x88 ..\obj\sem.o
 .text.isr_PostSem
                0x00000000       0x50 ..\obj\sem.o
 .text          0x00000000        0x0 ..\obj\hook.o
 .data          0x00000000        0x0 ..\obj\hook.o
 .bss           0x00000000        0x0 ..\obj\hook.o
 .text.CoIdleTask
                0x00000000        0xc ..\obj\hook.o
 .text.CoStkOverflowHook
                0x00000000        0xc ..\obj\hook.o

Memory Configuration

Name             Origin             Length             Attributes
rom              0x00000000         0x00020000         xr
ram              0x20000000         0x00004000         xrw
*default*        0x00000000         0xffffffff

Linker script and memory map

                0x20004000                _eram = 0x20004000

.text           0x00000000        0x0
 *(.isr_vector .isr_vector.*)
 *(.text .text.* .gnu.linkonce.t.*)
 *(.glue_7t)
 .glue_7t       0x00000000        0x0 linker stubs
 *(.glue_7)
 .glue_7        0x00000000        0x0 linker stubs
 *(.rodata .rodata* .gnu.linkonce.r.*)

.vfp11_veneer   0x00000000        0x0
 .vfp11_veneer  0x00000000        0x0 linker stubs

.v4_bx          0x00000000        0x0
 .v4_bx         0x00000000        0x0 linker stubs

.ARM.extab
 *(.ARM.extab* .gnu.linkonce.armextab.*)

.ARM.exidx
 *(.ARM.exidx* .gnu.linkonce.armexidx.*)
                0x00000000                . = ALIGN (0x4)
                0x00000000                _etext = .
                0x00000000                _sidata = .

.data           0x20000000        0x0 load address 0x00000000
                0x20000000                _sdata = .
 *(.data .data.*)
                0x20000000                . = ALIGN (0x4)
                0x20000000                _edata = .

.bss            0x20000000        0x0
                0x20000000                _sbss = .
 *(.bss .bss.*)
 *(COMMON)
                0x20000000                . = ALIGN (0x4)
                0x20000000                _ebss = .

.co_stack       0x20000000        0x0
                0x20000000                . = ALIGN (0x8)
 *(.co_stack .co_stack.*)
                0x20000000                . = ALIGN (0x4)
                0x20000000                _end = .
LOAD ..\obj\kernelHeap.o
LOAD ..\obj\core.o
LOAD ..\obj\timer.o
LOAD ..\obj\utility.o
LOAD ..\obj\task.o
LOAD ..\obj\serviceReq.o
LOAD ..\obj\mbox.o
LOAD ..\obj\mm.o
LOAD ..\obj\time.o
LOAD ..\obj\event.o
LOAD ..\obj\CoOSAppFramework.o
LOAD ..\obj\port.o
LOAD ..\obj\queue.o
LOAD ..\obj\mutex.o
LOAD ..\obj\flag.o
LOAD ..\obj\arch.o
LOAD ..\obj\sem.o
LOAD ..\obj\hook.o
START GROUP
LOAD j:/cocenter/cooide/gcc/sourcery g++ lite/bin/../lib/gcc/arm-none-eabi/4.5.2/thumb2\libgcc.a
LOAD j:/cocenter/cooide/gcc/sourcery g++ lite/bin/../lib/gcc/arm-none-eabi/4.5.2/../../../../arm-none-eabi/lib/thumb2\libc.a
END GROUP
OUTPUT(blinkos.elf elf32-littlearm)

.debug_abbrev   0x00000000     0x1590
 .debug_abbrev  0x00000000      0x147 ..\obj\kernelHeap.o
 .debug_abbrev  0x00000147       0xdb ..\obj\core.o
 .debug_abbrev  0x00000222      0x16d ..\obj\timer.o
 .debug_abbrev  0x0000038f       0xac ..\obj\utility.o
 .debug_abbrev  0x0000043b      0x1c7 ..\obj\task.o
 .debug_abbrev  0x00000602      0x123 ..\obj\serviceReq.o
 .debug_abbrev  0x00000725      0x15d ..\obj\mbox.o
 .debug_abbrev  0x00000882      0x104 ..\obj\mm.o
 .debug_abbrev  0x00000986      0x186 ..\obj\time.o
 .debug_abbrev  0x00000b0c      0x198 ..\obj\event.o
 .debug_abbrev  0x00000ca4       0xbe ..\obj\CoOSAppFramework.o
 .debug_abbrev  0x00000d62       0xf4 ..\obj\port.o
 .debug_abbrev  0x00000e56      0x17d ..\obj\queue.o
 .debug_abbrev  0x00000fd3      0x15d ..\obj\mutex.o
 .debug_abbrev  0x00001130      0x18a ..\obj\flag.o
 .debug_abbrev  0x000012ba      0x10f ..\obj\arch.o
 .debug_abbrev  0x000013c9      0x13f ..\obj\sem.o
 .debug_abbrev  0x00001508       0x88 ..\obj\hook.o

.debug_info     0x00000000     0x45fd
 .debug_info    0x00000000      0x32a ..\obj\kernelHeap.o
 .debug_info    0x0000032a      0x37c ..\obj\core.o
 .debug_info    0x000006a6      0x44c ..\obj\timer.o
 .debug_info    0x00000af2      0x171 ..\obj\utility.o
 .debug_info    0x00000c63      0x7ed ..\obj\task.o
 .debug_info    0x00001450      0x232 ..\obj\serviceReq.o
 .debug_info    0x00001682      0x48f ..\obj\mbox.o
 .debug_info    0x00001b11      0x34c ..\obj\mm.o
 .debug_info    0x00001e5d      0x497 ..\obj\time.o
 .debug_info    0x000022f4      0x543 ..\obj\event.o
 .debug_info    0x00002837      0x196 ..\obj\CoOSAppFramework.o
 .debug_info    0x000029cd      0x1b4 ..\obj\port.o
 .debug_info    0x00002b81      0x5d1 ..\obj\queue.o
 .debug_info    0x00003152      0x532 ..\obj\mutex.o
 .debug_info    0x00003684      0x6e4 ..\obj\flag.o
 .debug_info    0x00003d68      0x381 ..\obj\arch.o
 .debug_info    0x000040e9      0x44f ..\obj\sem.o
 .debug_info    0x00004538       0xc5 ..\obj\hook.o

.debug_line     0x00000000     0x2781
 .debug_line    0x00000000      0x28c ..\obj\kernelHeap.o
 .debug_line    0x0000028c      0x1fe ..\obj\core.o
 .debug_line    0x0000048a      0x2c4 ..\obj\timer.o
 .debug_line    0x0000074e      0x194 ..\obj\utility.o
 .debug_line    0x000008e2      0x37e ..\obj\task.o
 .debug_line    0x00000c60      0x1b8 ..\obj\serviceReq.o
 .debug_line    0x00000e18      0x216 ..\obj\mbox.o
 .debug_line    0x0000102e      0x22d ..\obj\mm.o
 .debug_line    0x0000125b      0x278 ..\obj\time.o
 .debug_line    0x000014d3      0x28d ..\obj\event.o
 .debug_line    0x00001760      0x11e ..\obj\CoOSAppFramework.o
 .debug_line    0x0000187e      0x21a ..\obj\port.o
 .debug_line    0x00001a98      0x24c ..\obj\queue.o
 .debug_line    0x00001ce4      0x237 ..\obj\mutex.o
 .debug_line    0x00001f1b      0x346 ..\obj\flag.o
 .debug_line    0x00002261      0x190 ..\obj\arch.o
 .debug_line    0x000023f1      0x20e ..\obj\sem.o
 .debug_line    0x000025ff      0x182 ..\obj\hook.o

.debug_macinfo  0x00000000    0x34080
 .debug_macinfo
                0x00000000     0x2e79 ..\obj\kernelHeap.o
 .debug_macinfo
                0x00002e79     0x2e79 ..\obj\core.o
 .debug_macinfo
                0x00005cf2     0x2e79 ..\obj\timer.o
 .debug_macinfo
                0x00008b6b     0x2e79 ..\obj\utility.o
 .debug_macinfo
                0x0000b9e4     0x2e94 ..\obj\task.o
 .debug_macinfo
                0x0000e878     0x2e79 ..\obj\serviceReq.o
 .debug_macinfo
                0x000116f1     0x2e79 ..\obj\mbox.o
 .debug_macinfo
                0x0001456a     0x2e79 ..\obj\mm.o
 .debug_macinfo
                0x000173e3     0x2e79 ..\obj\time.o
 .debug_macinfo
                0x0001a25c     0x2e79 ..\obj\event.o
 .debug_macinfo
                0x0001d0d5     0x2a4a ..\obj\CoOSAppFramework.o
 .debug_macinfo
                0x0001fb1f     0x2e79 ..\obj\port.o
 .debug_macinfo
                0x00022998     0x2e79 ..\obj\queue.o
 .debug_macinfo
                0x00025811     0x2e79 ..\obj\mutex.o
 .debug_macinfo
                0x0002868a     0x2e8b ..\obj\flag.o
 .debug_macinfo
                0x0002b515     0x2e79 ..\obj\arch.o
 .debug_macinfo
                0x0002e38e     0x2e79 ..\obj\sem.o
 .debug_macinfo
                0x00031207     0x2e79 ..\obj\hook.o

.debug_loc      0x00000000     0x15e8
 .debug_loc     0x00000000       0xd4 ..\obj\kernelHeap.o
 .debug_loc     0x000000d4      0x160 ..\obj\core.o
 .debug_loc     0x00000234      0x224 ..\obj\timer.o
 .debug_loc     0x00000458       0x70 ..\obj\utility.o
 .debug_loc     0x000004c8      0x288 ..\obj\task.o
 .debug_loc     0x00000750       0x70 ..\obj\serviceReq.o
 .debug_loc     0x000007c0      0x150 ..\obj\mbox.o
 .debug_loc     0x00000910      0x118 ..\obj\mm.o
 .debug_loc     0x00000a28      0x1a8 ..\obj\time.o
 .debug_loc     0x00000bd0      0x188 ..\obj\event.o
 .debug_loc     0x00000d58       0xd4 ..\obj\CoOSAppFramework.o
 .debug_loc     0x00000e2c       0xc8 ..\obj\port.o
 .debug_loc     0x00000ef4      0x150 ..\obj\queue.o
 .debug_loc     0x00001044       0xe0 ..\obj\mutex.o
 .debug_loc     0x00001124      0x2a0 ..\obj\flag.o
 .debug_loc     0x000013c4       0x64 ..\obj\arch.o
 .debug_loc     0x00001428      0x150 ..\obj\sem.o
 .debug_loc     0x00001578       0x70 ..\obj\hook.o

.debug_pubnames
                0x00000000      0xa2b
 .debug_pubnames
                0x00000000       0x63 ..\obj\kernelHeap.o
 .debug_pubnames
                0x00000063       0xc3 ..\obj\core.o
 .debug_pubnames
                0x00000126       0xb8 ..\obj\timer.o
 .debug_pubnames
                0x000001de       0x34 ..\obj\utility.o
 .debug_pubnames
                0x00000212      0x12e ..\obj\task.o
 .debug_pubnames
                0x00000340       0x64 ..\obj\serviceReq.o
 .debug_pubnames
                0x000003a4       0x71 ..\obj\mbox.o
 .debug_pubnames
                0x00000415       0xa8 ..\obj\mm.o
 .debug_pubnames
                0x000004bd       0xb3 ..\obj\time.o
 .debug_pubnames
                0x00000570       0xa7 ..\obj\event.o
 .debug_pubnames
                0x00000617       0x63 ..\obj\CoOSAppFramework.o
 .debug_pubnames
                0x0000067a       0xba ..\obj\port.o
 .debug_pubnames
                0x00000734       0xa6 ..\obj\queue.o
 .debug_pubnames
                0x000007da       0x85 ..\obj\mutex.o
 .debug_pubnames
                0x0000085f       0xe2 ..\obj\flag.o
 .debug_pubnames
                0x00000941       0x48 ..\obj\arch.o
 .debug_pubnames
                0x00000989       0x6b ..\obj\sem.o
 .debug_pubnames
                0x000009f4       0x37 ..\obj\hook.o

.debug_pubtypes
                0x00000000      0x9b7
 .debug_pubtypes
                0x00000000       0x6c ..\obj\kernelHeap.o
 .debug_pubtypes
                0x0000006c       0x8f ..\obj\core.o
 .debug_pubtypes
                0x000000fb       0x80 ..\obj\timer.o
 .debug_pubtypes
                0x0000017b       0x38 ..\obj\utility.o
 .debug_pubtypes
                0x000001b3       0xe9 ..\obj\task.o
 .debug_pubtypes
                0x0000029c       0x63 ..\obj\serviceReq.o
 .debug_pubtypes
                0x000002ff       0xa2 ..\obj\mbox.o
 .debug_pubtypes
                0x000003a1       0x74 ..\obj\mm.o
 .debug_pubtypes
                0x00000415       0xa3 ..\obj\time.o
 .debug_pubtypes
                0x000004b8       0xbf ..\obj\event.o
 .debug_pubtypes
                0x00000577       0x1d ..\obj\CoOSAppFramework.o
 .debug_pubtypes
                0x00000594       0x2c ..\obj\port.o
 .debug_pubtypes
                0x000005c0       0xbe ..\obj\queue.o
 .debug_pubtypes
                0x0000067e       0xd5 ..\obj\mutex.o
 .debug_pubtypes
                0x00000753       0xdd ..\obj\flag.o
 .debug_pubtypes
                0x00000830       0xc1 ..\obj\arch.o
 .debug_pubtypes
                0x000008f1       0xa2 ..\obj\sem.o
 .debug_pubtypes
                0x00000993       0x24 ..\obj\hook.o

.debug_aranges  0x00000000      0x508
 .debug_aranges
                0x00000000       0x38 ..\obj\kernelHeap.o
 .debug_aranges
                0x00000038       0x58 ..\obj\core.o
 .debug_aranges
                0x00000090       0x68 ..\obj\timer.o
 .debug_aranges
                0x000000f8       0x28 ..\obj\utility.o
 .debug_aranges
                0x00000120       0x78 ..\obj\task.o
 .debug_aranges
                0x00000198       0x28 ..\obj\serviceReq.o
 .debug_aranges
                0x000001c0       0x48 ..\obj\mbox.o
 .debug_aranges
                0x00000208       0x40 ..\obj\mm.o
 .debug_aranges
                0x00000248       0x58 ..\obj\time.o
 .debug_aranges
                0x000002a0       0x50 ..\obj\event.o
 .debug_aranges
                0x000002f0       0x38 ..\obj\CoOSAppFramework.o
 .debug_aranges
                0x00000328       0x50 ..\obj\port.o
 .debug_aranges
                0x00000378       0x48 ..\obj\queue.o
 .debug_aranges
                0x000003c0       0x38 ..\obj\mutex.o
 .debug_aranges
                0x000003f8       0x78 ..\obj\flag.o
 .debug_aranges
                0x00000470       0x28 ..\obj\arch.o
 .debug_aranges
                0x00000498       0x48 ..\obj\sem.o
 .debug_aranges
                0x000004e0       0x28 ..\obj\hook.o

.debug_ranges   0x00000000      0x3e8
 .debug_ranges  0x00000000       0x28 ..\obj\kernelHeap.o
 .debug_ranges  0x00000028       0x48 ..\obj\core.o
 .debug_ranges  0x00000070       0x58 ..\obj\timer.o
 .debug_ranges  0x000000c8       0x18 ..\obj\utility.o
 .debug_ranges  0x000000e0       0x68 ..\obj\task.o
 .debug_ranges  0x00000148       0x18 ..\obj\serviceReq.o
 .debug_ranges  0x00000160       0x38 ..\obj\mbox.o
 .debug_ranges  0x00000198       0x30 ..\obj\mm.o
 .debug_ranges  0x000001c8       0x48 ..\obj\time.o
 .debug_ranges  0x00000210       0x40 ..\obj\event.o
 .debug_ranges  0x00000250       0x28 ..\obj\CoOSAppFramework.o
 .debug_ranges  0x00000278       0x40 ..\obj\port.o
 .debug_ranges  0x000002b8       0x38 ..\obj\queue.o
 .debug_ranges  0x000002f0       0x28 ..\obj\mutex.o
 .debug_ranges  0x00000318       0x68 ..\obj\flag.o
 .debug_ranges  0x00000380       0x18 ..\obj\arch.o
 .debug_ranges  0x00000398       0x38 ..\obj\sem.o
 .debug_ranges  0x000003d0       0x18 ..\obj\hook.o

.debug_str      0x00000000     0x1076
 .debug_str     0x00000000      0x19d ..\obj\kernelHeap.o
                                0x1bc (size before relaxing)
 .debug_str     0x0000019d      0x184 ..\obj\core.o
                                0x20b (size before relaxing)
 .debug_str     0x00000321      0x14c ..\obj\timer.o
                                0x1f9 (size before relaxing)
 .debug_str     0x0000046d       0x79 ..\obj\utility.o
                                 0xf9 (size before relaxing)
 .debug_str     0x000004e6      0x225 ..\obj\task.o
                                0x3aa (size before relaxing)
 .debug_str     0x0000070b       0xa2 ..\obj\serviceReq.o
                                0x131 (size before relaxing)
 .debug_str     0x000007ad       0x97 ..\obj\mbox.o
                                0x24c (size before relaxing)
 .debug_str     0x00000844      0x120 ..\obj\mm.o
                                0x1c0 (size before relaxing)
 .debug_str     0x00000964       0xb9 ..\obj\time.o
                                0x268 (size before relaxing)
 .debug_str     0x00000a1d       0xe2 ..\obj\event.o
                                0x2b3 (size before relaxing)
 .debug_str     0x00000aff       0x83 ..\obj\CoOSAppFramework.o
                                 0xff (size before relaxing)
 .debug_str     0x00000b82       0xca ..\obj\port.o
                                0x14b (size before relaxing)
 .debug_str     0x00000c4c       0xad ..\obj\queue.o
                                0x2b0 (size before relaxing)
 .debug_str     0x00000cf9       0x8b ..\obj\mutex.o
                                0x2bb (size before relaxing)
 .debug_str     0x00000d84      0x1ae ..\obj\flag.o
                                0x329 (size before relaxing)
 .debug_str     0x00000f32       0x68 ..\obj\arch.o
                                0x22b (size before relaxing)
 .debug_str     0x00000f9a       0x87 ..\obj\sem.o
                                0x24f (size before relaxing)
 .debug_str     0x00001021       0x55 ..\obj\hook.o
                                 0xde (size before relaxing)

.comment        0x00000000       0x2a
 .comment       0x00000000       0x2a ..\obj\kernelHeap.o
                                 0x2b (size before relaxing)
 .comment       0x00000000       0x2b ..\obj\core.o
 .comment       0x00000000       0x2b ..\obj\timer.o
 .comment       0x00000000       0x2b ..\obj\utility.o
 .comment       0x00000000       0x2b ..\obj\task.o
 .comment       0x00000000       0x2b ..\obj\serviceReq.o
 .comment       0x00000000       0x2b ..\obj\mbox.o
 .comment       0x00000000       0x2b ..\obj\mm.o
 .comment       0x00000000       0x2b ..\obj\time.o
 .comment       0x00000000       0x2b ..\obj\event.o
 .comment       0x00000000       0x2b ..\obj\CoOSAppFramework.o
 .comment       0x00000000       0x2b ..\obj\port.o
 .comment       0x00000000       0x2b ..\obj\queue.o
 .comment       0x00000000       0x2b ..\obj\mutex.o
 .comment       0x00000000       0x2b ..\obj\flag.o
 .comment       0x00000000       0x2b ..\obj\arch.o
 .comment       0x00000000       0x2b ..\obj\sem.o
 .comment       0x00000000       0x2b ..\obj\hook.o

.ARM.attributes
                0x00000000       0x31
 .ARM.attributes
                0x00000000       0x31 ..\obj\kernelHeap.o
 .ARM.attributes
                0x00000031       0x31 ..\obj\core.o
 .ARM.attributes
                0x00000062       0x31 ..\obj\timer.o
 .ARM.attributes
                0x00000093       0x31 ..\obj\utility.o
 .ARM.attributes
                0x000000c4       0x31 ..\obj\task.o
 .ARM.attributes
                0x000000f5       0x31 ..\obj\serviceReq.o
 .ARM.attributes
                0x00000126       0x31 ..\obj\mbox.o
 .ARM.attributes
                0x00000157       0x31 ..\obj\mm.o
 .ARM.attributes
                0x00000188       0x31 ..\obj\time.o
 .ARM.attributes
                0x000001b9       0x31 ..\obj\event.o
 .ARM.attributes
                0x000001ea       0x31 ..\obj\CoOSAppFramework.o
 .ARM.attributes
                0x0000021b       0x31 ..\obj\port.o
 .ARM.attributes
                0x0000024c       0x31 ..\obj\queue.o
 .ARM.attributes
                0x0000027d       0x31 ..\obj\mutex.o
 .ARM.attributes
                0x000002ae       0x31 ..\obj\flag.o
 .ARM.attributes
                0x000002df       0x31 ..\obj\arch.o
 .ARM.attributes
                0x00000310       0x31 ..\obj\sem.o
 .ARM.attributes
                0x00000341       0x31 ..\obj\hook.o

.debug_frame    0x00000000      0xda8
 .debug_frame   0x00000000       0x84 ..\obj\kernelHeap.o
 .debug_frame   0x00000084       0xe8 ..\obj\core.o
 .debug_frame   0x0000016c      0x148 ..\obj\timer.o
 .debug_frame   0x000002b4       0x48 ..\obj\utility.o
 .debug_frame   0x000002fc      0x178 ..\obj\task.o
 .debug_frame   0x00000474       0x50 ..\obj\serviceReq.o
 .debug_frame   0x000004c4       0xd0 ..\obj\mbox.o
 .debug_frame   0x00000594       0xb0 ..\obj\mm.o
 .debug_frame   0x00000644       0xfc ..\obj\time.o
 .debug_frame   0x00000740       0xe8 ..\obj\event.o
 .debug_frame   0x00000828       0x8c ..\obj\CoOSAppFramework.o
 .debug_frame   0x000008b4       0xb0 ..\obj\port.o
 .debug_frame   0x00000964       0xd0 ..\obj\queue.o
 .debug_frame   0x00000a34       0x90 ..\obj\mutex.o
 .debug_frame   0x00000ac4      0x184 ..\obj\flag.o
 .debug_frame   0x00000c48       0x48 ..\obj\arch.o
 .debug_frame   0x00000c90       0xd0 ..\obj\sem.o
 .debug_frame   0x00000d60       0x48 ..\obj\hook.o
