
Allocating common symbols
Common symbol       size              file

HSEStartUpStatus    0x1               ..\obj\STM32_USART.o

Discarded input sections

 .text          0x00000000        0x0 ..\obj\startup_stm32f10x_md_vl.o
 .data          0x00000000        0x0 ..\obj\startup_stm32f10x_md_vl.o
 .bss           0x00000000        0x0 ..\obj\startup_stm32f10x_md_vl.o
 .text          0x00000000        0x0 ..\obj\core_cm3.o
 .data          0x00000000        0x0 ..\obj\core_cm3.o
 .bss           0x00000000        0x0 ..\obj\core_cm3.o
 .text.__get_PSP
                0x00000000       0x10 ..\obj\core_cm3.o
 .text.__set_PSP
                0x00000000        0x8 ..\obj\core_cm3.o
 .text.__get_MSP
                0x00000000       0x10 ..\obj\core_cm3.o
 .text.__set_MSP
                0x00000000        0x8 ..\obj\core_cm3.o
 .text.__get_BASEPRI
                0x00000000       0x20 ..\obj\core_cm3.o
 .text.__set_BASEPRI
                0x00000000       0x18 ..\obj\core_cm3.o
 .text.__get_PRIMASK
                0x00000000       0x20 ..\obj\core_cm3.o
 .text.__set_PRIMASK
                0x00000000       0x18 ..\obj\core_cm3.o
 .text.__get_FAULTMASK
                0x00000000       0x20 ..\obj\core_cm3.o
 .text.__set_FAULTMASK
                0x00000000       0x18 ..\obj\core_cm3.o
 .text.__get_CONTROL
                0x00000000       0x20 ..\obj\core_cm3.o
 .text.__set_CONTROL
                0x00000000       0x18 ..\obj\core_cm3.o
 .text.__REV    0x00000000       0x24 ..\obj\core_cm3.o
 .text.__REV16  0x00000000       0x24 ..\obj\core_cm3.o
 .text.__REVSH  0x00000000       0x24 ..\obj\core_cm3.o
 .text.__RBIT   0x00000000       0x24 ..\obj\core_cm3.o
 .text.__LDREXB
                0x00000000       0x24 ..\obj\core_cm3.o
 .text.__LDREXH
                0x00000000       0x24 ..\obj\core_cm3.o
 .text.__LDREXW
                0x00000000       0x24 ..\obj\core_cm3.o
 .text.__STREXB
                0x00000000       0x2c ..\obj\core_cm3.o
 .text.__STREXH
                0x00000000       0x2c ..\obj\core_cm3.o
 .text.__STREXW
                0x00000000       0x28 ..\obj\core_cm3.o
 .text          0x00000000        0x0 ..\obj\USART_Print.o
 .data          0x00000000        0x0 ..\obj\USART_Print.o
 .bss           0x00000000        0x0 ..\obj\USART_Print.o
 .text          0x00000000        0x0 ..\obj\system_stm32f10x.o
 .data          0x00000000       0x14 ..\obj\system_stm32f10x.o
 .bss           0x00000000        0x0 ..\obj\system_stm32f10x.o
 .text.SystemCoreClockUpdate
                0x00000000       0xe4 ..\obj\system_stm32f10x.o
 .text          0x00000000        0x0 ..\obj\STM32_USART.o
 .data          0x00000000        0x0 ..\obj\STM32_USART.o
 .bss           0x00000000        0x0 ..\obj\STM32_USART.o
 .rodata        0x00000000       0x44 ..\obj\STM32_USART.o
 .text.STM_GPIO_Init
                0x00000000      0x1c4 ..\obj\STM32_USART.o
 .text.STM_RCC_GetFlagStatus
                0x00000000       0x84 ..\obj\STM32_USART.o
 .text.STM_RCC_WaitForHSEStartUp
                0x00000000       0x64 ..\obj\STM32_USART.o
 .text.STM_RCC_Configuration
                0x00000000      0x198 ..\obj\STM32_USART.o
 .text.STM_RCC_GetClockFreq
                0x00000000      0x174 ..\obj\STM32_USART.o
 .text.STM_UART_Init
                0x00000000      0x2c8 ..\obj\STM32_USART.o
 .text.STM_UART_Write
                0x00000000       0x54 ..\obj\STM32_USART.o
 .text.STM_UART_Read
                0x00000000       0x54 ..\obj\STM32_USART.o
 .text.STM_UART_SetRate
                0x00000000       0xc8 ..\obj\STM32_USART.o
 .text.STM_UART_Cfg
                0x00000000      0x28c ..\obj\STM32_USART.o
 .text.STM_Serial1_Init
                0x00000000       0x20 ..\obj\STM32_USART.o
 .text.STM_Serial2_Init
                0x00000000       0x20 ..\obj\STM32_USART.o
 .text.STM_Serial3_Init
                0x00000000       0x20 ..\obj\STM32_USART.o
 .text.STM_Serial1_Write
                0x00000000       0x24 ..\obj\STM32_USART.o
 .text.STM_Serial2_Write
                0x00000000       0x24 ..\obj\STM32_USART.o
 .text.STM_Serial3_Write
                0x00000000       0x24 ..\obj\STM32_USART.o
 .text.STM_Serial1_Read
                0x00000000       0x24 ..\obj\STM32_USART.o
 .text.STM_Serial2_Read
                0x00000000       0x24 ..\obj\STM32_USART.o
 .text.STM_Serial3_Read
                0x00000000       0x24 ..\obj\STM32_USART.o
 .text.STM_Serial1_Cfg
                0x00000000       0x2c ..\obj\STM32_USART.o
 .text.STM_Serial2_Cfg
                0x00000000       0x2c ..\obj\STM32_USART.o
 .text.STM_Serial3_Cfg
                0x00000000       0x2c ..\obj\STM32_USART.o
 COMMON         0x00000000        0x1 ..\obj\STM32_USART.o
 .text          0x00000000        0x0 ..\obj\stm32f10x_gpio.o
 .data          0x00000000        0x0 ..\obj\stm32f10x_gpio.o
 .bss           0x00000000        0x0 ..\obj\stm32f10x_gpio.o
 .text.GPIO_DeInit
                0x00000000      0x118 ..\obj\stm32f10x_gpio.o
 .text.GPIO_AFIODeInit
                0x00000000       0x20 ..\obj\stm32f10x_gpio.o
 .text.GPIO_StructInit
                0x00000000       0x2c ..\obj\stm32f10x_gpio.o
 .text.GPIO_ReadInputDataBit
                0x00000000       0x3c ..\obj\stm32f10x_gpio.o
 .text.GPIO_ReadInputData
                0x00000000       0x1c ..\obj\stm32f10x_gpio.o
 .text.GPIO_ReadOutputDataBit
                0x00000000       0x3c ..\obj\stm32f10x_gpio.o
 .text.GPIO_ReadOutputData
                0x00000000       0x1c ..\obj\stm32f10x_gpio.o
 .text.GPIO_SetBits
                0x00000000       0x1c ..\obj\stm32f10x_gpio.o
 .text.GPIO_ResetBits
                0x00000000       0x1c ..\obj\stm32f10x_gpio.o
 .text.GPIO_WriteBit
                0x00000000       0x30 ..\obj\stm32f10x_gpio.o
 .text.GPIO_Write
                0x00000000       0x1c ..\obj\stm32f10x_gpio.o
 .text.GPIO_PinLockConfig
                0x00000000       0x44 ..\obj\stm32f10x_gpio.o
 .text.GPIO_EventOutputConfig
                0x00000000       0x54 ..\obj\stm32f10x_gpio.o
 .text.GPIO_EventOutputCmd
                0x00000000       0x20 ..\obj\stm32f10x_gpio.o
 .text.GPIO_PinRemapConfig
                0x00000000      0x104 ..\obj\stm32f10x_gpio.o
 .text.GPIO_EXTILineConfig
                0x00000000       0x9c ..\obj\stm32f10x_gpio.o
 .text.GPIO_ETH_MediaInterfaceConfig
                0x00000000       0x1c ..\obj\stm32f10x_gpio.o
 .text          0x00000000        0x0 ..\obj\main.o
 .data          0x00000000        0x0 ..\obj\main.o
 .bss           0x00000000        0x0 ..\obj\main.o
 .text          0x00000000        0x0 ..\obj\printf.o
 .bss           0x00000000        0x0 ..\obj\printf.o
 .text.PutChar  0x00000000       0x24 ..\obj\printf.o
 .text.PutString
                0x00000000       0x48 ..\obj\printf.o
 .text.PutUnsignedInt
                0x00000000       0xb4 ..\obj\printf.o
 .text.PutSignedInt
                0x00000000      0x11c ..\obj\printf.o
 .text.PutHexa  0x00000000       0xe8 ..\obj\printf.o
 .text.vsnprintf
                0x00000000      0x2a4 ..\obj\printf.o
 .text.snprintf
                0x00000000       0x34 ..\obj\printf.o
 .text.vsprintf
                0x00000000       0x28 ..\obj\printf.o
 .rodata        0x00000000       0x24 ..\obj\printf.o
 .text.vfprintf
                0x00000000       0x68 ..\obj\printf.o
 .text.vprintf  0x00000000       0x2c ..\obj\printf.o
 .text.fprintf  0x00000000       0x30 ..\obj\printf.o
 .text.printf   0x00000000       0x2c ..\obj\printf.o
 .text.sprintf  0x00000000       0x30 ..\obj\printf.o
 .text          0x00000000        0x0 ..\obj\stm32f10x_rcc.o
 .bss           0x00000000        0x0 ..\obj\stm32f10x_rcc.o
 .text.RCC_WaitForHSEStartUp
                0x00000000       0x64 ..\obj\stm32f10x_rcc.o
 .text.RCC_AdjustHSICalibrationValue
                0x00000000       0x40 ..\obj\stm32f10x_rcc.o
 .text.RCC_HSICmd
                0x00000000       0x20 ..\obj\stm32f10x_rcc.o
 .text.RCC_PREDIV1Config
                0x00000000       0x48 ..\obj\stm32f10x_rcc.o
 .text.RCC_ITConfig
                0x00000000       0x50 ..\obj\stm32f10x_rcc.o
 .text.RCC_USBCLKConfig
                0x00000000       0x1c ..\obj\stm32f10x_rcc.o
 .text.RCC_LSEConfig
                0x00000000       0x48 ..\obj\stm32f10x_rcc.o
 .text.RCC_LSICmd
                0x00000000       0x20 ..\obj\stm32f10x_rcc.o
 .text.RCC_RTCCLKConfig
                0x00000000       0x24 ..\obj\stm32f10x_rcc.o
 .text.RCC_RTCCLKCmd
                0x00000000       0x20 ..\obj\stm32f10x_rcc.o
 .text.RCC_AHBPeriphClockCmd
                0x00000000       0x44 ..\obj\stm32f10x_rcc.o
 .text.RCC_APB1PeriphClockCmd
                0x00000000       0x44 ..\obj\stm32f10x_rcc.o
 .text.RCC_APB2PeriphResetCmd
                0x00000000       0x44 ..\obj\stm32f10x_rcc.o
 .text.RCC_APB1PeriphResetCmd
                0x00000000       0x44 ..\obj\stm32f10x_rcc.o
 .text.RCC_BackupResetCmd
                0x00000000       0x20 ..\obj\stm32f10x_rcc.o
 .text.RCC_ClockSecuritySystemCmd
                0x00000000       0x20 ..\obj\stm32f10x_rcc.o
 .text.RCC_MCOConfig
                0x00000000       0x20 ..\obj\stm32f10x_rcc.o
 .text.RCC_ClearFlag
                0x00000000       0x1c ..\obj\stm32f10x_rcc.o
 .text.RCC_GetITStatus
                0x00000000       0x40 ..\obj\stm32f10x_rcc.o
 .text.RCC_ClearITPendingBit
                0x00000000       0x20 ..\obj\stm32f10x_rcc.o
 .text          0x00000000        0x0 ..\obj\stm32f10x_usart.o
 .data          0x00000000        0x0 ..\obj\stm32f10x_usart.o
 .bss           0x00000000        0x0 ..\obj\stm32f10x_usart.o
 .text.USART_DeInit
                0x00000000       0xcc ..\obj\stm32f10x_usart.o
 .text.USART_StructInit
                0x00000000       0x44 ..\obj\stm32f10x_usart.o
 .text.USART_ClockInit
                0x00000000       0x60 ..\obj\stm32f10x_usart.o
 .text.USART_ClockStructInit
                0x00000000       0x34 ..\obj\stm32f10x_usart.o
 .text.USART_ITConfig
                0x00000000       0xa8 ..\obj\stm32f10x_usart.o
 .text.USART_DMACmd
                0x00000000       0x4c ..\obj\stm32f10x_usart.o
 .text.USART_SetAddress
                0x00000000       0x3c ..\obj\stm32f10x_usart.o
 .text.USART_WakeUpConfig
                0x00000000       0x38 ..\obj\stm32f10x_usart.o
 .text.USART_ReceiverWakeUpCmd
                0x00000000       0x40 ..\obj\stm32f10x_usart.o
 .text.USART_LINBreakDetectLengthConfig
                0x00000000       0x38 ..\obj\stm32f10x_usart.o
 .text.USART_LINCmd
                0x00000000       0x40 ..\obj\stm32f10x_usart.o
 .text.USART_ReceiveData
                0x00000000       0x24 ..\obj\stm32f10x_usart.o
 .text.USART_SendBreak
                0x00000000       0x24 ..\obj\stm32f10x_usart.o
 .text.USART_SetGuardTime
                0x00000000       0x40 ..\obj\stm32f10x_usart.o
 .text.USART_SetPrescaler
                0x00000000       0x3c ..\obj\stm32f10x_usart.o
 .text.USART_SmartCardCmd
                0x00000000       0x40 ..\obj\stm32f10x_usart.o
 .text.USART_SmartCardNACKCmd
                0x00000000       0x40 ..\obj\stm32f10x_usart.o
 .text.USART_HalfDuplexCmd
                0x00000000       0x40 ..\obj\stm32f10x_usart.o
 .text.USART_OverSampling8Cmd
                0x00000000       0x48 ..\obj\stm32f10x_usart.o
 .text.USART_OneBitMethodCmd
                0x00000000       0x40 ..\obj\stm32f10x_usart.o
 .text.USART_IrDAConfig
                0x00000000       0x38 ..\obj\stm32f10x_usart.o
 .text.USART_IrDACmd
                0x00000000       0x40 ..\obj\stm32f10x_usart.o
 .text.USART_GetFlagStatus
                0x00000000       0x40 ..\obj\stm32f10x_usart.o
 .text.USART_ClearFlag
                0x00000000       0x24 ..\obj\stm32f10x_usart.o
 .text.USART_GetITStatus
                0x00000000       0xcc ..\obj\stm32f10x_usart.o
 .text.USART_ClearITPendingBit
                0x00000000       0x44 ..\obj\stm32f10x_usart.o
 .text          0x00000000        0x0 ..\obj\syscalls.o
 .data          0x00000000        0x0 ..\obj\syscalls.o
 .bss           0x00000000        0x4 ..\obj\syscalls.o
 .text._sbrk    0x00000000       0x40 ..\obj\syscalls.o
 .text.link     0x00000000       0x1c ..\obj\syscalls.o
 .text._close   0x00000000       0x18 ..\obj\syscalls.o
 .text._fstat   0x00000000       0x24 ..\obj\syscalls.o
 .text._isatty  0x00000000       0x18 ..\obj\syscalls.o
 .text._lseek   0x00000000       0x1c ..\obj\syscalls.o
 .text._read    0x00000000       0x1c ..\obj\syscalls.o
 .text._write   0x00000000       0x1c ..\obj\syscalls.o
 .text.abort    0x00000000        0x8 ..\obj\syscalls.o

Memory Configuration

Name             Origin             Length             Attributes
rom              0x08000000         0x00020000         xr
ram              0x20000000         0x00002000         xrw
*default*        0x00000000         0xffffffff

Linker script and memory map

                0x20002000                _eram = 0x20002000

.text           0x08000000      0xdd4
 *(.isr_vector .isr_vector.*)
 .isr_vector    0x08000000      0x124 ..\obj\startup_stm32f10x_md_vl.o
                0x08000000                g_pfnVectors
 *(.text .text.* .gnu.linkonce.t.*)
 .text.Default_Reset_Handler
                0x08000124       0x68 ..\obj\startup_stm32f10x_md_vl.o
                0x08000124                Default_Reset_Handler
                0x08000124                Reset_Handler
 .text.Default_Handler
                0x0800018c        0x8 ..\obj\startup_stm32f10x_md_vl.o
                0x0800018c                EXTI2_IRQHandler
                0x0800018c                DebugMon_Handler
                0x0800018c                TIM1_CC_IRQHandler
                0x0800018c                HardFault_Handler
                0x0800018c                SysTick_Handler
                0x0800018c                PVD_IRQHandler
                0x0800018c                PendSV_Handler
                0x0800018c                NMI_Handler
                0x0800018c                EXTI3_IRQHandler
                0x0800018c                EXTI0_IRQHandler
                0x0800018c                I2C2_EV_IRQHandler
                0x0800018c                TIM1_UP_TIM16_IRQHandler
                0x0800018c                UsageFault_Handler
                0x0800018c                SPI1_IRQHandler
                0x0800018c                TAMPER_IRQHandler
                0x0800018c                TIM6_DAC_IRQHandler
                0x0800018c                DMA1_Channel4_IRQHandler
                0x0800018c                ADC1_IRQHandler
                0x0800018c                USART3_IRQHandler
                0x0800018c                RTC_IRQHandler
                0x0800018c                DMA1_Channel7_IRQHandler
                0x0800018c                TIM4_IRQHandler
                0x0800018c                I2C1_EV_IRQHandler
                0x0800018c                DMA1_Channel6_IRQHandler
                0x0800018c                TIM3_IRQHandler
                0x0800018c                RCC_IRQHandler
                0x0800018c                DMA1_Channel1_IRQHandler
                0x0800018c                CEC_IRQHandler
                0x0800018c                EXTI15_10_IRQHandler
                0x0800018c                TIM7_IRQHandler
                0x0800018c                EXTI9_5_IRQHandler
                0x0800018c                SPI2_IRQHandler
                0x0800018c                MemManage_Handler
                0x0800018c                SVC_Handler
                0x0800018c                DMA1_Channel5_IRQHandler
                0x0800018c                EXTI4_IRQHandler
                0x0800018c                TIM1_TRG_COM_TIM17_IRQHandler
                0x0800018c                DMA1_Channel3_IRQHandler
                0x0800018c                WWDG_IRQHandler
                0x0800018c                TIM2_IRQHandler
                0x0800018c                EXTI1_IRQHandler
                0x0800018c                RTCAlarm_IRQHandler
                0x0800018c                USART2_IRQHandler
                0x0800018c                I2C2_ER_IRQHandler
                0x0800018c                DMA1_Channel2_IRQHandler
                0x0800018c                FLASH_IRQHandler
                0x0800018c                BusFault_Handler
                0x0800018c                USART1_IRQHandler
                0x0800018c                I2C1_ER_IRQHandler
                0x0800018c                TIM1_BRK_TIM15_IRQHandler
 .text.USART_Print
                0x08000194       0x24 ..\obj\USART_Print.o
                0x08000194                USART_Print
 .text.SetupClock
                0x080001b8       0x88 ..\obj\USART_Print.o
                0x080001b8                SetupClock
 .text.SetupUSART
                0x08000240       0x94 ..\obj\USART_Print.o
                0x08000240                SetupUSART
 .text.SystemInit
                0x080002d4       0x70 ..\obj\system_stm32f10x.o
                0x080002d4                SystemInit
 .text.SetSysClock
                0x08000344        0xc ..\obj\system_stm32f10x.o
 .text.SetSysClockTo24
                0x08000350       0xdc ..\obj\system_stm32f10x.o
 .text.GPIO_Init
                0x0800042c      0x1c0 ..\obj\stm32f10x_gpio.o
                0x0800042c                GPIO_Init
 .text.main     0x080005ec        0xc ..\obj\main.o
                0x080005ec                main
 .text.PrintChar
                0x080005f8       0x24 ..\obj\printf.o
                0x080005f8                PrintChar
 .text.puts     0x0800061c       0x28 ..\obj\printf.o
                0x0800061c                puts
 .text.fputc    0x08000644       0x44 ..\obj\printf.o
                0x08000644                fputc
 .text.fputs    0x08000688       0x50 ..\obj\printf.o
                0x08000688                fputs
 .text.RCC_DeInit
                0x080006d8       0x64 ..\obj\stm32f10x_rcc.o
                0x080006d8                RCC_DeInit
 .text.RCC_HSEConfig
                0x0800073c       0x5c ..\obj\stm32f10x_rcc.o
                0x0800073c                RCC_HSEConfig
 .text.RCC_PLLConfig
                0x08000798       0x44 ..\obj\stm32f10x_rcc.o
                0x08000798                RCC_PLLConfig
 .text.RCC_PLLCmd
                0x080007dc       0x20 ..\obj\stm32f10x_rcc.o
                0x080007dc                RCC_PLLCmd
 .text.RCC_SYSCLKConfig
                0x080007fc       0x3c ..\obj\stm32f10x_rcc.o
                0x080007fc                RCC_SYSCLKConfig
 .text.RCC_GetSYSCLKSource
                0x08000838       0x1c ..\obj\stm32f10x_rcc.o
                0x08000838                RCC_GetSYSCLKSource
 .text.RCC_HCLKConfig
                0x08000854       0x3c ..\obj\stm32f10x_rcc.o
                0x08000854                RCC_HCLKConfig
 .text.RCC_PCLK1Config
                0x08000890       0x3c ..\obj\stm32f10x_rcc.o
                0x08000890                RCC_PCLK1Config
 .text.RCC_PCLK2Config
                0x080008cc       0x40 ..\obj\stm32f10x_rcc.o
                0x080008cc                RCC_PCLK2Config
 .text.RCC_ADCCLKConfig
                0x0800090c       0x3c ..\obj\stm32f10x_rcc.o
                0x0800090c                RCC_ADCCLKConfig
 .text.RCC_GetClocksFreq
                0x08000948      0x17c ..\obj\stm32f10x_rcc.o
                0x08000948                RCC_GetClocksFreq
 .text.RCC_APB2PeriphClockCmd
                0x08000ac4       0x44 ..\obj\stm32f10x_rcc.o
                0x08000ac4                RCC_APB2PeriphClockCmd
 .text.RCC_GetFlagStatus
                0x08000b08       0x84 ..\obj\stm32f10x_rcc.o
                0x08000b08                RCC_GetFlagStatus
 .text.USART_Init
                0x08000b8c      0x1b0 ..\obj\stm32f10x_usart.o
                0x08000b8c                USART_Init
 .text.USART_Cmd
                0x08000d3c       0x40 ..\obj\stm32f10x_usart.o
                0x08000d3c                USART_Cmd
 .text.USART_SendData
                0x08000d7c       0x38 ..\obj\stm32f10x_usart.o
                0x08000d7c                USART_SendData
 *(.glue_7t)
 .glue_7t       0x00000000        0x0 linker stubs
 *(.glue_7)
 .glue_7        0x00000000        0x0 linker stubs
 *(.rodata .rodata* .gnu.linkonce.r.*)
 .rodata        0x08000db4       0x20 ..\obj\USART_Print.o

.vfp11_veneer   0x08000dd4        0x0
 .vfp11_veneer  0x00000000        0x0 linker stubs

.v4_bx          0x08000dd4        0x0
 .v4_bx         0x00000000        0x0 linker stubs

.ARM.extab
 *(.ARM.extab* .gnu.linkonce.armextab.*)

.ARM.exidx
 *(.ARM.exidx* .gnu.linkonce.armexidx.*)
                0x08000dd4                . = ALIGN (0x4)
                0x08000dd4                _etext = .
                0x08000dd4                _sidata = .

.data           0x20000000      0x108 load address 0x08000dd4
                0x20000000                _sdata = .
 *(.data .data.*)
 .data          0x20000000       0xf4 ..\obj\printf.o
                0x20000000                r
                0x200000f0                _impure_ptr
 .data          0x200000f4       0x14 ..\obj\stm32f10x_rcc.o
                0x20000108                . = ALIGN (0x4)
                0x20000108                _edata = .

.bss            0x20000108        0x0
                0x20000108                _sbss = .
 *(.bss .bss.*)
 *(COMMON)
                0x20000108                . = ALIGN (0x4)
                0x20000108                _ebss = .

.co_stack       0x20000108      0x400 load address 0x08000edc
                0x20000108                . = ALIGN (0x8)
 *(.co_stack .co_stack.*)
 .co_stack      0x20000108      0x400 ..\obj\startup_stm32f10x_md_vl.o
                0x20000108                pulStack
                0x20000508                . = ALIGN (0x4)
                0x20000508                _end = .
LOAD ..\obj\startup_stm32f10x_md_vl.o
LOAD ..\obj\core_cm3.o
LOAD ..\obj\USART_Print.o
LOAD ..\obj\system_stm32f10x.o
LOAD ..\obj\STM32_USART.o
LOAD ..\obj\stm32f10x_gpio.o
LOAD ..\obj\main.o
LOAD ..\obj\printf.o
LOAD ..\obj\stm32f10x_rcc.o
LOAD ..\obj\stm32f10x_usart.o
LOAD ..\obj\syscalls.o
START GROUP
LOAD j:/cocenter/cooide/gcc/sourcery g++ lite/bin/../lib/gcc/arm-none-eabi/4.5.2/thumb2\libgcc.a
LOAD j:/cocenter/cooide/gcc/sourcery g++ lite/bin/../lib/gcc/arm-none-eabi/4.5.2/../../../../arm-none-eabi/lib/thumb2\libc.a
END GROUP
OUTPUT(STMUSARTdscvry.elf elf32-littlearm)

.debug_abbrev   0x00000000      0xe3a
 .debug_abbrev  0x00000000       0xa5 ..\obj\startup_stm32f10x_md_vl.o
 .debug_abbrev  0x000000a5       0xd7 ..\obj\core_cm3.o
 .debug_abbrev  0x0000017c      0x10e ..\obj\USART_Print.o
 .debug_abbrev  0x0000028a      0x18f ..\obj\system_stm32f10x.o
 .debug_abbrev  0x00000419      0x227 ..\obj\STM32_USART.o
 .debug_abbrev  0x00000640      0x1a6 ..\obj\stm32f10x_gpio.o
 .debug_abbrev  0x000007e6       0x36 ..\obj\main.o
 .debug_abbrev  0x0000081c      0x24e ..\obj\printf.o
 .debug_abbrev  0x00000a6a      0x193 ..\obj\stm32f10x_rcc.o
 .debug_abbrev  0x00000bfd      0x15d ..\obj\stm32f10x_usart.o
 .debug_abbrev  0x00000d5a       0xe0 ..\obj\syscalls.o

.debug_info     0x00000000     0x4dec
 .debug_info    0x00000000      0x135 ..\obj\startup_stm32f10x_md_vl.o
 .debug_info    0x00000135      0x54c ..\obj\core_cm3.o
 .debug_info    0x00000681      0x3c9 ..\obj\USART_Print.o
 .debug_info    0x00000a4a      0x432 ..\obj\system_stm32f10x.o
 .debug_info    0x00000e7c      0xfda ..\obj\STM32_USART.o
 .debug_info    0x00001e56      0x727 ..\obj\stm32f10x_gpio.o
 .debug_info    0x0000257d       0x49 ..\obj\main.o
 .debug_info    0x000025c6      0xff8 ..\obj\printf.o
 .debug_info    0x000035be      0x97a ..\obj\stm32f10x_rcc.o
 .debug_info    0x00003f38      0xa70 ..\obj\stm32f10x_usart.o
 .debug_info    0x000049a8      0x444 ..\obj\syscalls.o

.debug_line     0x00000000     0x27f3
 .debug_line    0x00000000       0xac ..\obj\startup_stm32f10x_md_vl.o
 .debug_line    0x000000ac      0x2e7 ..\obj\core_cm3.o
 .debug_line    0x00000393      0x472 ..\obj\USART_Print.o
 .debug_line    0x00000805      0x295 ..\obj\system_stm32f10x.o
 .debug_line    0x00000a9a      0x564 ..\obj\STM32_USART.o
 .debug_line    0x00000ffe      0x414 ..\obj\stm32f10x_gpio.o
 .debug_line    0x00001412       0x62 ..\obj\main.o
 .debug_line    0x00001474      0x5d7 ..\obj\printf.o
 .debug_line    0x00001a4b      0x527 ..\obj\stm32f10x_rcc.o
 .debug_line    0x00001f72      0x4f5 ..\obj\stm32f10x_usart.o
 .debug_line    0x00002467      0x38c ..\obj\syscalls.o

.debug_macinfo  0x00000000   0x195833
 .debug_macinfo
                0x00000000     0x223c ..\obj\startup_stm32f10x_md_vl.o
 .debug_macinfo
                0x0000223c     0x2afc ..\obj\core_cm3.o
 .debug_macinfo
                0x00004d38    0x3cfd0 ..\obj\USART_Print.o
 .debug_macinfo
                0x00041d08    0x34c30 ..\obj\system_stm32f10x.o
 .debug_macinfo
                0x00076938    0x35478 ..\obj\STM32_USART.o
 .debug_macinfo
                0x000abdb0    0x391c7 ..\obj\stm32f10x_gpio.o
 .debug_macinfo
                0x000e4f77     0x2206 ..\obj\main.o
 .debug_macinfo
                0x000e717d    0x38db4 ..\obj\printf.o
 .debug_macinfo
                0x0011ff31    0x37967 ..\obj\stm32f10x_rcc.o
 .debug_macinfo
                0x00157898    0x38ad7 ..\obj\stm32f10x_usart.o
 .debug_macinfo
                0x0019036f     0x54c4 ..\obj\syscalls.o

.debug_loc      0x00000000     0x21d0
 .debug_loc     0x00000000       0x64 ..\obj\startup_stm32f10x_md_vl.o
 .debug_loc     0x00000064      0x3f0 ..\obj\core_cm3.o
 .debug_loc     0x00000454       0x90 ..\obj\USART_Print.o
 .debug_loc     0x000004e4       0xc8 ..\obj\system_stm32f10x.o
 .debug_loc     0x000005ac      0x4d2 ..\obj\STM32_USART.o
 .debug_loc     0x00000a7e      0x3e4 ..\obj\stm32f10x_gpio.o
 .debug_loc     0x00000e62       0x2c ..\obj\main.o
 .debug_loc     0x00000e8e      0x3ea ..\obj\printf.o
 .debug_loc     0x00001278      0x714 ..\obj\stm32f10x_rcc.o
 .debug_loc     0x0000198c      0x658 ..\obj\stm32f10x_usart.o
 .debug_loc     0x00001fe4      0x1ec ..\obj\syscalls.o

.debug_pubnames
                0x00000000      0xbad
 .debug_pubnames
                0x00000000       0x4a ..\obj\startup_stm32f10x_md_vl.o
 .debug_pubnames
                0x0000004a      0x159 ..\obj\core_cm3.o
 .debug_pubnames
                0x000001a3       0x40 ..\obj\USART_Print.o
 .debug_pubnames
                0x000001e3       0x61 ..\obj\system_stm32f10x.o
 .debug_pubnames
                0x00000244       0xd1 ..\obj\STM32_USART.o
 .debug_pubnames
                0x00000315      0x19d ..\obj\stm32f10x_gpio.o
 .debug_pubnames
                0x000004b2       0x1b ..\obj\main.o
 .debug_pubnames
                0x000004cd      0x101 ..\obj\printf.o
 .debug_pubnames
                0x000005ce      0x2da ..\obj\stm32f10x_rcc.o
 .debug_pubnames
                0x000008a8      0x294 ..\obj\stm32f10x_usart.o
 .debug_pubnames
                0x00000b3c       0x71 ..\obj\syscalls.o

.debug_aranges  0x00000000      0x608
 .debug_aranges
                0x00000000       0x28 ..\obj\startup_stm32f10x_md_vl.o
 .debug_aranges
                0x00000028       0xc8 ..\obj\core_cm3.o
 .debug_aranges
                0x000000f0       0x30 ..\obj\USART_Print.o
 .debug_aranges
                0x00000120       0x38 ..\obj\system_stm32f10x.o
 .debug_aranges
                0x00000158       0xc8 ..\obj\STM32_USART.o
 .debug_aranges
                0x00000220       0xa8 ..\obj\stm32f10x_gpio.o
 .debug_aranges
                0x000002c8       0x20 ..\obj\main.o
 .debug_aranges
                0x000002e8       0xa0 ..\obj\printf.o
 .debug_aranges
                0x00000388      0x120 ..\obj\stm32f10x_rcc.o
 .debug_aranges
                0x000004a8      0x100 ..\obj\stm32f10x_usart.o
 .debug_aranges
                0x000005a8       0x60 ..\obj\syscalls.o

.debug_ranges   0x00000000      0x558
 .debug_ranges  0x00000000       0x18 ..\obj\startup_stm32f10x_md_vl.o
 .debug_ranges  0x00000018       0xb8 ..\obj\core_cm3.o
 .debug_ranges  0x000000d0       0x20 ..\obj\USART_Print.o
 .debug_ranges  0x000000f0       0x28 ..\obj\system_stm32f10x.o
 .debug_ranges  0x00000118       0xb8 ..\obj\STM32_USART.o
 .debug_ranges  0x000001d0       0x98 ..\obj\stm32f10x_gpio.o
 .debug_ranges  0x00000268       0x10 ..\obj\main.o
 .debug_ranges  0x00000278       0x90 ..\obj\printf.o
 .debug_ranges  0x00000308      0x110 ..\obj\stm32f10x_rcc.o
 .debug_ranges  0x00000418       0xf0 ..\obj\stm32f10x_usart.o
 .debug_ranges  0x00000508       0x50 ..\obj\syscalls.o

.debug_str      0x00000000     0x1d13
 .debug_str     0x00000000       0xc6 ..\obj\startup_stm32f10x_md_vl.o
                                 0xe5 (size before relaxing)
 .debug_str     0x000000c6      0x1d3 ..\obj\core_cm3.o
                                0x230 (size before relaxing)
 .debug_str     0x00000299      0x2c6 ..\obj\USART_Print.o
                                0x37b (size before relaxing)
 .debug_str     0x0000055f      0x163 ..\obj\system_stm32f10x.o
                                0x238 (size before relaxing)
 .debug_str     0x000006c2      0x758 ..\obj\STM32_USART.o
                                0xad9 (size before relaxing)
 .debug_str     0x00000e1a      0x239 ..\obj\stm32f10x_gpio.o
                                0x47d (size before relaxing)
 .debug_str     0x00001053       0x38 ..\obj\main.o
                                 0x44 (size before relaxing)
 .debug_str     0x0000108b      0x4ae ..\obj\printf.o
                                0x651 (size before relaxing)
 .debug_str     0x00001539      0x34e ..\obj\stm32f10x_rcc.o
                                0x5d1 (size before relaxing)
 .debug_str     0x00001887      0x33e ..\obj\stm32f10x_usart.o
                                0x5f4 (size before relaxing)
 .debug_str     0x00001bc5      0x14e ..\obj\syscalls.o
                                0x259 (size before relaxing)

.comment        0x00000000       0x2a
 .comment       0x00000000       0x2a ..\obj\startup_stm32f10x_md_vl.o
                                 0x2b (size before relaxing)
 .comment       0x00000000       0x2b ..\obj\core_cm3.o
 .comment       0x00000000       0x2b ..\obj\USART_Print.o
 .comment       0x00000000       0x2b ..\obj\system_stm32f10x.o
 .comment       0x00000000       0x2b ..\obj\STM32_USART.o
 .comment       0x00000000       0x2b ..\obj\stm32f10x_gpio.o
 .comment       0x00000000       0x2b ..\obj\main.o
 .comment       0x00000000       0x2b ..\obj\printf.o
 .comment       0x00000000       0x2b ..\obj\stm32f10x_rcc.o
 .comment       0x00000000       0x2b ..\obj\stm32f10x_usart.o
 .comment       0x00000000       0x2b ..\obj\syscalls.o

.ARM.attributes
                0x00000000       0x31
 .ARM.attributes
                0x00000000       0x31 ..\obj\startup_stm32f10x_md_vl.o
 .ARM.attributes
                0x00000031       0x31 ..\obj\core_cm3.o
 .ARM.attributes
                0x00000062       0x31 ..\obj\USART_Print.o
 .ARM.attributes
                0x00000093       0x31 ..\obj\system_stm32f10x.o
 .ARM.attributes
                0x000000c4       0x31 ..\obj\STM32_USART.o
 .ARM.attributes
                0x000000f5       0x31 ..\obj\stm32f10x_gpio.o
 .ARM.attributes
                0x00000126       0x31 ..\obj\main.o
 .ARM.attributes
                0x00000157       0x31 ..\obj\printf.o
 .ARM.attributes
                0x00000188       0x31 ..\obj\stm32f10x_rcc.o
 .ARM.attributes
                0x000001b9       0x31 ..\obj\stm32f10x_usart.o
 .ARM.attributes
                0x000001ea       0x31 ..\obj\syscalls.o

.debug_frame    0x00000000     0x12e0
 .debug_frame   0x00000000       0x48 ..\obj\startup_stm32f10x_md_vl.o
 .debug_frame   0x00000048      0x280 ..\obj\core_cm3.o
 .debug_frame   0x000002c8       0x68 ..\obj\USART_Print.o
 .debug_frame   0x00000330       0x80 ..\obj\system_stm32f10x.o
 .debug_frame   0x000003b0      0x2bc ..\obj\STM32_USART.o
 .debug_frame   0x0000066c      0x210 ..\obj\stm32f10x_gpio.o
 .debug_frame   0x0000087c       0x2c ..\obj\main.o
 .debug_frame   0x000008a8      0x248 ..\obj\printf.o
 .debug_frame   0x00000af0      0x3a4 ..\obj\stm32f10x_rcc.o
 .debug_frame   0x00000e94      0x344 ..\obj\stm32f10x_usart.o
 .debug_frame   0x000011d8      0x108 ..\obj\syscalls.o

.debug_pubtypes
                0x00000000      0x79a
 .debug_pubtypes
                0x00000000       0x50 ..\obj\core_cm3.o
 .debug_pubtypes
                0x00000050       0xb1 ..\obj\USART_Print.o
 .debug_pubtypes
                0x00000101       0x55 ..\obj\system_stm32f10x.o
 .debug_pubtypes
                0x00000156      0x20b ..\obj\STM32_USART.o
 .debug_pubtypes
                0x00000361       0xc3 ..\obj\stm32f10x_gpio.o
 .debug_pubtypes
                0x00000424      0x165 ..\obj\printf.o
 .debug_pubtypes
                0x00000589       0x9e ..\obj\stm32f10x_rcc.o
 .debug_pubtypes
                0x00000627       0xc9 ..\obj\stm32f10x_usart.o
 .debug_pubtypes
                0x000006f0       0xaa ..\obj\syscalls.o
