
Allocating common symbols
Common symbol       size              file

HSEStartUpStatus    0x1               ..\obj\STM32_USART.o
buffer              0x32              ..\obj\main.o
recvBuffer          0xc               ..\obj\main.o

Discarded input sections

 .text          0x00000000        0x0 ..\obj\stm32f10x_rtc.o
 .data          0x00000000        0x0 ..\obj\stm32f10x_rtc.o
 .bss           0x00000000        0x0 ..\obj\stm32f10x_rtc.o
 .text.RTC_ITConfig
                0x00000000       0x50 ..\obj\stm32f10x_rtc.o
 .text.RTC_EnterConfigMode
                0x00000000       0x20 ..\obj\stm32f10x_rtc.o
 .text.RTC_ExitConfigMode
                0x00000000       0x20 ..\obj\stm32f10x_rtc.o
 .text.RTC_GetCounter
                0x00000000       0x34 ..\obj\stm32f10x_rtc.o
 .text.RTC_SetCounter
                0x00000000       0x30 ..\obj\stm32f10x_rtc.o
 .text.RTC_SetPrescaler
                0x00000000       0x34 ..\obj\stm32f10x_rtc.o
 .text.RTC_SetAlarm
                0x00000000       0x30 ..\obj\stm32f10x_rtc.o
 .text.RTC_GetDivider
                0x00000000       0x3c ..\obj\stm32f10x_rtc.o
 .text.RTC_WaitForLastTask
                0x00000000       0x20 ..\obj\stm32f10x_rtc.o
 .text.RTC_WaitForSynchro
                0x00000000       0x30 ..\obj\stm32f10x_rtc.o
 .text.RTC_GetFlagStatus
                0x00000000       0x44 ..\obj\stm32f10x_rtc.o
 .text.RTC_ClearFlag
                0x00000000       0x30 ..\obj\stm32f10x_rtc.o
 .text.RTC_GetITStatus
                0x00000000       0x5c ..\obj\stm32f10x_rtc.o
 .text.RTC_ClearITPendingBit
                0x00000000       0x30 ..\obj\stm32f10x_rtc.o
 .text          0x00000000        0x0 ..\obj\startup_stm32f10x_md_vl.o
 .data          0x00000000        0x0 ..\obj\startup_stm32f10x_md_vl.o
 .bss           0x00000000        0x0 ..\obj\startup_stm32f10x_md_vl.o
 .text          0x00000000        0x0 ..\obj\core_cm3.o
 .data          0x00000000        0x0 ..\obj\core_cm3.o
 .bss           0x00000000        0x0 ..\obj\core_cm3.o
 .text.__get_PSP
                0x00000000       0x10 ..\obj\core_cm3.o
 .text.__set_PSP
                0x00000000        0x8 ..\obj\core_cm3.o
 .text.__get_MSP
                0x00000000       0x10 ..\obj\core_cm3.o
 .text.__set_MSP
                0x00000000        0x8 ..\obj\core_cm3.o
 .text.__get_BASEPRI
                0x00000000       0x20 ..\obj\core_cm3.o
 .text.__set_BASEPRI
                0x00000000       0x18 ..\obj\core_cm3.o
 .text.__get_PRIMASK
                0x00000000       0x20 ..\obj\core_cm3.o
 .text.__set_PRIMASK
                0x00000000       0x18 ..\obj\core_cm3.o
 .text.__get_FAULTMASK
                0x00000000       0x20 ..\obj\core_cm3.o
 .text.__set_FAULTMASK
                0x00000000       0x18 ..\obj\core_cm3.o
 .text.__get_CONTROL
                0x00000000       0x20 ..\obj\core_cm3.o
 .text.__set_CONTROL
                0x00000000       0x18 ..\obj\core_cm3.o
 .text.__REV    0x00000000       0x24 ..\obj\core_cm3.o
 .text.__REV16  0x00000000       0x24 ..\obj\core_cm3.o
 .text.__REVSH  0x00000000       0x24 ..\obj\core_cm3.o
 .text.__RBIT   0x00000000       0x24 ..\obj\core_cm3.o
 .text.__LDREXB
                0x00000000       0x24 ..\obj\core_cm3.o
 .text.__LDREXH
                0x00000000       0x24 ..\obj\core_cm3.o
 .text.__LDREXW
                0x00000000       0x24 ..\obj\core_cm3.o
 .text.__STREXB
                0x00000000       0x2c ..\obj\core_cm3.o
 .text.__STREXH
                0x00000000       0x2c ..\obj\core_cm3.o
 .text.__STREXW
                0x00000000       0x28 ..\obj\core_cm3.o
 .text          0x00000000        0x0 ..\obj\system_stm32f10x.o
 .data          0x00000000       0x14 ..\obj\system_stm32f10x.o
 .bss           0x00000000        0x0 ..\obj\system_stm32f10x.o
 .text.SystemCoreClockUpdate
                0x00000000       0xe4 ..\obj\system_stm32f10x.o
 .text          0x00000000        0x0 ..\obj\STM32_USART.o
 .data          0x00000000        0x0 ..\obj\STM32_USART.o
 .bss           0x00000000        0x0 ..\obj\STM32_USART.o
 .text.STM_RCC_GetFlagStatus
                0x00000000       0x84 ..\obj\STM32_USART.o
 .text.STM_RCC_WaitForHSEStartUp
                0x00000000       0x64 ..\obj\STM32_USART.o
 .text.STM_RCC_Configuration
                0x00000000      0x130 ..\obj\STM32_USART.o
 COMMON         0x00000000        0x1 ..\obj\STM32_USART.o
 .text          0x00000000        0x0 ..\obj\stm32f10x_gpio.o
 .data          0x00000000        0x0 ..\obj\stm32f10x_gpio.o
 .bss           0x00000000        0x0 ..\obj\stm32f10x_gpio.o
 .text.GPIO_DeInit
                0x00000000      0x118 ..\obj\stm32f10x_gpio.o
 .text.GPIO_AFIODeInit
                0x00000000       0x20 ..\obj\stm32f10x_gpio.o
 .text.GPIO_Init
                0x00000000      0x1c0 ..\obj\stm32f10x_gpio.o
 .text.GPIO_StructInit
                0x00000000       0x2c ..\obj\stm32f10x_gpio.o
 .text.GPIO_ReadInputDataBit
                0x00000000       0x3c ..\obj\stm32f10x_gpio.o
 .text.GPIO_ReadInputData
                0x00000000       0x1c ..\obj\stm32f10x_gpio.o
 .text.GPIO_ReadOutputDataBit
                0x00000000       0x3c ..\obj\stm32f10x_gpio.o
 .text.GPIO_ReadOutputData
                0x00000000       0x1c ..\obj\stm32f10x_gpio.o
 .text.GPIO_SetBits
                0x00000000       0x1c ..\obj\stm32f10x_gpio.o
 .text.GPIO_ResetBits
                0x00000000       0x1c ..\obj\stm32f10x_gpio.o
 .text.GPIO_WriteBit
                0x00000000       0x30 ..\obj\stm32f10x_gpio.o
 .text.GPIO_Write
                0x00000000       0x1c ..\obj\stm32f10x_gpio.o
 .text.GPIO_PinLockConfig
                0x00000000       0x44 ..\obj\stm32f10x_gpio.o
 .text.GPIO_EventOutputConfig
                0x00000000       0x54 ..\obj\stm32f10x_gpio.o
 .text.GPIO_EventOutputCmd
                0x00000000       0x20 ..\obj\stm32f10x_gpio.o
 .text.GPIO_PinRemapConfig
                0x00000000      0x104 ..\obj\stm32f10x_gpio.o
 .text.GPIO_EXTILineConfig
                0x00000000       0x9c ..\obj\stm32f10x_gpio.o
 .text.GPIO_ETH_MediaInterfaceConfig
                0x00000000       0x1c ..\obj\stm32f10x_gpio.o
 .text          0x00000000        0x0 ..\obj\main.o
 .data          0x00000000        0x0 ..\obj\main.o
 .bss           0x00000000        0x0 ..\obj\main.o
 .text          0x00000000        0x0 ..\obj\printf.o
 .bss           0x00000000        0x0 ..\obj\printf.o
 .text.snprintf
                0x00000000       0x34 ..\obj\printf.o
 .text.fprintf  0x00000000       0x30 ..\obj\printf.o
 .text.sprintf  0x00000000       0x30 ..\obj\printf.o
 .text.puts     0x00000000       0x28 ..\obj\printf.o
 .text          0x00000000        0x0 ..\obj\stm32f10x_rcc.o
 .data          0x00000000       0x14 ..\obj\stm32f10x_rcc.o
 .bss           0x00000000        0x0 ..\obj\stm32f10x_rcc.o
 .text.RCC_DeInit
                0x00000000       0x64 ..\obj\stm32f10x_rcc.o
 .text.RCC_HSEConfig
                0x00000000       0x5c ..\obj\stm32f10x_rcc.o
 .text.RCC_WaitForHSEStartUp
                0x00000000       0x64 ..\obj\stm32f10x_rcc.o
 .text.RCC_AdjustHSICalibrationValue
                0x00000000       0x40 ..\obj\stm32f10x_rcc.o
 .text.RCC_HSICmd
                0x00000000       0x20 ..\obj\stm32f10x_rcc.o
 .text.RCC_PLLConfig
                0x00000000       0x44 ..\obj\stm32f10x_rcc.o
 .text.RCC_PLLCmd
                0x00000000       0x20 ..\obj\stm32f10x_rcc.o
 .text.RCC_PREDIV1Config
                0x00000000       0x48 ..\obj\stm32f10x_rcc.o
 .text.RCC_SYSCLKConfig
                0x00000000       0x3c ..\obj\stm32f10x_rcc.o
 .text.RCC_GetSYSCLKSource
                0x00000000       0x1c ..\obj\stm32f10x_rcc.o
 .text.RCC_HCLKConfig
                0x00000000       0x3c ..\obj\stm32f10x_rcc.o
 .text.RCC_PCLK1Config
                0x00000000       0x3c ..\obj\stm32f10x_rcc.o
 .text.RCC_PCLK2Config
                0x00000000       0x40 ..\obj\stm32f10x_rcc.o
 .text.RCC_ITConfig
                0x00000000       0x50 ..\obj\stm32f10x_rcc.o
 .text.RCC_USBCLKConfig
                0x00000000       0x1c ..\obj\stm32f10x_rcc.o
 .text.RCC_ADCCLKConfig
                0x00000000       0x3c ..\obj\stm32f10x_rcc.o
 .text.RCC_LSEConfig
                0x00000000       0x48 ..\obj\stm32f10x_rcc.o
 .text.RCC_LSICmd
                0x00000000       0x20 ..\obj\stm32f10x_rcc.o
 .text.RCC_RTCCLKConfig
                0x00000000       0x24 ..\obj\stm32f10x_rcc.o
 .text.RCC_RTCCLKCmd
                0x00000000       0x20 ..\obj\stm32f10x_rcc.o
 .text.RCC_GetClocksFreq
                0x00000000      0x17c ..\obj\stm32f10x_rcc.o
 .text.RCC_AHBPeriphClockCmd
                0x00000000       0x44 ..\obj\stm32f10x_rcc.o
 .text.RCC_APB2PeriphResetCmd
                0x00000000       0x44 ..\obj\stm32f10x_rcc.o
 .text.RCC_APB1PeriphResetCmd
                0x00000000       0x44 ..\obj\stm32f10x_rcc.o
 .text.RCC_BackupResetCmd
                0x00000000       0x20 ..\obj\stm32f10x_rcc.o
 .text.RCC_ClockSecuritySystemCmd
                0x00000000       0x20 ..\obj\stm32f10x_rcc.o
 .text.RCC_MCOConfig
                0x00000000       0x20 ..\obj\stm32f10x_rcc.o
 .text.RCC_GetFlagStatus
                0x00000000       0x84 ..\obj\stm32f10x_rcc.o
 .text.RCC_ClearFlag
                0x00000000       0x1c ..\obj\stm32f10x_rcc.o
 .text.RCC_GetITStatus
                0x00000000       0x40 ..\obj\stm32f10x_rcc.o
 .text.RCC_ClearITPendingBit
                0x00000000       0x20 ..\obj\stm32f10x_rcc.o
 .text          0x00000000        0x0 ..\obj\buffer.o
 .data          0x00000000        0x0 ..\obj\buffer.o
 .bss           0x00000000        0x0 ..\obj\buffer.o
 .text.bufferReadFromFront
                0x00000000       0x64 ..\obj\buffer.o
 .text.bufferDumpFromFront
                0x00000000       0x68 ..\obj\buffer.o
 .text.bufferGetAtIndex
                0x00000000       0x44 ..\obj\buffer.o
 .text.bufferFlush
                0x00000000       0x28 ..\obj\buffer.o
 .text          0x00000000        0x0 ..\obj\syscalls.o
 .data          0x00000000        0x0 ..\obj\syscalls.o
 .bss           0x00000000        0x4 ..\obj\syscalls.o
 .text._sbrk    0x00000000       0x40 ..\obj\syscalls.o
 .text.link     0x00000000       0x1c ..\obj\syscalls.o
 .text._close   0x00000000       0x18 ..\obj\syscalls.o
 .text._fstat   0x00000000       0x24 ..\obj\syscalls.o
 .text._isatty  0x00000000       0x18 ..\obj\syscalls.o
 .text._lseek   0x00000000       0x1c ..\obj\syscalls.o
 .text._read    0x00000000       0x1c ..\obj\syscalls.o
 .text._write   0x00000000       0x1c ..\obj\syscalls.o
 .text.abort    0x00000000        0x8 ..\obj\syscalls.o
 .text          0x00000000        0x0 ..\obj\misc.o
 .data          0x00000000        0x0 ..\obj\misc.o
 .bss           0x00000000        0x0 ..\obj\misc.o
 .text.NVIC_SetVectorTable
                0x00000000       0x2c ..\obj\misc.o
 .text.NVIC_SystemLPConfig
                0x00000000       0x44 ..\obj\misc.o
 .text.SysTick_CLKSourceConfig
                0x00000000       0x38 ..\obj\misc.o

Memory Configuration

Name             Origin             Length             Attributes
rom              0x08000000         0x00020000         xr
ram              0x20000000         0x00002000         xrw
*default*        0x00000000         0xffffffff

Linker script and memory map

                0x20002000                _eram = 0x20002000

.text           0x08000000     0x1b3c
 *(.isr_vector .isr_vector.*)
 .isr_vector    0x08000000      0x124 ..\obj\startup_stm32f10x_md_vl.o
                0x08000000                g_pfnVectors
 *(.text .text.* .gnu.linkonce.t.*)
 .text.Default_Reset_Handler
                0x08000124       0x68 ..\obj\startup_stm32f10x_md_vl.o
                0x08000124                Default_Reset_Handler
                0x08000124                Reset_Handler
 .text.Default_Handler
                0x0800018c        0x8 ..\obj\startup_stm32f10x_md_vl.o
                0x0800018c                EXTI2_IRQHandler
                0x0800018c                DebugMon_Handler
                0x0800018c                TIM1_CC_IRQHandler
                0x0800018c                HardFault_Handler
                0x0800018c                SysTick_Handler
                0x0800018c                PVD_IRQHandler
                0x0800018c                PendSV_Handler
                0x0800018c                NMI_Handler
                0x0800018c                EXTI3_IRQHandler
                0x0800018c                EXTI0_IRQHandler
                0x0800018c                I2C2_EV_IRQHandler
                0x0800018c                TIM1_UP_TIM16_IRQHandler
                0x0800018c                UsageFault_Handler
                0x0800018c                SPI1_IRQHandler
                0x0800018c                TAMPER_IRQHandler
                0x0800018c                TIM6_DAC_IRQHandler
                0x0800018c                DMA1_Channel4_IRQHandler
                0x0800018c                ADC1_IRQHandler
                0x0800018c                USART3_IRQHandler
                0x0800018c                RTC_IRQHandler
                0x0800018c                DMA1_Channel7_IRQHandler
                0x0800018c                TIM4_IRQHandler
                0x0800018c                I2C1_EV_IRQHandler
                0x0800018c                DMA1_Channel6_IRQHandler
                0x0800018c                TIM3_IRQHandler
                0x0800018c                RCC_IRQHandler
                0x0800018c                DMA1_Channel1_IRQHandler
                0x0800018c                CEC_IRQHandler
                0x0800018c                EXTI15_10_IRQHandler
                0x0800018c                TIM7_IRQHandler
                0x0800018c                EXTI9_5_IRQHandler
                0x0800018c                SPI2_IRQHandler
                0x0800018c                MemManage_Handler
                0x0800018c                SVC_Handler
                0x0800018c                DMA1_Channel5_IRQHandler
                0x0800018c                EXTI4_IRQHandler
                0x0800018c                TIM1_TRG_COM_TIM17_IRQHandler
                0x0800018c                DMA1_Channel3_IRQHandler
                0x0800018c                WWDG_IRQHandler
                0x0800018c                TIM2_IRQHandler
                0x0800018c                EXTI1_IRQHandler
                0x0800018c                RTCAlarm_IRQHandler
                0x0800018c                USART2_IRQHandler
                0x0800018c                I2C2_ER_IRQHandler
                0x0800018c                DMA1_Channel2_IRQHandler
                0x0800018c                FLASH_IRQHandler
                0x0800018c                BusFault_Handler
                0x0800018c                I2C1_ER_IRQHandler
                0x0800018c                TIM1_BRK_TIM15_IRQHandler
 .text.SystemInit
                0x08000194       0x70 ..\obj\system_stm32f10x.o
                0x08000194                SystemInit
 .text.SetSysClock
                0x08000204        0xc ..\obj\system_stm32f10x.o
 .text.SetSysClockTo24
                0x08000210       0xdc ..\obj\system_stm32f10x.o
 .text.NVIC_Configuration
                0x080002ec       0x38 ..\obj\STM32_USART.o
                0x080002ec                NVIC_Configuration
 .text.STM_GPIO_Init
                0x08000324      0x1c4 ..\obj\STM32_USART.o
                0x08000324                STM_GPIO_Init
 .text.STM_RCC_GetClockFreq
                0x080004e8      0x174 ..\obj\STM32_USART.o
                0x080004e8                STM_RCC_GetClockFreq
 .text.STM_UART_Init
                0x0800065c      0x31c ..\obj\STM32_USART.o
 .text.STM_UART_Write
                0x08000978       0x54 ..\obj\STM32_USART.o
 .text.STM_UART_Read
                0x080009cc       0x54 ..\obj\STM32_USART.o
 .text.STM_UART_SetRate
                0x08000a20       0xc8 ..\obj\STM32_USART.o
 .text.STM_UART_Cfg
                0x08000ae8      0x2c4 ..\obj\STM32_USART.o
 .text.STM_Serial1_Init
                0x08000dac       0x20 ..\obj\STM32_USART.o
 .text.STM_Serial2_Init
                0x08000dcc       0x20 ..\obj\STM32_USART.o
 .text.STM_Serial3_Init
                0x08000dec       0x20 ..\obj\STM32_USART.o
 .text.STM_Serial1_Write
                0x08000e0c       0x24 ..\obj\STM32_USART.o
 .text.STM_Serial2_Write
                0x08000e30       0x24 ..\obj\STM32_USART.o
 .text.STM_Serial3_Write
                0x08000e54       0x24 ..\obj\STM32_USART.o
 .text.STM_Serial1_Read
                0x08000e78       0x24 ..\obj\STM32_USART.o
 .text.STM_Serial2_Read
                0x08000e9c       0x24 ..\obj\STM32_USART.o
 .text.STM_Serial3_Read
                0x08000ec0       0x24 ..\obj\STM32_USART.o
 .text.STM_Serial1_Cfg
                0x08000ee4       0x2c ..\obj\STM32_USART.o
 .text.STM_Serial2_Cfg
                0x08000f10       0x2c ..\obj\STM32_USART.o
 .text.STM_Serial3_Cfg
                0x08000f3c       0x2c ..\obj\STM32_USART.o
 .text.USART1_IRQHandler
                0x08000f68       0x38 ..\obj\main.o
                0x08000f68                USART1_IRQHandler
 .text.pchar    0x08000fa0       0x30 ..\obj\main.o
                0x08000fa0                pchar
 .text.main     0x08000fd0       0x94 ..\obj\main.o
                0x08000fd0                main
 .text.PrintChar
                0x08001064       0x1c ..\obj\printf.o
                0x08001064                PrintChar
 .text.PutChar  0x08001080       0x24 ..\obj\printf.o
                0x08001080                PutChar
 .text.PutString
                0x080010a4       0x48 ..\obj\printf.o
                0x080010a4                PutString
 .text.PutUnsignedInt
                0x080010ec       0xb4 ..\obj\printf.o
                0x080010ec                PutUnsignedInt
 .text.PutSignedInt
                0x080011a0      0x11c ..\obj\printf.o
                0x080011a0                PutSignedInt
 .text.PutHexa  0x080012bc       0xe8 ..\obj\printf.o
                0x080012bc                PutHexa
 .text.vsnprintf
                0x080013a4      0x2a4 ..\obj\printf.o
                0x080013a4                vsnprintf
 .text.vsprintf
                0x08001648       0x28 ..\obj\printf.o
                0x08001648                vsprintf
 .text.vfprintf
                0x08001670       0x68 ..\obj\printf.o
                0x08001670                vfprintf
 .text.vprintf  0x080016d8       0x2c ..\obj\printf.o
                0x080016d8                vprintf
 .text.printf   0x08001704       0x2c ..\obj\printf.o
                0x08001704                printf
 .text.fputc    0x08001730       0x44 ..\obj\printf.o
                0x08001730                fputc
 .text.fputs    0x08001774       0x50 ..\obj\printf.o
                0x08001774                fputs
 .text.RCC_APB2PeriphClockCmd
                0x080017c4       0x44 ..\obj\stm32f10x_rcc.o
                0x080017c4                RCC_APB2PeriphClockCmd
 .text.RCC_APB1PeriphClockCmd
                0x08001808       0x44 ..\obj\stm32f10x_rcc.o
                0x08001808                RCC_APB1PeriphClockCmd
 .text.dummy    0x0800184c        0xc ..\obj\buffer.o
                0x0800184c                dummy
 .text.bufferInit
                0x08001858       0x3c ..\obj\buffer.o
                0x08001858                bufferInit
 .text.bufferGetFromFront
                0x08001894       0x70 ..\obj\buffer.o
                0x08001894                bufferGetFromFront
 .text.bufferAddToEnd
                0x08001904       0x6c ..\obj\buffer.o
                0x08001904                bufferAddToEnd
 .text.bufferIsNotFull
                0x08001970       0x38 ..\obj\buffer.o
                0x08001970                bufferIsNotFull
 .text.bufferDataAvail
                0x080019a8       0x1c ..\obj\buffer.o
                0x080019a8                bufferDataAvail
 .text.NVIC_PriorityGroupConfig
                0x080019c4       0x24 ..\obj\misc.o
                0x080019c4                NVIC_PriorityGroupConfig
 .text.NVIC_Init
                0x080019e8       0xd8 ..\obj\misc.o
                0x080019e8                NVIC_Init
 *(.glue_7t)
 .glue_7t       0x00000000        0x0 linker stubs
 *(.glue_7)
 .glue_7        0x00000000        0x0 linker stubs
 *(.rodata .rodata* .gnu.linkonce.r.*)
 .rodata        0x08001ac0       0x44 ..\obj\STM32_USART.o
                0x08001ad4                pi_serial1
                0x08001ae4                pi_serial2
                0x08001af4                pi_serial3
 .rodata        0x08001b04       0x14 ..\obj\main.o
 .rodata        0x08001b18       0x24 ..\obj\printf.o

.vfp11_veneer   0x08001b3c        0x0
 .vfp11_veneer  0x00000000        0x0 linker stubs

.v4_bx          0x08001b3c        0x0
 .v4_bx         0x00000000        0x0 linker stubs

.ARM.extab
 *(.ARM.extab* .gnu.linkonce.armextab.*)

.ARM.exidx
 *(.ARM.exidx* .gnu.linkonce.armexidx.*)
                0x08001b3c                . = ALIGN (0x4)
                0x08001b3c                _etext = .
                0x08001b3c                _sidata = .

.data           0x20000000       0xf4 load address 0x08001b3c
                0x20000000                _sdata = .
 *(.data .data.*)
 .data          0x20000000       0xf4 ..\obj\printf.o
                0x20000000                r
                0x200000f0                _impure_ptr
                0x200000f4                . = ALIGN (0x4)
                0x200000f4                _edata = .

.bss            0x200000f4       0x40 load address 0x08001c30
                0x200000f4                _sbss = .
 *(.bss .bss.*)
 *(COMMON)
 COMMON         0x200000f4       0x40 ..\obj\main.o
                0x200000f4                buffer
                0x20000128                recvBuffer
                0x20000134                . = ALIGN (0x4)
                0x20000134                _ebss = .

.co_stack       0x20000134      0x404 load address 0x08001c70
                0x20000138                . = ALIGN (0x8)
 *fill*         0x20000134        0x4 00
 *(.co_stack .co_stack.*)
 .co_stack      0x20000138      0x400 ..\obj\startup_stm32f10x_md_vl.o
                0x20000138                pulStack
                0x20000538                . = ALIGN (0x4)
                0x20000538                _end = .
LOAD ..\obj\stm32f10x_rtc.o
LOAD ..\obj\startup_stm32f10x_md_vl.o
LOAD ..\obj\core_cm3.o
LOAD ..\obj\system_stm32f10x.o
LOAD ..\obj\STM32_USART.o
LOAD ..\obj\stm32f10x_gpio.o
LOAD ..\obj\main.o
LOAD ..\obj\printf.o
LOAD ..\obj\stm32f10x_rcc.o
LOAD ..\obj\buffer.o
LOAD ..\obj\syscalls.o
LOAD ..\obj\misc.o
START GROUP
LOAD j:/cocenter/cooide/gcc/sourcery g++ lite/bin/../lib/gcc/arm-none-eabi/4.5.2/thumb2\libgcc.a
LOAD j:/cocenter/cooide/gcc/sourcery g++ lite/bin/../lib/gcc/arm-none-eabi/4.5.2/../../../../arm-none-eabi/lib/thumb2\libc.a
END GROUP
OUTPUT(STM32UARTInt.elf elf32-littlearm)

.debug_abbrev   0x00000000     0x1074
 .debug_abbrev  0x00000000      0x166 ..\obj\stm32f10x_rtc.o
 .debug_abbrev  0x00000166       0xa3 ..\obj\startup_stm32f10x_md_vl.o
 .debug_abbrev  0x00000209       0xd5 ..\obj\core_cm3.o
 .debug_abbrev  0x000002de      0x17e ..\obj\system_stm32f10x.o
 .debug_abbrev  0x0000045c      0x214 ..\obj\STM32_USART.o
 .debug_abbrev  0x00000670      0x1a4 ..\obj\stm32f10x_gpio.o
 .debug_abbrev  0x00000814      0x1bb ..\obj\main.o
 .debug_abbrev  0x000009cf      0x238 ..\obj\printf.o
 .debug_abbrev  0x00000c07      0x191 ..\obj\stm32f10x_rcc.o
 .debug_abbrev  0x00000d98       0xc9 ..\obj\buffer.o
 .debug_abbrev  0x00000e61       0xde ..\obj\syscalls.o
 .debug_abbrev  0x00000f3f      0x135 ..\obj\misc.o

.debug_info     0x00000000     0x4f69
 .debug_info    0x00000000      0x46a ..\obj\stm32f10x_rtc.o
 .debug_info    0x0000046a      0x131 ..\obj\startup_stm32f10x_md_vl.o
 .debug_info    0x0000059b      0x548 ..\obj\core_cm3.o
 .debug_info    0x00000ae3      0x433 ..\obj\system_stm32f10x.o
 .debug_info    0x00000f16     0x1064 ..\obj\STM32_USART.o
 .debug_info    0x00001f7a      0x723 ..\obj\stm32f10x_gpio.o
 .debug_info    0x0000269d      0x460 ..\obj\main.o
 .debug_info    0x00002afd      0xed2 ..\obj\printf.o
 .debug_info    0x000039cf      0x976 ..\obj\stm32f10x_rcc.o
 .debug_info    0x00004345      0x29e ..\obj\buffer.o
 .debug_info    0x000045e3      0x440 ..\obj\syscalls.o
 .debug_info    0x00004a23      0x546 ..\obj\misc.o

.debug_line     0x00000000     0x2021
 .debug_line    0x00000000      0x28d ..\obj\stm32f10x_rtc.o
 .debug_line    0x0000028d       0xaa ..\obj\startup_stm32f10x_md_vl.o
 .debug_line    0x00000337      0x285 ..\obj\core_cm3.o
 .debug_line    0x000005bc      0x21b ..\obj\system_stm32f10x.o
 .debug_line    0x000007d7      0x538 ..\obj\STM32_USART.o
 .debug_line    0x00000d0f      0x36f ..\obj\stm32f10x_gpio.o
 .debug_line    0x0000107e      0x23e ..\obj\main.o
 .debug_line    0x000012bc      0x3cc ..\obj\printf.o
 .debug_line    0x00001688      0x495 ..\obj\stm32f10x_rcc.o
 .debug_line    0x00001b1d      0x16c ..\obj\buffer.o
 .debug_line    0x00001c89      0x193 ..\obj\syscalls.o
 .debug_line    0x00001e1c      0x205 ..\obj\misc.o

.debug_loc      0x00000000     0x21b8
 .debug_loc     0x00000000      0x2e0 ..\obj\stm32f10x_rtc.o
 .debug_loc     0x000002e0       0x64 ..\obj\startup_stm32f10x_md_vl.o
 .debug_loc     0x00000344      0x3f0 ..\obj\core_cm3.o
 .debug_loc     0x00000734       0xc8 ..\obj\system_stm32f10x.o
 .debug_loc     0x000007fc      0x50a ..\obj\STM32_USART.o
 .debug_loc     0x00000d06      0x3e4 ..\obj\stm32f10x_gpio.o
 .debug_loc     0x000010ea       0xa8 ..\obj\main.o
 .debug_loc     0x00001192      0x3ea ..\obj\printf.o
 .debug_loc     0x0000157c      0x714 ..\obj\stm32f10x_rcc.o
 .debug_loc     0x00001c90      0x224 ..\obj\buffer.o
 .debug_loc     0x00001eb4      0x1ec ..\obj\syscalls.o
 .debug_loc     0x000020a0      0x118 ..\obj\misc.o

.debug_pubnames
                0x00000000      0xbbb
 .debug_pubnames
                0x00000000      0x136 ..\obj\stm32f10x_rtc.o
 .debug_pubnames
                0x00000136       0x4a ..\obj\startup_stm32f10x_md_vl.o
 .debug_pubnames
                0x00000180      0x159 ..\obj\core_cm3.o
 .debug_pubnames
                0x000002d9       0x61 ..\obj\system_stm32f10x.o
 .debug_pubnames
                0x0000033a       0xe8 ..\obj\STM32_USART.o
 .debug_pubnames
                0x00000422      0x19d ..\obj\stm32f10x_gpio.o
 .debug_pubnames
                0x000005bf       0x55 ..\obj\main.o
 .debug_pubnames
                0x00000614      0x101 ..\obj\printf.o
 .debug_pubnames
                0x00000715      0x2da ..\obj\stm32f10x_rcc.o
 .debug_pubnames
                0x000009ef       0xd2 ..\obj\buffer.o
 .debug_pubnames
                0x00000ac1       0x71 ..\obj\syscalls.o
 .debug_pubnames
                0x00000b32       0x89 ..\obj\misc.o

.debug_pubtypes
                0x00000000      0x7cf
 .debug_pubtypes
                0x00000000       0x78 ..\obj\stm32f10x_rtc.o
 .debug_pubtypes
                0x00000078       0x50 ..\obj\core_cm3.o
 .debug_pubtypes
                0x000000c8       0x55 ..\obj\system_stm32f10x.o
 .debug_pubtypes
                0x0000011d      0x234 ..\obj\STM32_USART.o
 .debug_pubtypes
                0x00000351       0xc3 ..\obj\stm32f10x_gpio.o
 .debug_pubtypes
                0x00000414       0x89 ..\obj\main.o
 .debug_pubtypes
                0x0000049d      0x139 ..\obj\printf.o
 .debug_pubtypes
                0x000005d6       0x9e ..\obj\stm32f10x_rcc.o
 .debug_pubtypes
                0x00000674       0x31 ..\obj\buffer.o
 .debug_pubtypes
                0x000006a5       0xaa ..\obj\syscalls.o
 .debug_pubtypes
                0x0000074f       0x80 ..\obj\misc.o

.debug_aranges  0x00000000      0x620
 .debug_aranges
                0x00000000       0x88 ..\obj\stm32f10x_rtc.o
 .debug_aranges
                0x00000088       0x28 ..\obj\startup_stm32f10x_md_vl.o
 .debug_aranges
                0x000000b0       0xc8 ..\obj\core_cm3.o
 .debug_aranges
                0x00000178       0x38 ..\obj\system_stm32f10x.o
 .debug_aranges
                0x000001b0       0xd0 ..\obj\STM32_USART.o
 .debug_aranges
                0x00000280       0xa8 ..\obj\stm32f10x_gpio.o
 .debug_aranges
                0x00000328       0x30 ..\obj\main.o
 .debug_aranges
                0x00000358       0xa0 ..\obj\printf.o
 .debug_aranges
                0x000003f8      0x120 ..\obj\stm32f10x_rcc.o
 .debug_aranges
                0x00000518       0x68 ..\obj\buffer.o
 .debug_aranges
                0x00000580       0x60 ..\obj\syscalls.o
 .debug_aranges
                0x000005e0       0x40 ..\obj\misc.o

.debug_ranges   0x00000000      0x560
 .debug_ranges  0x00000000       0x78 ..\obj\stm32f10x_rtc.o
 .debug_ranges  0x00000078       0x18 ..\obj\startup_stm32f10x_md_vl.o
 .debug_ranges  0x00000090       0xb8 ..\obj\core_cm3.o
 .debug_ranges  0x00000148       0x28 ..\obj\system_stm32f10x.o
 .debug_ranges  0x00000170       0xc0 ..\obj\STM32_USART.o
 .debug_ranges  0x00000230       0x98 ..\obj\stm32f10x_gpio.o
 .debug_ranges  0x000002c8       0x20 ..\obj\main.o
 .debug_ranges  0x000002e8       0x90 ..\obj\printf.o
 .debug_ranges  0x00000378      0x110 ..\obj\stm32f10x_rcc.o
 .debug_ranges  0x00000488       0x58 ..\obj\buffer.o
 .debug_ranges  0x000004e0       0x50 ..\obj\syscalls.o
 .debug_ranges  0x00000530       0x30 ..\obj\misc.o

.debug_str      0x00000000     0x1e70
 .debug_str     0x00000000      0x2af ..\obj\stm32f10x_rtc.o
                                0x304 (size before relaxing)
 .debug_str     0x000002af       0xb8 ..\obj\startup_stm32f10x_md_vl.o
                                 0xe3 (size before relaxing)
 .debug_str     0x00000367      0x167 ..\obj\core_cm3.o
                                0x22e (size before relaxing)
 .debug_str     0x000004ce      0x161 ..\obj\system_stm32f10x.o
                                0x236 (size before relaxing)
 .debug_str     0x0000062f      0x9d2 ..\obj\STM32_USART.o
                                0xba9 (size before relaxing)
 .debug_str     0x00001001      0x21e ..\obj\stm32f10x_gpio.o
                                0x47b (size before relaxing)
 .debug_str     0x0000121f       0xd2 ..\obj\main.o
                                0x2c8 (size before relaxing)
 .debug_str     0x000012f1      0x4a5 ..\obj\printf.o
                                0x5d5 (size before relaxing)
 .debug_str     0x00001796      0x34c ..\obj\stm32f10x_rcc.o
                                0x5cf (size before relaxing)
 .debug_str     0x00001ae2       0xe4 ..\obj\buffer.o
                                0x15c (size before relaxing)
 .debug_str     0x00001bc6      0x14c ..\obj\syscalls.o
                                0x255 (size before relaxing)
 .debug_str     0x00001d12      0x15e ..\obj\misc.o
                                0x325 (size before relaxing)

.comment        0x00000000       0x2a
 .comment       0x00000000       0x2a ..\obj\stm32f10x_rtc.o
                                 0x2b (size before relaxing)
 .comment       0x00000000       0x2b ..\obj\startup_stm32f10x_md_vl.o
 .comment       0x00000000       0x2b ..\obj\core_cm3.o
 .comment       0x00000000       0x2b ..\obj\system_stm32f10x.o
 .comment       0x00000000       0x2b ..\obj\STM32_USART.o
 .comment       0x00000000       0x2b ..\obj\stm32f10x_gpio.o
 .comment       0x00000000       0x2b ..\obj\main.o
 .comment       0x00000000       0x2b ..\obj\printf.o
 .comment       0x00000000       0x2b ..\obj\stm32f10x_rcc.o
 .comment       0x00000000       0x2b ..\obj\buffer.o
 .comment       0x00000000       0x2b ..\obj\syscalls.o
 .comment       0x00000000       0x2b ..\obj\misc.o

.ARM.attributes
                0x00000000       0x31
 .ARM.attributes
                0x00000000       0x31 ..\obj\stm32f10x_rtc.o
 .ARM.attributes
                0x00000031       0x31 ..\obj\startup_stm32f10x_md_vl.o
 .ARM.attributes
                0x00000062       0x31 ..\obj\core_cm3.o
 .ARM.attributes
                0x00000093       0x31 ..\obj\system_stm32f10x.o
 .ARM.attributes
                0x000000c4       0x31 ..\obj\STM32_USART.o
 .ARM.attributes
                0x000000f5       0x31 ..\obj\stm32f10x_gpio.o
 .ARM.attributes
                0x00000126       0x31 ..\obj\main.o
 .ARM.attributes
                0x00000157       0x31 ..\obj\printf.o
 .ARM.attributes
                0x00000188       0x31 ..\obj\stm32f10x_rcc.o
 .ARM.attributes
                0x000001b9       0x31 ..\obj\buffer.o
 .ARM.attributes
                0x000001ea       0x31 ..\obj\syscalls.o
 .ARM.attributes
                0x0000021b       0x31 ..\obj\misc.o

.debug_frame    0x00000000     0x130c
 .debug_frame   0x00000000      0x194 ..\obj\stm32f10x_rtc.o
 .debug_frame   0x00000194       0x48 ..\obj\startup_stm32f10x_md_vl.o
 .debug_frame   0x000001dc      0x280 ..\obj\core_cm3.o
 .debug_frame   0x0000045c       0x80 ..\obj\system_stm32f10x.o
 .debug_frame   0x000004dc      0x2dc ..\obj\STM32_USART.o
 .debug_frame   0x000007b8      0x210 ..\obj\stm32f10x_gpio.o
 .debug_frame   0x000009c8       0x6c ..\obj\main.o
 .debug_frame   0x00000a34      0x248 ..\obj\printf.o
 .debug_frame   0x00000c7c      0x3a4 ..\obj\stm32f10x_rcc.o
 .debug_frame   0x00001020      0x148 ..\obj\buffer.o
 .debug_frame   0x00001168      0x108 ..\obj\syscalls.o
 .debug_frame   0x00001270       0x9c ..\obj\misc.o
