Archive member included because of file (symbol)

j:/cocenter/cooide/gcc/sourcery g++ lite/bin/../lib/gcc/arm-none-eabi/4.5.2/../../../../arm-none-eabi/lib/thumb2\libc.a(lib_a-memcpy.o)
                              ..\obj\iFAT32.o (memcpy)
j:/cocenter/cooide/gcc/sourcery g++ lite/bin/../lib/gcc/arm-none-eabi/4.5.2/../../../../arm-none-eabi/lib/thumb2\libc.a(lib_a-memset.o)
                              ..\obj\iFAT32.o (memset)
j:/cocenter/cooide/gcc/sourcery g++ lite/bin/../lib/gcc/arm-none-eabi/4.5.2/../../../../arm-none-eabi/lib/thumb2\libc.a(lib_a-strcmp.o)
                              ..\obj\iFAT32.o (strcmp)
j:/cocenter/cooide/gcc/sourcery g++ lite/bin/../lib/gcc/arm-none-eabi/4.5.2/../../../../arm-none-eabi/lib/thumb2\libc.a(lib_a-strcpy.o)
                              ..\obj\iFAT.o (strcpy)
j:/cocenter/cooide/gcc/sourcery g++ lite/bin/../lib/gcc/arm-none-eabi/4.5.2/../../../../arm-none-eabi/lib/thumb2\libc.a(lib_a-strlen.o)
                              ..\obj\iFAT.o (strlen)

Allocating common symbols
Common symbol       size              file

iFat                0x250             ..\obj\iFAT32.o
iBulkT              0x1c              ..\obj\iFAT32.o
iFile               0x228             ..\obj\iFAT32.o
BlockSize           0x4               ..\obj\iDisk.o

Discarded input sections

 .text          0x00000000        0x0 ..\obj\iFAT32.o
 .data          0x00000000        0x0 ..\obj\iFAT32.o
 .bss           0x00000000        0x0 ..\obj\iFAT32.o
 .rodata        0x00000000       0x1c ..\obj\iFAT32.o
 .text.iFat32_GetCapital
                0x00000000       0x2c ..\obj\iFAT32.o
 .text.iFat32_IsSameCharacter
                0x00000000       0x74 ..\obj\iFAT32.o
 .text.iFat32_NameCmp
                0x00000000       0x5c ..\obj\iFAT32.o
 .text.iFat32_WriteFAT
                0x00000000       0x6c ..\obj\iFAT32.o
 .text.iFat32_ReadFAT
                0x00000000       0x38 ..\obj\iFAT32.o
 .text.iFAT32_GetSecFromCluster
                0x00000000       0x34 ..\obj\iFAT32.o
 .text.iFAT32_WriteCluster
                0x00000000       0x88 ..\obj\iFAT32.o
 .text.iFAT32_ReadCluster
                0x00000000       0xb8 ..\obj\iFAT32.o
 .text.iFAT32_ReadNewCluster
                0x00000000       0xa4 ..\obj\iFAT32.o
 .text.iFAT32_MBR
                0x00000000       0xa8 ..\obj\iFAT32.o
 .text.iFAT32_DBR
                0x00000000      0x2c0 ..\obj\iFAT32.o
 .text.iFAT32_SetIFat
                0x00000000       0x60 ..\obj\iFAT32.o
 .text.iFAT32_Init
                0x00000000       0xe8 ..\obj\iFAT32.o
 .text.iFAT32_Uninstall
                0x00000000       0x18 ..\obj\iFAT32.o
 .text.iFAT32_GetNextCluster
                0x00000000       0x8c ..\obj\iFAT32.o
 .text.iFTA32_GetNewCluster
                0x00000000      0x260 ..\obj\iFAT32.o
 .text.iFTA32_GetNewClusters
                0x00000000      0x294 ..\obj\iFAT32.o
 .text.iFAT32_RecoverCluster
                0x00000000       0x88 ..\obj\iFAT32.o
 .text.iFAT32_GetFatherDir
                0x00000000       0x5c ..\obj\iFAT32.o
 .text.iFAT32_RecoverFileCluster
                0x00000000       0x2c ..\obj\iFAT32.o
 .text.iFAT32_FlushData
                0x00000000      0x280 ..\obj\iFAT32.o
 .text.iFAT32_GetChkNum
                0x00000000       0x70 ..\obj\iFAT32.o
 .text.iFAT32_DisposeShortFileName
                0x00000000      0x1e0 ..\obj\iFAT32.o
 .text.iFAT32_DisposeLongFileName
                0x00000000      0x284 ..\obj\iFAT32.o
 .text.iFAT32_DisposeFileItem
                0x00000000       0xa4 ..\obj\iFAT32.o
 .text.iFAT32_SpreadAllOverDir
                0x00000000      0x104 ..\obj\iFAT32.o
 .text.iFAT32_ShowCurDirList
                0x00000000       0xcc ..\obj\iFAT32.o
 .text.iFAT32_CreateShortNameFile
                0x00000000      0x2a8 ..\obj\iFAT32.o
 .text.iFAT32_CreateLongNameFile
                0x00000000      0x6c4 ..\obj\iFAT32.o
 .text.iFAT32_FileRead
                0x00000000      0x154 ..\obj\iFAT32.o
 .text.iFAT32_FileWrite
                0x00000000      0x1bc ..\obj\iFAT32.o
 .text.iFAT32_BulkWriteFile
                0x00000000       0xf8 ..\obj\iFAT32.o
 .text.iFAT32_DoBulkWrite
                0x00000000      0x134 ..\obj\iFAT32.o
 .text.iFAT32_DeleteFile
                0x00000000       0x6c ..\obj\iFAT32.o
 COMMON         0x00000000      0x494 ..\obj\iFAT32.o
 .text          0x00000000        0x0 ..\obj\main.o
 .data          0x00000000        0x0 ..\obj\main.o
 .bss           0x00000000        0x0 ..\obj\main.o
 .text.main     0x00000000        0xc ..\obj\main.o
 .text          0x00000000        0x0 ..\obj\simpleread&write!.o
 .data          0x00000000        0x0 ..\obj\simpleread&write!.o
 .bss           0x00000000        0x0 ..\obj\simpleread&write!.o
 .rodata        0x00000000        0xc ..\obj\simpleread&write!.o
 .text.function
                0x00000000      0x1bc ..\obj\simpleread&write!.o
 .text          0x00000000        0x0 ..\obj\unicodetogb2312.o
 .data          0x00000000        0x0 ..\obj\unicodetogb2312.o
 .bss           0x00000000        0x0 ..\obj\unicodetogb2312.o
 .rodata        0x00000000     0x7454 ..\obj\unicodetogb2312.o
 .text.UnicodeToGB2312
                0x00000000       0x90 ..\obj\unicodetogb2312.o
 .text.GB2312ToUnicode
                0x00000000       0x60 ..\obj\unicodetogb2312.o
 .text          0x00000000        0x0 ..\obj\iFAT.o
 .data          0x00000000        0x0 ..\obj\iFAT.o
 .bss           0x00000000        0x0 ..\obj\iFAT.o
 .text.iFAT_GetFileName
                0x00000000       0x64 ..\obj\iFAT.o
 .text.iFAT_AnalyseFileName
                0x00000000       0x90 ..\obj\iFAT.o
 .text.iFAT_InitIFile
                0x00000000       0x74 ..\obj\iFAT.o
 .text.iFAT_GetDateTimestamp
                0x00000000       0x40 ..\obj\iFAT.o
 .text.iFAT_GetTimestamp
                0x00000000       0x40 ..\obj\iFAT.o
 .text.iFAT_GetTimeFromTimestamp
                0x00000000       0x80 ..\obj\iFAT.o
 .text.iFAT_Init
                0x00000000       0x1c ..\obj\iFAT.o
 .text.iFAT_Uninstall
                0x00000000        0xc ..\obj\iFAT.o
 .text.iFAT_OpenFile
                0x00000000       0xb8 ..\obj\iFAT.o
 .text.iFAT_CreateFile
                0x00000000      0x130 ..\obj\iFAT.o
 .text.iFAT_CloseFile
                0x00000000       0x1c ..\obj\iFAT.o
 .text.iFAT_GetFileCreatTime
                0x00000000       0x28 ..\obj\iFAT.o
 .text.iFAT_GetFileModifyTime
                0x00000000       0x28 ..\obj\iFAT.o
 .text.iFAT_DeleteFile
                0x00000000       0x58 ..\obj\iFAT.o
 .text.iFAT_SeekFile
                0x00000000       0xa8 ..\obj\iFAT.o
 .text.iFAT_ReadFile
                0x00000000       0x34 ..\obj\iFAT.o
 .text.iFAT_WriteFile
                0x00000000       0x30 ..\obj\iFAT.o
 .text.iFAT_BulkWriteFile
                0x00000000       0x4c ..\obj\iFAT.o
 .text.iFAT_DoBulkWrite
                0x00000000       0x48 ..\obj\iFAT.o
 .text.iFAT_SetCurDir
                0x00000000       0x78 ..\obj\iFAT.o
 .text.iFAT_ShowCurDir
                0x00000000       0x30 ..\obj\iFAT.o
 .text          0x00000000        0x0 ..\obj\syscalls.o
 .data          0x00000000        0x0 ..\obj\syscalls.o
 .bss           0x00000000        0x4 ..\obj\syscalls.o
 .text._sbrk    0x00000000       0x40 ..\obj\syscalls.o
 .text.link     0x00000000       0x1c ..\obj\syscalls.o
 .text._close   0x00000000       0x18 ..\obj\syscalls.o
 .text._fstat   0x00000000       0x24 ..\obj\syscalls.o
 .text._isatty  0x00000000       0x18 ..\obj\syscalls.o
 .text._lseek   0x00000000       0x1c ..\obj\syscalls.o
 .text._read    0x00000000       0x1c ..\obj\syscalls.o
 .text._write   0x00000000       0x1c ..\obj\syscalls.o
 .text.abort    0x00000000        0x8 ..\obj\syscalls.o
 .text          0x00000000        0x0 ..\obj\iDisk.o
 .data          0x00000000        0x0 ..\obj\iDisk.o
 .bss           0x00000000        0x0 ..\obj\iDisk.o
 .text.iDisk_Init
                0x00000000       0x10 ..\obj\iDisk.o
 .text.iDisk_GetBlockSize
                0x00000000       0x14 ..\obj\iDisk.o
 .text.iDisk_ReadBlock
                0x00000000       0x1c ..\obj\iDisk.o
 .text.iDisk_WriteBlock
                0x00000000       0x1c ..\obj\iDisk.o
 .text.iDisk_ReadBuffer
                0x00000000       0x1c ..\obj\iDisk.o
 .text.iDisk_WriteBuffer
                0x00000000       0x1c ..\obj\iDisk.o
 .text.iDisk_BeginBulkWrite
                0x00000000       0x18 ..\obj\iDisk.o
 .text.iDisk_DoBulkWrite
                0x00000000       0x1c ..\obj\iDisk.o
 COMMON         0x00000000        0x4 ..\obj\iDisk.o
 .text          0x00000000      0x150 j:/cocenter/cooide/gcc/sourcery g++ lite/bin/../lib/gcc/arm-none-eabi/4.5.2/../../../../arm-none-eabi/lib/thumb2\libc.a(lib_a-memcpy.o)
 .data          0x00000000        0x0 j:/cocenter/cooide/gcc/sourcery g++ lite/bin/../lib/gcc/arm-none-eabi/4.5.2/../../../../arm-none-eabi/lib/thumb2\libc.a(lib_a-memcpy.o)
 .bss           0x00000000        0x0 j:/cocenter/cooide/gcc/sourcery g++ lite/bin/../lib/gcc/arm-none-eabi/4.5.2/../../../../arm-none-eabi/lib/thumb2\libc.a(lib_a-memcpy.o)
 .text          0x00000000       0xb4 j:/cocenter/cooide/gcc/sourcery g++ lite/bin/../lib/gcc/arm-none-eabi/4.5.2/../../../../arm-none-eabi/lib/thumb2\libc.a(lib_a-memset.o)
 .data          0x00000000        0x0 j:/cocenter/cooide/gcc/sourcery g++ lite/bin/../lib/gcc/arm-none-eabi/4.5.2/../../../../arm-none-eabi/lib/thumb2\libc.a(lib_a-memset.o)
 .bss           0x00000000        0x0 j:/cocenter/cooide/gcc/sourcery g++ lite/bin/../lib/gcc/arm-none-eabi/4.5.2/../../../../arm-none-eabi/lib/thumb2\libc.a(lib_a-memset.o)
 .text          0x00000000      0x1dc j:/cocenter/cooide/gcc/sourcery g++ lite/bin/../lib/gcc/arm-none-eabi/4.5.2/../../../../arm-none-eabi/lib/thumb2\libc.a(lib_a-strcmp.o)
 .data          0x00000000        0x0 j:/cocenter/cooide/gcc/sourcery g++ lite/bin/../lib/gcc/arm-none-eabi/4.5.2/../../../../arm-none-eabi/lib/thumb2\libc.a(lib_a-strcmp.o)
 .bss           0x00000000        0x0 j:/cocenter/cooide/gcc/sourcery g++ lite/bin/../lib/gcc/arm-none-eabi/4.5.2/../../../../arm-none-eabi/lib/thumb2\libc.a(lib_a-strcmp.o)
 .text          0x00000000       0xbc j:/cocenter/cooide/gcc/sourcery g++ lite/bin/../lib/gcc/arm-none-eabi/4.5.2/../../../../arm-none-eabi/lib/thumb2\libc.a(lib_a-strcpy.o)
 .data          0x00000000        0x0 j:/cocenter/cooide/gcc/sourcery g++ lite/bin/../lib/gcc/arm-none-eabi/4.5.2/../../../../arm-none-eabi/lib/thumb2\libc.a(lib_a-strcpy.o)
 .bss           0x00000000        0x0 j:/cocenter/cooide/gcc/sourcery g++ lite/bin/../lib/gcc/arm-none-eabi/4.5.2/../../../../arm-none-eabi/lib/thumb2\libc.a(lib_a-strcpy.o)
 .text          0x00000000       0x60 j:/cocenter/cooide/gcc/sourcery g++ lite/bin/../lib/gcc/arm-none-eabi/4.5.2/../../../../arm-none-eabi/lib/thumb2\libc.a(lib_a-strlen.o)
 .data          0x00000000        0x0 j:/cocenter/cooide/gcc/sourcery g++ lite/bin/../lib/gcc/arm-none-eabi/4.5.2/../../../../arm-none-eabi/lib/thumb2\libc.a(lib_a-strlen.o)
 .bss           0x00000000        0x0 j:/cocenter/cooide/gcc/sourcery g++ lite/bin/../lib/gcc/arm-none-eabi/4.5.2/../../../../arm-none-eabi/lib/thumb2\libc.a(lib_a-strlen.o)

Memory Configuration

Name             Origin             Length             Attributes
rom              0x08000000         0x00010000         xr
ram              0x20000000         0x00005000         xrw
*default*        0x00000000         0xffffffff

Linker script and memory map

                0x20005000                _eram = 0x20005000

.text           0x08000000        0x0
 *(.isr_vector .isr_vector.*)
 *(.text .text.* .gnu.linkonce.t.*)
 *(.glue_7t)
 .glue_7t       0x00000000        0x0 linker stubs
 *(.glue_7)
 .glue_7        0x00000000        0x0 linker stubs
 *(.rodata .rodata* .gnu.linkonce.r.*)

.vfp11_veneer   0x08000000        0x0
 .vfp11_veneer  0x00000000        0x0 linker stubs

.v4_bx          0x08000000        0x0
 .v4_bx         0x00000000        0x0 linker stubs

.ARM.extab
 *(.ARM.extab* .gnu.linkonce.armextab.*)

.ARM.exidx
 *(.ARM.exidx* .gnu.linkonce.armexidx.*)
                0x08000000                . = ALIGN (0x4)
                0x08000000                _etext = .
                0x08000000                _sidata = .

.data           0x20000000        0x0 load address 0x00000000
                0x20000000                _sdata = .
 *(.data .data.*)
                0x20000000                . = ALIGN (0x4)
                0x20000000                _edata = .

.bss            0x20000000        0x0
                0x20000000                _sbss = .
 *(.bss .bss.*)
 *(COMMON)
                0x20000000                . = ALIGN (0x4)
                0x20000000                _ebss = .

.co_stack       0x20000000        0x0
                0x20000000                . = ALIGN (0x8)
 *(.co_stack .co_stack.*)
                0x20000000                . = ALIGN (0x4)
                0x20000000                _end = .
LOAD ..\obj\iFAT32.o
LOAD ..\obj\main.o
LOAD ..\obj\simpleread&write!.o
LOAD ..\obj\unicodetogb2312.o
LOAD ..\obj\iFAT.o
LOAD ..\obj\syscalls.o
LOAD ..\obj\iDisk.o
START GROUP
LOAD j:/cocenter/cooide/gcc/sourcery g++ lite/bin/../lib/gcc/arm-none-eabi/4.5.2/thumb2\libgcc.a
LOAD j:/cocenter/cooide/gcc/sourcery g++ lite/bin/../lib/gcc/arm-none-eabi/4.5.2/../../../../arm-none-eabi/lib/thumb2\libc.a
END GROUP
OUTPUT(stmfat.elf elf32-littlearm)

.debug_abbrev   0x00000000      0x73e
 .debug_abbrev  0x00000000      0x208 ..\obj\iFAT32.o
 .debug_abbrev  0x00000208       0x38 ..\obj\main.o
 .debug_abbrev  0x00000240       0xd9 ..\obj\simpleread&write!.o
 .debug_abbrev  0x00000319       0xc3 ..\obj\unicodetogb2312.o
 .debug_abbrev  0x000003dc      0x1dd ..\obj\iFAT.o
 .debug_abbrev  0x000005b9       0xe0 ..\obj\syscalls.o
 .debug_abbrev  0x00000699       0xa5 ..\obj\iDisk.o

.debug_info     0x00000000     0x2775
 .debug_info    0x00000000     0x1221 ..\obj\iFAT32.o
 .debug_info    0x00001221       0x4a ..\obj\main.o
 .debug_info    0x0000126b      0x3fe ..\obj\simpleread&write!.o
 .debug_info    0x00001669      0x164 ..\obj\unicodetogb2312.o
 .debug_info    0x000017cd      0x93a ..\obj\iFAT.o
 .debug_info    0x00002107      0x444 ..\obj\syscalls.o
 .debug_info    0x0000254b      0x22a ..\obj\iDisk.o

.debug_line     0x00000000     0x15b2
 .debug_line    0x00000000      0x9f3 ..\obj\iFAT32.o
 .debug_line    0x000009f3       0x5e ..\obj\main.o
 .debug_line    0x00000a51       0xe2 ..\obj\simpleread&write!.o
 .debug_line    0x00000b33       0xdb ..\obj\unicodetogb2312.o
 .debug_line    0x00000c0e      0x50f ..\obj\iFAT.o
 .debug_line    0x0000111d      0x384 ..\obj\syscalls.o
 .debug_line    0x000014a1      0x111 ..\obj\iDisk.o

.debug_macinfo  0x00000000    0x1609e
 .debug_macinfo
                0x00000000     0x4191 ..\obj\iFAT32.o
 .debug_macinfo
                0x00004191     0x21c8 ..\obj\main.o
 .debug_macinfo
                0x00006359     0x2324 ..\obj\simpleread&write!.o
 .debug_macinfo
                0x0000867d     0x21cc ..\obj\unicodetogb2312.o
 .debug_macinfo
                0x0000a849     0x41f8 ..\obj\iFAT.o
 .debug_macinfo
                0x0000ea41     0x5486 ..\obj\syscalls.o
 .debug_macinfo
                0x00013ec7     0x21d7 ..\obj\iDisk.o

.debug_loc      0x00000000     0x1071
 .debug_loc     0x00000000      0x76a ..\obj\iFAT32.o
 .debug_loc     0x0000076a       0x2c ..\obj\main.o
 .debug_loc     0x00000796       0x47 ..\obj\simpleread&write!.o
 .debug_loc     0x000007dd       0x70 ..\obj\unicodetogb2312.o
 .debug_loc     0x0000084d      0x490 ..\obj\iFAT.o
 .debug_loc     0x00000cdd      0x1ec ..\obj\syscalls.o
 .debug_loc     0x00000ec9      0x1a8 ..\obj\iDisk.o

.debug_pubnames
                0x00000000      0x64b
 .debug_pubnames
                0x00000000      0x2f8 ..\obj\iFAT32.o
 .debug_pubnames
                0x000002f8       0x1b ..\obj\main.o
 .debug_pubnames
                0x00000313       0x1f ..\obj\simpleread&write!.o
 .debug_pubnames
                0x00000332       0x52 ..\obj\unicodetogb2312.o
 .debug_pubnames
                0x00000384      0x18d ..\obj\iFAT.o
 .debug_pubnames
                0x00000511       0x71 ..\obj\syscalls.o
 .debug_pubnames
                0x00000582       0xc9 ..\obj\iDisk.o

.debug_pubtypes
                0x00000000      0x25a
 .debug_pubtypes
                0x00000000       0x81 ..\obj\iFAT32.o
 .debug_pubtypes
                0x00000081       0x87 ..\obj\simpleread&write!.o
 .debug_pubtypes
                0x00000108       0x28 ..\obj\unicodetogb2312.o
 .debug_pubtypes
                0x00000130       0x80 ..\obj\iFAT.o
 .debug_pubtypes
                0x000001b0       0xaa ..\obj\syscalls.o

.debug_aranges  0x00000000      0x308
 .debug_aranges
                0x00000000      0x128 ..\obj\iFAT32.o
 .debug_aranges
                0x00000128       0x20 ..\obj\main.o
 .debug_aranges
                0x00000148       0x20 ..\obj\simpleread&write!.o
 .debug_aranges
                0x00000168       0x28 ..\obj\unicodetogb2312.o
 .debug_aranges
                0x00000190       0xc0 ..\obj\iFAT.o
 .debug_aranges
                0x00000250       0x60 ..\obj\syscalls.o
 .debug_aranges
                0x000002b0       0x58 ..\obj\iDisk.o

.debug_ranges   0x00000000      0x298
 .debug_ranges  0x00000000      0x118 ..\obj\iFAT32.o
 .debug_ranges  0x00000118       0x10 ..\obj\main.o
 .debug_ranges  0x00000128       0x10 ..\obj\simpleread&write!.o
 .debug_ranges  0x00000138       0x18 ..\obj\unicodetogb2312.o
 .debug_ranges  0x00000150       0xb0 ..\obj\iFAT.o
 .debug_ranges  0x00000200       0x50 ..\obj\syscalls.o
 .debug_ranges  0x00000250       0x48 ..\obj\iDisk.o

.debug_str      0x00000000      0xc7e
 .debug_str     0x00000000      0x716 ..\obj\iFAT32.o
                                0x774 (size before relaxing)
 .debug_str     0x00000716       0x30 ..\obj\main.o
                                 0x3c (size before relaxing)
 .debug_str     0x00000746       0x77 ..\obj\simpleread&write!.o
                                0x288 (size before relaxing)
 .debug_str     0x000007bd       0x89 ..\obj\unicodetogb2312.o
                                 0xd7 (size before relaxing)
 .debug_str     0x00000846      0x1e5 ..\obj\iFAT.o
                                0x462 (size before relaxing)
 .debug_str     0x00000a2b      0x188 ..\obj\syscalls.o
                                0x249 (size before relaxing)
 .debug_str     0x00000bb3       0xcb ..\obj\iDisk.o
                                0x106 (size before relaxing)

.comment        0x00000000       0x2a
 .comment       0x00000000       0x2a ..\obj\iFAT32.o
                                 0x2b (size before relaxing)
 .comment       0x00000000       0x2b ..\obj\main.o
 .comment       0x00000000       0x2b ..\obj\simpleread&write!.o
 .comment       0x00000000       0x2b ..\obj\unicodetogb2312.o
 .comment       0x00000000       0x2b ..\obj\iFAT.o
 .comment       0x00000000       0x2b ..\obj\syscalls.o
 .comment       0x00000000       0x2b ..\obj\iDisk.o

.ARM.attributes
                0x00000000       0x31
 .ARM.attributes
                0x00000000       0x31 ..\obj\iFAT32.o
 .ARM.attributes
                0x00000031       0x31 ..\obj\main.o
 .ARM.attributes
                0x00000062       0x31 ..\obj\simpleread&write!.o
 .ARM.attributes
                0x00000093       0x31 ..\obj\unicodetogb2312.o
 .ARM.attributes
                0x000000c4       0x31 ..\obj\iFAT.o
 .ARM.attributes
                0x000000f5       0x31 ..\obj\syscalls.o
 .ARM.attributes
                0x00000126       0x31 ..\obj\iDisk.o
 .ARM.attributes
                0x00000157       0x29 j:/cocenter/cooide/gcc/sourcery g++ lite/bin/../lib/gcc/arm-none-eabi/4.5.2/../../../../arm-none-eabi/lib/thumb2\libc.a(lib_a-memcpy.o)
 .ARM.attributes
                0x00000180       0x29 j:/cocenter/cooide/gcc/sourcery g++ lite/bin/../lib/gcc/arm-none-eabi/4.5.2/../../../../arm-none-eabi/lib/thumb2\libc.a(lib_a-memset.o)
 .ARM.attributes
                0x000001a9       0x29 j:/cocenter/cooide/gcc/sourcery g++ lite/bin/../lib/gcc/arm-none-eabi/4.5.2/../../../../arm-none-eabi/lib/thumb2\libc.a(lib_a-strcmp.o)
 .ARM.attributes
                0x000001d2       0x29 j:/cocenter/cooide/gcc/sourcery g++ lite/bin/../lib/gcc/arm-none-eabi/4.5.2/../../../../arm-none-eabi/lib/thumb2\libc.a(lib_a-strcpy.o)
 .ARM.attributes
                0x000001fb       0x29 j:/cocenter/cooide/gcc/sourcery g++ lite/bin/../lib/gcc/arm-none-eabi/4.5.2/../../../../arm-none-eabi/lib/thumb2\libc.a(lib_a-strlen.o)

.debug_frame    0x00000000      0xa2c
 .debug_frame   0x00000000      0x434 ..\obj\iFAT32.o
 .debug_frame   0x00000434       0x2c ..\obj\main.o
 .debug_frame   0x00000460       0x34 ..\obj\simpleread&write!.o
 .debug_frame   0x00000494       0x48 ..\obj\unicodetogb2312.o
 .debug_frame   0x000004dc      0x294 ..\obj\iFAT.o
 .debug_frame   0x00000770      0x108 ..\obj\syscalls.o
 .debug_frame   0x00000878       0xe8 ..\obj\iDisk.o
 .debug_frame   0x00000960       0x30 j:/cocenter/cooide/gcc/sourcery g++ lite/bin/../lib/gcc/arm-none-eabi/4.5.2/../../../../arm-none-eabi/lib/thumb2\libc.a(lib_a-memcpy.o)
 .debug_frame   0x00000990       0x2c j:/cocenter/cooide/gcc/sourcery g++ lite/bin/../lib/gcc/arm-none-eabi/4.5.2/../../../../arm-none-eabi/lib/thumb2\libc.a(lib_a-memset.o)
 .debug_frame   0x000009bc       0x30 j:/cocenter/cooide/gcc/sourcery g++ lite/bin/../lib/gcc/arm-none-eabi/4.5.2/../../../../arm-none-eabi/lib/thumb2\libc.a(lib_a-strcmp.o)
 .debug_frame   0x000009ec       0x20 j:/cocenter/cooide/gcc/sourcery g++ lite/bin/../lib/gcc/arm-none-eabi/4.5.2/../../../../arm-none-eabi/lib/thumb2\libc.a(lib_a-strcpy.o)
 .debug_frame   0x00000a0c       0x20 j:/cocenter/cooide/gcc/sourcery g++ lite/bin/../lib/gcc/arm-none-eabi/4.5.2/../../../../arm-none-eabi/lib/thumb2\libc.a(lib_a-strlen.o)
