Archive member included because of file (symbol)

j:/cocenter/cooide/gcc/sourcery g++ lite/bin/../lib/gcc/arm-none-eabi/4.5.2/../../../../arm-none-eabi/lib/thumb2\libc.a(lib_a-memcpy.o)
                              ..\obj\SDInterface.o (memcpy)

Allocating common symbols
Common symbol       size              file

task1_stk           0x320             ..\obj\main.o
HSEStartUpStatus    0x1               ..\obj\STM32_USART.o
SDQueue             0x20              ..\obj\main.o
CardType            0x1               ..\obj\diskio.o
sd_var              0xc               ..\obj\main.o
flag                0x1               ..\obj\main.o
task4_stk           0x320             ..\obj\main.o
DataMsg             0x80              ..\obj\ReadInterface.o
buffer              0x32              ..\obj\main.o
MailQueue           0x20              ..\obj\main.o
raw_queue_id        0x1               ..\obj\main.o
task2_stk           0x190             ..\obj\main.o
task3_stk           0x190             ..\obj\main.o
recvBuffer          0xc               ..\obj\main.o
sd_queue_id         0x1               ..\obj\main.o

Discarded input sections

 .text          0x00000000        0x0 ..\obj\stm32f10x_rtc.o
 .data          0x00000000        0x0 ..\obj\stm32f10x_rtc.o
 .bss           0x00000000        0x0 ..\obj\stm32f10x_rtc.o
 .text.RTC_ITConfig
                0x00000000       0x50 ..\obj\stm32f10x_rtc.o
 .text.RTC_EnterConfigMode
                0x00000000       0x20 ..\obj\stm32f10x_rtc.o
 .text.RTC_ExitConfigMode
                0x00000000       0x20 ..\obj\stm32f10x_rtc.o
 .text.RTC_GetCounter
                0x00000000       0x34 ..\obj\stm32f10x_rtc.o
 .text.RTC_SetCounter
                0x00000000       0x30 ..\obj\stm32f10x_rtc.o
 .text.RTC_SetPrescaler
                0x00000000       0x34 ..\obj\stm32f10x_rtc.o
 .text.RTC_SetAlarm
                0x00000000       0x30 ..\obj\stm32f10x_rtc.o
 .text.RTC_GetDivider
                0x00000000       0x3c ..\obj\stm32f10x_rtc.o
 .text.RTC_WaitForLastTask
                0x00000000       0x20 ..\obj\stm32f10x_rtc.o
 .text.RTC_WaitForSynchro
                0x00000000       0x30 ..\obj\stm32f10x_rtc.o
 .text.RTC_GetFlagStatus
                0x00000000       0x44 ..\obj\stm32f10x_rtc.o
 .text.RTC_ClearFlag
                0x00000000       0x30 ..\obj\stm32f10x_rtc.o
 .text.RTC_GetITStatus
                0x00000000       0x5c ..\obj\stm32f10x_rtc.o
 .text.RTC_ClearITPendingBit
                0x00000000       0x30 ..\obj\stm32f10x_rtc.o
 .text          0x00000000        0x0 ..\obj\SDInterface.o
 .data          0x00000000        0x0 ..\obj\SDInterface.o
 .bss           0x00000000        0x0 ..\obj\SDInterface.o
 .text          0x00000000        0x0 ..\obj\kernelHeap.o
 .data          0x00000000        0x0 ..\obj\kernelHeap.o
 .text.CoKmalloc
                0x00000000      0x184 ..\obj\kernelHeap.o
 .text.CoKfree  0x00000000      0x308 ..\obj\kernelHeap.o
 .text.GetPreFMB
                0x00000000       0x38 ..\obj\kernelHeap.o
 .text          0x00000000        0x0 ..\obj\core.o
 .data          0x00000000        0x0 ..\obj\core.o
 .text.CoSchedLock
                0x00000000       0x20 ..\obj\core.o
 .text.CoSchedUnlock
                0x00000000        0xc ..\obj\core.o
 .text.CoGetOSVersion
                0x00000000       0x10 ..\obj\core.o
 .text          0x00000000        0x0 ..\obj\startup_stm32f10x_md_vl.o
 .data          0x00000000        0x0 ..\obj\startup_stm32f10x_md_vl.o
 .bss           0x00000000        0x0 ..\obj\startup_stm32f10x_md_vl.o
 .text          0x00000000        0x0 ..\obj\stm32_pio.o
 .data          0x00000000        0x0 ..\obj\stm32_pio.o
 .bss           0x00000000        0x0 ..\obj\stm32_pio.o
 .text          0x00000000        0x0 ..\obj\core_cm3.o
 .data          0x00000000        0x0 ..\obj\core_cm3.o
 .bss           0x00000000        0x0 ..\obj\core_cm3.o
 .text.__get_PSP
                0x00000000       0x10 ..\obj\core_cm3.o
 .text.__set_PSP
                0x00000000        0x8 ..\obj\core_cm3.o
 .text.__get_MSP
                0x00000000       0x10 ..\obj\core_cm3.o
 .text.__set_MSP
                0x00000000        0x8 ..\obj\core_cm3.o
 .text.__get_BASEPRI
                0x00000000       0x20 ..\obj\core_cm3.o
 .text.__set_BASEPRI
                0x00000000       0x18 ..\obj\core_cm3.o
 .text.__get_PRIMASK
                0x00000000       0x20 ..\obj\core_cm3.o
 .text.__set_PRIMASK
                0x00000000       0x18 ..\obj\core_cm3.o
 .text.__get_FAULTMASK
                0x00000000       0x20 ..\obj\core_cm3.o
 .text.__set_FAULTMASK
                0x00000000       0x18 ..\obj\core_cm3.o
 .text.__get_CONTROL
                0x00000000       0x20 ..\obj\core_cm3.o
 .text.__set_CONTROL
                0x00000000       0x18 ..\obj\core_cm3.o
 .text.__REV    0x00000000       0x24 ..\obj\core_cm3.o
 .text.__REV16  0x00000000       0x24 ..\obj\core_cm3.o
 .text.__REVSH  0x00000000       0x24 ..\obj\core_cm3.o
 .text.__RBIT   0x00000000       0x24 ..\obj\core_cm3.o
 .text.__LDREXB
                0x00000000       0x24 ..\obj\core_cm3.o
 .text.__LDREXH
                0x00000000       0x24 ..\obj\core_cm3.o
 .text.__LDREXW
                0x00000000       0x24 ..\obj\core_cm3.o
 .text.__STREXB
                0x00000000       0x2c ..\obj\core_cm3.o
 .text.__STREXH
                0x00000000       0x2c ..\obj\core_cm3.o
 .text.__STREXW
                0x00000000       0x28 ..\obj\core_cm3.o
 .text          0x00000000        0x0 ..\obj\timer.o
 .data          0x00000000        0x0 ..\obj\timer.o
 .text.CoCreateTmr
                0x00000000      0x174 ..\obj\timer.o
 .text.CoStartTmr
                0x00000000       0x88 ..\obj\timer.o
 .text.CoStopTmr
                0x00000000       0x88 ..\obj\timer.o
 .text.CoDelTmr
                0x00000000       0x84 ..\obj\timer.o
 .text.CoGetCurTmrCnt
                0x00000000       0x7c ..\obj\timer.o
 .text.CoSetTmrCnt
                0x00000000       0xac ..\obj\timer.o
 .text          0x00000000        0x0 ..\obj\utility.o
 .data          0x00000000        0x0 ..\obj\utility.o
 .bss           0x00000000        0x0 ..\obj\utility.o
 .text.CoTickToTime
                0x00000000       0xc0 ..\obj\utility.o
 .text.CoTimeToTick
                0x00000000       0x8c ..\obj\utility.o
 .text          0x00000000        0x0 ..\obj\system_stm32f10x.o
 .data          0x00000000       0x14 ..\obj\system_stm32f10x.o
 .bss           0x00000000        0x0 ..\obj\system_stm32f10x.o
 .text.SystemCoreClockUpdate
                0x00000000       0xe4 ..\obj\system_stm32f10x.o
 .text          0x00000000        0x0 ..\obj\STM32_USART.o
 .data          0x00000000        0x0 ..\obj\STM32_USART.o
 .bss           0x00000000        0x0 ..\obj\STM32_USART.o
 .text.STM_RCC_GetFlagStatus
                0x00000000       0x84 ..\obj\STM32_USART.o
 .text.STM_RCC_WaitForHSEStartUp
                0x00000000       0x64 ..\obj\STM32_USART.o
 .text.STM_RCC_Configuration
                0x00000000      0x130 ..\obj\STM32_USART.o
 COMMON         0x00000000        0x1 ..\obj\STM32_USART.o
 .text          0x00000000        0x0 ..\obj\task.o
 .data          0x00000000        0x0 ..\obj\task.o
 .text.CoSetPriority
                0x00000000      0x1dc ..\obj\task.o
 .text.CoDelTask
                0x00000000      0x12c ..\obj\task.o
 .text.CoExitTask
                0x00000000       0x18 ..\obj\task.o
 .text.CoGetCurTaskID
                0x00000000       0x18 ..\obj\task.o
 .text.CoSuspendTask
                0x00000000       0xb4 ..\obj\task.o
 .text.CoAwakeTask
                0x00000000       0xb8 ..\obj\task.o
 .text          0x00000000        0x0 ..\obj\diskio.o
 .bss           0x00000000        0x0 ..\obj\diskio.o
 .text          0x00000000        0x0 ..\obj\stm32f10x_gpio.o
 .data          0x00000000        0x0 ..\obj\stm32f10x_gpio.o
 .bss           0x00000000        0x0 ..\obj\stm32f10x_gpio.o
 .text.GPIO_DeInit
                0x00000000      0x118 ..\obj\stm32f10x_gpio.o
 .text.GPIO_AFIODeInit
                0x00000000       0x20 ..\obj\stm32f10x_gpio.o
 .text.GPIO_Init
                0x00000000      0x1c0 ..\obj\stm32f10x_gpio.o
 .text.GPIO_StructInit
                0x00000000       0x2c ..\obj\stm32f10x_gpio.o
 .text.GPIO_ReadInputDataBit
                0x00000000       0x3c ..\obj\stm32f10x_gpio.o
 .text.GPIO_ReadInputData
                0x00000000       0x1c ..\obj\stm32f10x_gpio.o
 .text.GPIO_ReadOutputDataBit
                0x00000000       0x3c ..\obj\stm32f10x_gpio.o
 .text.GPIO_ReadOutputData
                0x00000000       0x1c ..\obj\stm32f10x_gpio.o
 .text.GPIO_SetBits
                0x00000000       0x1c ..\obj\stm32f10x_gpio.o
 .text.GPIO_ResetBits
                0x00000000       0x1c ..\obj\stm32f10x_gpio.o
 .text.GPIO_WriteBit
                0x00000000       0x30 ..\obj\stm32f10x_gpio.o
 .text.GPIO_Write
                0x00000000       0x1c ..\obj\stm32f10x_gpio.o
 .text.GPIO_PinLockConfig
                0x00000000       0x44 ..\obj\stm32f10x_gpio.o
 .text.GPIO_EventOutputConfig
                0x00000000       0x54 ..\obj\stm32f10x_gpio.o
 .text.GPIO_EventOutputCmd
                0x00000000       0x20 ..\obj\stm32f10x_gpio.o
 .text.GPIO_PinRemapConfig
                0x00000000      0x104 ..\obj\stm32f10x_gpio.o
 .text.GPIO_EXTILineConfig
                0x00000000       0x9c ..\obj\stm32f10x_gpio.o
 .text.GPIO_ETH_MediaInterfaceConfig
                0x00000000       0x1c ..\obj\stm32f10x_gpio.o
 .text          0x00000000        0x0 ..\obj\serviceReq.o
 .data          0x00000000        0x0 ..\obj\serviceReq.o
 .text          0x00000000        0x0 ..\obj\main.o
 .text          0x00000000        0x0 ..\obj\stm_spi_master.o
 .data          0x00000000        0x0 ..\obj\stm_spi_master.o
 .bss           0x00000000        0x0 ..\obj\stm_spi_master.o
 .text          0x00000000        0x0 ..\obj\printf.o
 .bss           0x00000000        0x0 ..\obj\printf.o
 .text.snprintf
                0x00000000       0x34 ..\obj\printf.o
 .text.fprintf  0x00000000       0x30 ..\obj\printf.o
 .text.sprintf  0x00000000       0x30 ..\obj\printf.o
 .text          0x00000000        0x0 ..\obj\stm32f10x_rcc.o
 .data          0x00000000       0x14 ..\obj\stm32f10x_rcc.o
 .bss           0x00000000        0x0 ..\obj\stm32f10x_rcc.o
 .text.RCC_DeInit
                0x00000000       0x64 ..\obj\stm32f10x_rcc.o
 .text.RCC_HSEConfig
                0x00000000       0x5c ..\obj\stm32f10x_rcc.o
 .text.RCC_WaitForHSEStartUp
                0x00000000       0x64 ..\obj\stm32f10x_rcc.o
 .text.RCC_AdjustHSICalibrationValue
                0x00000000       0x40 ..\obj\stm32f10x_rcc.o
 .text.RCC_HSICmd
                0x00000000       0x20 ..\obj\stm32f10x_rcc.o
 .text.RCC_PLLConfig
                0x00000000       0x44 ..\obj\stm32f10x_rcc.o
 .text.RCC_PLLCmd
                0x00000000       0x20 ..\obj\stm32f10x_rcc.o
 .text.RCC_PREDIV1Config
                0x00000000       0x48 ..\obj\stm32f10x_rcc.o
 .text.RCC_SYSCLKConfig
                0x00000000       0x3c ..\obj\stm32f10x_rcc.o
 .text.RCC_GetSYSCLKSource
                0x00000000       0x1c ..\obj\stm32f10x_rcc.o
 .text.RCC_HCLKConfig
                0x00000000       0x3c ..\obj\stm32f10x_rcc.o
 .text.RCC_PCLK1Config
                0x00000000       0x3c ..\obj\stm32f10x_rcc.o
 .text.RCC_PCLK2Config
                0x00000000       0x40 ..\obj\stm32f10x_rcc.o
 .text.RCC_ITConfig
                0x00000000       0x50 ..\obj\stm32f10x_rcc.o
 .text.RCC_USBCLKConfig
                0x00000000       0x1c ..\obj\stm32f10x_rcc.o
 .text.RCC_ADCCLKConfig
                0x00000000       0x3c ..\obj\stm32f10x_rcc.o
 .text.RCC_LSEConfig
                0x00000000       0x48 ..\obj\stm32f10x_rcc.o
 .text.RCC_LSICmd
                0x00000000       0x20 ..\obj\stm32f10x_rcc.o
 .text.RCC_RTCCLKConfig
                0x00000000       0x24 ..\obj\stm32f10x_rcc.o
 .text.RCC_RTCCLKCmd
                0x00000000       0x20 ..\obj\stm32f10x_rcc.o
 .text.RCC_GetClocksFreq
                0x00000000      0x17c ..\obj\stm32f10x_rcc.o
 .text.RCC_AHBPeriphClockCmd
                0x00000000       0x44 ..\obj\stm32f10x_rcc.o
 .text.RCC_APB2PeriphResetCmd
                0x00000000       0x44 ..\obj\stm32f10x_rcc.o
 .text.RCC_APB1PeriphResetCmd
                0x00000000       0x44 ..\obj\stm32f10x_rcc.o
 .text.RCC_BackupResetCmd
                0x00000000       0x20 ..\obj\stm32f10x_rcc.o
 .text.RCC_ClockSecuritySystemCmd
                0x00000000       0x20 ..\obj\stm32f10x_rcc.o
 .text.RCC_MCOConfig
                0x00000000       0x20 ..\obj\stm32f10x_rcc.o
 .text.RCC_GetFlagStatus
                0x00000000       0x84 ..\obj\stm32f10x_rcc.o
 .text.RCC_ClearFlag
                0x00000000       0x1c ..\obj\stm32f10x_rcc.o
 .text.RCC_GetITStatus
                0x00000000       0x40 ..\obj\stm32f10x_rcc.o
 .text.RCC_ClearITPendingBit
                0x00000000       0x20 ..\obj\stm32f10x_rcc.o
 .text          0x00000000        0x0 ..\obj\general.o
 .data          0x00000000        0x0 ..\obj\general.o
 .bss           0x00000000        0x0 ..\obj\general.o
 .text          0x00000000        0x0 ..\obj\mbox.o
 .data          0x00000000        0x0 ..\obj\mbox.o
 .bss           0x00000000        0x0 ..\obj\mbox.o
 .text.CoCreateMbox
                0x00000000       0x40 ..\obj\mbox.o
 .text.CoDelMbox
                0x00000000       0x54 ..\obj\mbox.o
 .text.CoAcceptMail
                0x00000000       0xa8 ..\obj\mbox.o
 .text.CoPendMail
                0x00000000      0x158 ..\obj\mbox.o
 .text.isr_PostMail
                0x00000000       0x50 ..\obj\mbox.o
 .text          0x00000000        0x0 ..\obj\mm.o
 .data          0x00000000        0x0 ..\obj\mm.o
 .bss           0x00000000       0x24 ..\obj\mm.o
 .text.CoCreateMemPartition
                0x00000000      0x140 ..\obj\mm.o
 .text.CoDelMemoryPartition
                0x00000000       0xa8 ..\obj\mm.o
 .text.CoGetFreeBlockNum
                0x00000000       0xa8 ..\obj\mm.o
 .text.CoGetMemoryBuffer
                0x00000000       0x90 ..\obj\mm.o
 .text.CoFreeMemoryBuffer
                0x00000000       0xe0 ..\obj\mm.o
 .text          0x00000000        0x0 ..\obj\buffer.o
 .data          0x00000000        0x0 ..\obj\buffer.o
 .bss           0x00000000        0x0 ..\obj\buffer.o
 .text.bufferReadFromFront
                0x00000000       0x64 ..\obj\buffer.o
 .text.bufferDumpFromFront
                0x00000000       0x68 ..\obj\buffer.o
 .text.bufferGetAtIndex
                0x00000000       0x44 ..\obj\buffer.o
 .text.bufferFlush
                0x00000000       0x28 ..\obj\buffer.o
 .text          0x00000000        0x0 ..\obj\time.o
 .data          0x00000000        0x0 ..\obj\time.o
 .text.CoGetOSTime
                0x00000000       0x18 ..\obj\time.o
 .text.CoResetTaskDelayTick
                0x00000000       0x8c ..\obj\time.o
 .text.CoTimeDelay
                0x00000000       0xb4 ..\obj\time.o
 .text          0x00000000        0x0 ..\obj\event.o
 .data          0x00000000        0x0 ..\obj\event.o
 .text.ReleaseECB
                0x00000000       0x48 ..\obj\event.o
 .text.DeleteEvent
                0x00000000       0x98 ..\obj\event.o
 .text          0x00000000        0x0 ..\obj\syscalls.o
 .data          0x00000000        0x0 ..\obj\syscalls.o
 .bss           0x00000000        0x4 ..\obj\syscalls.o
 .text._sbrk    0x00000000       0x40 ..\obj\syscalls.o
 .text.link     0x00000000       0x1c ..\obj\syscalls.o
 .text._close   0x00000000       0x18 ..\obj\syscalls.o
 .text._fstat   0x00000000       0x24 ..\obj\syscalls.o
 .text._isatty  0x00000000       0x18 ..\obj\syscalls.o
 .text._lseek   0x00000000       0x1c ..\obj\syscalls.o
 .text._read    0x00000000       0x1c ..\obj\syscalls.o
 .text._write   0x00000000       0x1c ..\obj\syscalls.o
 .text.abort    0x00000000        0x8 ..\obj\syscalls.o
 .text          0x00000000        0x0 ..\obj\port.o
 .bss           0x00000000        0x0 ..\obj\port.o
 .text          0x00000000        0x0 ..\obj\queue.o
 .data          0x00000000        0x0 ..\obj\queue.o
 .text.CoDelQueue
                0x00000000       0xb4 ..\obj\queue.o
 .text.CoAcceptQueueMail
                0x00000000       0xdc ..\obj\queue.o
 .text.isr_PostQueueMail
                0x00000000       0x50 ..\obj\queue.o
 .text          0x00000000        0x0 ..\obj\mutex.o
 .data          0x00000000        0x0 ..\obj\mutex.o
 .bss           0x00000000       0x54 ..\obj\mutex.o
 .text.CoCreateMutex
                0x00000000       0x8c ..\obj\mutex.o
 .text.CoEnterMutexSection
                0x00000000      0x198 ..\obj\mutex.o
 .text.CoLeaveMutexSection
                0x00000000      0x14c ..\obj\mutex.o
 .text.RemoveMutexList
                0x00000000      0x108 ..\obj\mutex.o
 .text          0x00000000        0x0 ..\obj\flag.o
 .data          0x00000000        0x0 ..\obj\flag.o
 .text.CoDelFlag
                0x00000000      0x13c ..\obj\flag.o
 .text.CoAcceptSingleFlag
                0x00000000       0x9c ..\obj\flag.o
 .text.CoAcceptMultipleFlags
                0x00000000       0xd8 ..\obj\flag.o
 .text.CoWaitForMultipleFlags
                0x00000000      0x1fc ..\obj\flag.o
 .text          0x00000000        0x0 ..\obj\ff.o
 .data          0x00000000        0x0 ..\obj\ff.o
 .text.dir_read
                0x00000000       0x9c ..\obj\ff.o
 .text.dir_remove
                0x00000000       0x58 ..\obj\ff.o
 .text.get_fileinfo
                0x00000000      0x104 ..\obj\ff.o
 .text.f_read   0x00000000      0x2f0 ..\obj\ff.o
 .text.f_chdrive
                0x00000000       0x30 ..\obj\ff.o
 .text.f_chdir  0x00000000       0xb0 ..\obj\ff.o
 .text.f_getcwd
                0x00000000      0x254 ..\obj\ff.o
 .text.f_opendir
                0x00000000       0xb8 ..\obj\ff.o
 .text.f_readdir
                0x00000000       0x9c ..\obj\ff.o
 .text.f_stat   0x00000000       0x78 ..\obj\ff.o
 .text.f_getfree
                0x00000000      0x19c ..\obj\ff.o
 .text.f_truncate
                0x00000000      0x128 ..\obj\ff.o
 .text.f_unlink
                0x00000000      0x1a8 ..\obj\ff.o
 .text.f_mkdir  0x00000000      0x294 ..\obj\ff.o
 .text.f_chmod  0x00000000       0xe4 ..\obj\ff.o
 .text.f_utime  0x00000000       0xc0 ..\obj\ff.o
 .text.f_rename
                0x00000000      0x220 ..\obj\ff.o
 .text.f_mkfs   0x00000000      0x7b4 ..\obj\ff.o
 .text          0x00000000        0x0 ..\obj\mmc_driver.o
 .data          0x00000000        0x0 ..\obj\mmc_driver.o
 .bss           0x00000000        0x0 ..\obj\mmc_driver.o
 .text.MSD_GetCSDRegister
                0x00000000      0x31c ..\obj\mmc_driver.o
 .text.MSD_GetCIDRegister
                0x00000000      0x180 ..\obj\mmc_driver.o
 .text.MSD_GetStatus
                0x00000000       0x74 ..\obj\mmc_driver.o
 .text.MSD_GetChipSize
                0x00000000       0xf8 ..\obj\mmc_driver.o
 .text.MSD_GetBlockSize
                0x00000000       0x18 ..\obj\mmc_driver.o
 .text          0x00000000        0x0 ..\obj\arch.o
 .data          0x00000000        0x0 ..\obj\arch.o
 .text          0x00000000        0x0 ..\obj\misc.o
 .data          0x00000000        0x0 ..\obj\misc.o
 .bss           0x00000000        0x0 ..\obj\misc.o
 .text.NVIC_SetVectorTable
                0x00000000       0x2c ..\obj\misc.o
 .text.NVIC_SystemLPConfig
                0x00000000       0x44 ..\obj\misc.o
 .text.SysTick_CLKSourceConfig
                0x00000000       0x38 ..\obj\misc.o
 .text          0x00000000        0x0 ..\obj\sem.o
 .data          0x00000000        0x0 ..\obj\sem.o
 .bss           0x00000000        0x0 ..\obj\sem.o
 .text.CoCreateSem
                0x00000000       0x6c ..\obj\sem.o
 .text.CoDelSem
                0x00000000       0x54 ..\obj\sem.o
 .text.CoAcceptSem
                0x00000000       0x80 ..\obj\sem.o
 .text.CoPendSem
                0x00000000      0x108 ..\obj\sem.o
 .text.isr_PostSem
                0x00000000       0x50 ..\obj\sem.o
 .text          0x00000000        0x0 ..\obj\ReadInterface.o
 .data          0x00000000        0x0 ..\obj\ReadInterface.o
 .text          0x00000000        0x0 ..\obj\hook.o
 .data          0x00000000        0x0 ..\obj\hook.o
 .bss           0x00000000        0x0 ..\obj\hook.o
 .data          0x00000000        0x0 j:/cocenter/cooide/gcc/sourcery g++ lite/bin/../lib/gcc/arm-none-eabi/4.5.2/../../../../arm-none-eabi/lib/thumb2\libc.a(lib_a-memcpy.o)
 .bss           0x00000000        0x0 j:/cocenter/cooide/gcc/sourcery g++ lite/bin/../lib/gcc/arm-none-eabi/4.5.2/../../../../arm-none-eabi/lib/thumb2\libc.a(lib_a-memcpy.o)

Memory Configuration

Name             Origin             Length             Attributes
rom              0x08000000         0x00020000         xr
ram              0x20000000         0x00002000         xrw
*default*        0x00000000         0xffffffff

Linker script and memory map

                0x20002000                _eram = 0x20002000

.text           0x08000000     0x8228
 *(.isr_vector .isr_vector.*)
 .isr_vector    0x08000000      0x124 ..\obj\startup_stm32f10x_md_vl.o
                0x08000000                g_pfnVectors
 *(.text .text.* .gnu.linkonce.t.*)
 .text.SdInterface
                0x08000124      0x15c ..\obj\SDInterface.o
                0x08000124                SdInterface
 .text.CoCreateKheap
                0x08000280       0x4c ..\obj\kernelHeap.o
                0x08000280                CoCreateKheap
 .text.CoEnterISR
                0x080002cc       0x10 ..\obj\core.o
                0x080002cc                CoEnterISR
 .text.CoExitISR
                0x080002dc       0x50 ..\obj\core.o
                0x080002dc                CoExitISR
 .text.OsSchedUnlock
                0x0800032c       0x50 ..\obj\core.o
                0x0800032c                OsSchedUnlock
 .text.CoInitOS
                0x0800037c       0x84 ..\obj\core.o
                0x0800037c                CoInitOS
 .text.CoStartOS
                0x08000400       0x38 ..\obj\core.o
                0x08000400                CoStartOS
 .text.Default_Reset_Handler
                0x08000438       0x68 ..\obj\startup_stm32f10x_md_vl.o
                0x08000438                Default_Reset_Handler
                0x08000438                Reset_Handler
 .text.Default_Handler
                0x080004a0        0x8 ..\obj\startup_stm32f10x_md_vl.o
                0x080004a0                EXTI2_IRQHandler
                0x080004a0                DebugMon_Handler
                0x080004a0                TIM1_CC_IRQHandler
                0x080004a0                HardFault_Handler
                0x080004a0                PVD_IRQHandler
                0x080004a0                NMI_Handler
                0x080004a0                EXTI3_IRQHandler
                0x080004a0                EXTI0_IRQHandler
                0x080004a0                I2C2_EV_IRQHandler
                0x080004a0                TIM1_UP_TIM16_IRQHandler
                0x080004a0                UsageFault_Handler
                0x080004a0                TAMPER_IRQHandler
                0x080004a0                TIM6_DAC_IRQHandler
                0x080004a0                DMA1_Channel4_IRQHandler
                0x080004a0                ADC1_IRQHandler
                0x080004a0                USART3_IRQHandler
                0x080004a0                RTC_IRQHandler
                0x080004a0                DMA1_Channel7_IRQHandler
                0x080004a0                TIM4_IRQHandler
                0x080004a0                I2C1_EV_IRQHandler
                0x080004a0                DMA1_Channel6_IRQHandler
                0x080004a0                TIM3_IRQHandler
                0x080004a0                RCC_IRQHandler
                0x080004a0                DMA1_Channel1_IRQHandler
                0x080004a0                CEC_IRQHandler
                0x080004a0                EXTI15_10_IRQHandler
                0x080004a0                TIM7_IRQHandler
                0x080004a0                EXTI9_5_IRQHandler
                0x080004a0                MemManage_Handler
                0x080004a0                SVC_Handler
                0x080004a0                DMA1_Channel5_IRQHandler
                0x080004a0                EXTI4_IRQHandler
                0x080004a0                TIM1_TRG_COM_TIM17_IRQHandler
                0x080004a0                DMA1_Channel3_IRQHandler
                0x080004a0                WWDG_IRQHandler
                0x080004a0                TIM2_IRQHandler
                0x080004a0                EXTI1_IRQHandler
                0x080004a0                RTCAlarm_IRQHandler
                0x080004a0                USART2_IRQHandler
                0x080004a0                I2C2_ER_IRQHandler
                0x080004a0                DMA1_Channel2_IRQHandler
                0x080004a0                FLASH_IRQHandler
                0x080004a0                BusFault_Handler
                0x080004a0                I2C1_ER_IRQHandler
                0x080004a0                TIM1_BRK_TIM15_IRQHandler
 .text.STM32_GetGPIO
                0x080004a8       0x90 ..\obj\stm32_pio.o
 .text.STM32_PIO_Init
                0x08000538       0xb8 ..\obj\stm32_pio.o
 .text.STM32_PIO_SetDir
                0x080005f0      0x16c ..\obj\stm32_pio.o
 .text.STM32_PIO_Read
                0x0800075c       0xe0 ..\obj\stm32_pio.o
 .text.STM32_PIO_Out
                0x0800083c       0x74 ..\obj\stm32_pio.o
 .text.STM32_PIO_Cfg
                0x080008b0       0x24 ..\obj\stm32_pio.o
 .text.InsertTmrList
                0x080008d4      0x248 ..\obj\timer.o
 .text.RemoveTmrList
                0x08000b1c       0xec ..\obj\timer.o
 .text.TmrDispose
                0x08000c08       0x7c ..\obj\timer.o
                0x08000c08                TmrDispose
 .text.isr_TmrDispose
                0x08000c84       0x34 ..\obj\timer.o
                0x08000c84                isr_TmrDispose
 .text.SystemInit
                0x08000cb8       0x70 ..\obj\system_stm32f10x.o
                0x08000cb8                SystemInit
 .text.SetSysClock
                0x08000d28        0xc ..\obj\system_stm32f10x.o
 .text.SetSysClockTo24
                0x08000d34       0xdc ..\obj\system_stm32f10x.o
 .text.NVIC_Configuration
                0x08000e10       0x38 ..\obj\STM32_USART.o
                0x08000e10                NVIC_Configuration
 .text.STM_GPIO_Init
                0x08000e48      0x1c4 ..\obj\STM32_USART.o
                0x08000e48                STM_GPIO_Init
 .text.STM_RCC_GetClockFreq
                0x0800100c      0x174 ..\obj\STM32_USART.o
                0x0800100c                STM_RCC_GetClockFreq
 .text.STM_UART_Init
                0x08001180      0x31c ..\obj\STM32_USART.o
 .text.STM_UART_Write
                0x0800149c       0x54 ..\obj\STM32_USART.o
 .text.STM_UART_Read
                0x080014f0       0x54 ..\obj\STM32_USART.o
 .text.STM_UART_SetRate
                0x08001544       0xc8 ..\obj\STM32_USART.o
 .text.STM_UART_Cfg
                0x0800160c      0x2c4 ..\obj\STM32_USART.o
 .text.STM_Serial1_Init
                0x080018d0       0x20 ..\obj\STM32_USART.o
 .text.STM_Serial2_Init
                0x080018f0       0x20 ..\obj\STM32_USART.o
 .text.STM_Serial3_Init
                0x08001910       0x20 ..\obj\STM32_USART.o
 .text.STM_Serial1_Write
                0x08001930       0x24 ..\obj\STM32_USART.o
 .text.STM_Serial2_Write
                0x08001954       0x24 ..\obj\STM32_USART.o
 .text.STM_Serial3_Write
                0x08001978       0x24 ..\obj\STM32_USART.o
 .text.STM_Serial1_Read
                0x0800199c       0x24 ..\obj\STM32_USART.o
 .text.STM_Serial2_Read
                0x080019c0       0x24 ..\obj\STM32_USART.o
 .text.STM_Serial3_Read
                0x080019e4       0x24 ..\obj\STM32_USART.o
 .text.STM_Serial1_Cfg
                0x08001a08       0x2c ..\obj\STM32_USART.o
 .text.STM_Serial2_Cfg
                0x08001a34       0x2c ..\obj\STM32_USART.o
 .text.STM_Serial3_Cfg
                0x08001a60       0x2c ..\obj\STM32_USART.o
 .text.CreateTCBList
                0x08001a8c       0x74 ..\obj\task.o
                0x08001a8c                CreateTCBList
 .text.InsertToTCBRdyList
                0x08001b00      0x108 ..\obj\task.o
                0x08001b00                InsertToTCBRdyList
 .text.RemoveFromTCBRdyList
                0x08001c08       0x94 ..\obj\task.o
                0x08001c08                RemoveFromTCBRdyList
 .text.Schedule
                0x08001c9c      0x164 ..\obj\task.o
                0x08001c9c                Schedule
 .text.AssignTCB
                0x08001e00       0x50 ..\obj\task.o
 .text.CreateTask
                0x08001e50      0x14c ..\obj\task.o
                0x08001e50                CreateTask
 .text.deselect
                0x08001f9c       0x14 ..\obj\diskio.o
                0x08001f9c                deselect
 .text.disk_status
                0x08001fb0       0xa4 ..\obj\diskio.o
                0x08001fb0                disk_status
 .text.disk_initialize
                0x08002054       0x64 ..\obj\diskio.o
                0x08002054                disk_initialize
 .text.disk_read
                0x080020b8       0xb4 ..\obj\diskio.o
                0x080020b8                disk_read
 .text.disk_write
                0x0800216c       0xc0 ..\obj\diskio.o
                0x0800216c                disk_write
 .text.disk_ioctl
                0x0800222c      0x194 ..\obj\diskio.o
                0x0800222c                disk_ioctl
 .text.InsertInSRQ
                0x080023c0       0xa0 ..\obj\serviceReq.o
                0x080023c0                InsertInSRQ
 .text.RespondSRQ
                0x08002460      0x11c ..\obj\serviceReq.o
                0x08002460                RespondSRQ
 .text.sdConfig
                0x0800257c       0xdc ..\obj\main.o
                0x0800257c                sdConfig
 .text.USART1_IRQHandler
                0x08002658       0x80 ..\obj\main.o
                0x08002658                USART1_IRQHandler
 .text.pchar    0x080026d8       0x30 ..\obj\main.o
                0x080026d8                pchar
 .text.initSerial
                0x08002708       0x50 ..\obj\main.o
                0x08002708                initSerial
 .text.task1    0x08002758      0x1a4 ..\obj\main.o
                0x08002758                task1
 .text.task2    0x080028fc       0x44 ..\obj\main.o
                0x080028fc                task2
 .text.task3    0x08002940       0x1c ..\obj\main.o
                0x08002940                task3
 .text.task4    0x0800295c       0x10 ..\obj\main.o
                0x0800295c                task4
 .text.main     0x0800296c       0xb8 ..\obj\main.o
                0x0800296c                main
 .text.SPI1_IRQHandler
                0x08002a24        0xc ..\obj\stm_spi_master.o
                0x08002a24                SPI1_IRQHandler
 .text.SPI2_IRQHandler
                0x08002a30        0xc ..\obj\stm_spi_master.o
                0x08002a30                SPI2_IRQHandler
 .text.STM32_SPI_SetRate
                0x08002a3c      0x1a8 ..\obj\stm_spi_master.o
 .text.STM32_SPI_Init
                0x08002be4      0x24c ..\obj\stm_spi_master.o
 .text.STM32_SPI_ReadWrite
                0x08002e30       0x68 ..\obj\stm_spi_master.o
 .text.STM32_SPI_Write
                0x08002e98       0x78 ..\obj\stm_spi_master.o
 .text.STM32_SPI_Read
                0x08002f10       0x84 ..\obj\stm_spi_master.o
 .text.STM32_SPI_Cfg
                0x08002f94      0x190 ..\obj\stm_spi_master.o
 .text.STM32_SPI1_Init
                0x08003124       0x28 ..\obj\stm_spi_master.o
 .text.STM32_SPI2_Init
                0x0800314c       0x28 ..\obj\stm_spi_master.o
 .text.STM32_SPI3_Init
                0x08003174       0x28 ..\obj\stm_spi_master.o
 .text.STM32_SPI1_ReadWrite
                0x0800319c       0x20 ..\obj\stm_spi_master.o
 .text.STM32_SPI2_ReadWrite
                0x080031bc       0x20 ..\obj\stm_spi_master.o
 .text.STM32_SPI3_ReadWrite
                0x080031dc       0x20 ..\obj\stm_spi_master.o
 .text.STM32_SPI1_Write
                0x080031fc       0x24 ..\obj\stm_spi_master.o
 .text.STM32_SPI2_Write
                0x08003220       0x24 ..\obj\stm_spi_master.o
 .text.STM32_SPI3_Write
                0x08003244       0x24 ..\obj\stm_spi_master.o
 .text.STM32_SPI1_Read
                0x08003268       0x24 ..\obj\stm_spi_master.o
 .text.STM32_SPI2_Read
                0x0800328c       0x24 ..\obj\stm_spi_master.o
 .text.STM32_SPI3_Read
                0x080032b0       0x24 ..\obj\stm_spi_master.o
 .text.STM32_SPI1_Cfg
                0x080032d4       0x2c ..\obj\stm_spi_master.o
 .text.STM32_SPI2_Cfg
                0x08003300       0x2c ..\obj\stm_spi_master.o
 .text.STM32_SPI3_Cfg
                0x0800332c       0x2c ..\obj\stm_spi_master.o
 .text.PrintChar
                0x08003358       0x1c ..\obj\printf.o
                0x08003358                PrintChar
 .text.PutChar  0x08003374       0x24 ..\obj\printf.o
                0x08003374                PutChar
 .text.PutString
                0x08003398       0x48 ..\obj\printf.o
                0x08003398                PutString
 .text.PutUnsignedInt
                0x080033e0       0xb4 ..\obj\printf.o
                0x080033e0                PutUnsignedInt
 .text.PutSignedInt
                0x08003494      0x11c ..\obj\printf.o
                0x08003494                PutSignedInt
 .text.PutHexa  0x080035b0       0xe8 ..\obj\printf.o
                0x080035b0                PutHexa
 .text.vsnprintf
                0x08003698      0x2a4 ..\obj\printf.o
                0x08003698                vsnprintf
 .text.vsprintf
                0x0800393c       0x28 ..\obj\printf.o
                0x0800393c                vsprintf
 .text.vfprintf
                0x08003964       0x68 ..\obj\printf.o
                0x08003964                vfprintf
 .text.vprintf  0x080039cc       0x2c ..\obj\printf.o
                0x080039cc                vprintf
 .text.printf   0x080039f8       0x2c ..\obj\printf.o
                0x080039f8                printf
 .text.puts     0x08003a24       0x28 ..\obj\printf.o
                0x08003a24                puts
 .text.fputc    0x08003a4c       0x44 ..\obj\printf.o
                0x08003a4c                fputc
 .text.fputs    0x08003a90       0x50 ..\obj\printf.o
                0x08003a90                fputs
 .text.RCC_APB2PeriphClockCmd
                0x08003ae0       0x44 ..\obj\stm32f10x_rcc.o
                0x08003ae0                RCC_APB2PeriphClockCmd
 .text.RCC_APB1PeriphClockCmd
                0x08003b24       0x44 ..\obj\stm32f10x_rcc.o
                0x08003b24                RCC_APB1PeriphClockCmd
 .text.die      0x08003b68       0x28 ..\obj\general.o
                0x08003b68                die
 .text.get_fattime
                0x08003b90       0x14 ..\obj\general.o
                0x08003b90                get_fattime
 .text.delay    0x08003ba4       0x40 ..\obj\general.o
                0x08003ba4                delay
 .text.CoPostMail
                0x08003be4       0x84 ..\obj\mbox.o
                0x08003be4                CoPostMail
 .text.dummy    0x08003c68        0xc ..\obj\buffer.o
                0x08003c68                dummy
 .text.bufferInit
                0x08003c74       0x3c ..\obj\buffer.o
                0x08003c74                bufferInit
 .text.bufferGetFromFront
                0x08003cb0       0x70 ..\obj\buffer.o
                0x08003cb0                bufferGetFromFront
 .text.bufferAddToEnd
                0x08003d20       0x6c ..\obj\buffer.o
                0x08003d20                bufferAddToEnd
 .text.bufferIsNotFull
                0x08003d8c       0x38 ..\obj\buffer.o
                0x08003d8c                bufferIsNotFull
 .text.bufferDataAvail
                0x08003dc4       0x1c ..\obj\buffer.o
                0x08003dc4                bufferDataAvail
 .text.InsertDelayList
                0x08003de0       0xf4 ..\obj\time.o
                0x08003de0                InsertDelayList
 .text.RemoveDelayList
                0x08003ed4       0xc0 ..\obj\time.o
                0x08003ed4                RemoveDelayList
 .text.CoTickDelay
                0x08003f94       0x7c ..\obj\time.o
                0x08003f94                CoTickDelay
 .text.TimeDispose
                0x08004010       0x7c ..\obj\time.o
                0x08004010                TimeDispose
 .text.isr_TimeDispose
                0x0800408c       0x34 ..\obj\time.o
                0x0800408c                isr_TimeDispose
 .text.CreateEventList
                0x080040c0       0x88 ..\obj\event.o
                0x080040c0                CreateEventList
 .text.CreatEvent
                0x08004148       0x90 ..\obj\event.o
                0x08004148                CreatEvent
 .text.EventTaskToWait
                0x080041d8      0x10c ..\obj\event.o
                0x080041d8                EventTaskToWait
 .text.EventTaskToRdy
                0x080042e4      0x128 ..\obj\event.o
                0x080042e4                EventTaskToRdy
 .text.RemoveEventWaittingList
                0x0800440c       0xac ..\obj\event.o
                0x0800440c                RemoveEventWaittingList
 .text.Inc8     0x080044b8       0x34 ..\obj\port.o
                0x080044b8                Inc8
 .text.Dec8     0x080044ec       0x30 ..\obj\port.o
                0x080044ec                Dec8
 .text.IRQ_ENABLE_RESTORE
                0x0800451c        0xc ..\obj\port.o
                0x0800451c                IRQ_ENABLE_RESTORE
 .text.IRQ_DISABLE_SAVE
                0x08004528        0xc ..\obj\port.o
                0x08004528                IRQ_DISABLE_SAVE
 .text.SetEnvironment
                0x08004534        0xc ..\obj\port.o
                0x08004534                SetEnvironment
 .text.SwitchContext
                0x08004540       0x14 ..\obj\port.o
                0x08004540                SwitchContext
 .text.PendSV_Handler
                0x08004554       0x3c ..\obj\port.o
                0x08004554                PendSV_Handler
 .text.CoCreateQueue
                0x08004590      0x12c ..\obj\queue.o
                0x08004590                CoCreateQueue
 .text.CoPendQueueMail
                0x080046bc      0x188 ..\obj\queue.o
                0x080046bc                CoPendQueueMail
 .text.CoPostQueueMail
                0x08004844       0xc4 ..\obj\queue.o
                0x08004844                CoPostQueueMail
 .text.CoCreateFlag
                0x08004908       0xa4 ..\obj\flag.o
                0x08004908                CoCreateFlag
 .text.CoWaitForSingleFlag
                0x080049ac      0x1b4 ..\obj\flag.o
                0x080049ac                CoWaitForSingleFlag
 .text.CoClearFlag
                0x08004b60       0x64 ..\obj\flag.o
                0x08004b60                CoClearFlag
 .text.CoSetFlag
                0x08004bc4      0x118 ..\obj\flag.o
                0x08004bc4                CoSetFlag
 .text.isr_SetFlag
                0x08004cdc       0x50 ..\obj\flag.o
                0x08004cdc                isr_SetFlag
 .text.FlagBlock
                0x08004d2c       0x80 ..\obj\flag.o
 .text.RemoveFromLink
                0x08004dac       0x58 ..\obj\flag.o
 .text.RemoveLinkNode
                0x08004e04       0x90 ..\obj\flag.o
                0x08004e04                RemoveLinkNode
 .text.mem_cpy  0x08004e94       0x78 ..\obj\ff.o
 .text.mem_set  0x08004f0c       0x44 ..\obj\ff.o
 .text.mem_cmp  0x08004f50       0x70 ..\obj\ff.o
 .text.chk_chr  0x08004fc0       0x38 ..\obj\ff.o
 .text.move_window
                0x08004ff8       0xd4 ..\obj\ff.o
 .text.sync     0x080050cc       0xe8 ..\obj\ff.o
 .text.clust2sect
                0x080051b4       0x44 ..\obj\ff.o
                0x080051b4                clust2sect
 .text.get_fat  0x080051f8      0x160 ..\obj\ff.o
                0x080051f8                get_fat
 .text.put_fat  0x08005358      0x1ec ..\obj\ff.o
                0x08005358                put_fat
 .text.remove_chain
                0x08005544       0xb0 ..\obj\ff.o
 .text.create_chain
                0x080055f4      0x12c ..\obj\ff.o
 .text.dir_sdi  0x08005720      0x118 ..\obj\ff.o
                0x08005720                dir_sdi
 .text.dir_next
                0x08005838      0x1dc ..\obj\ff.o
 .text.dir_find
                0x08005a14       0xa4 ..\obj\ff.o
 .text.dir_register
                0x08005ab8       0xbc ..\obj\ff.o
 .text.create_name
                0x08005b74      0x228 ..\obj\ff.o
 .text.follow_path
                0x08005d9c      0x130 ..\obj\ff.o
 .text.check_fs
                0x08005ecc       0x94 ..\obj\ff.o
 .text.chk_mounted
                0x08005f60      0x4a0 ..\obj\ff.o
 .text.validate
                0x08006400       0x54 ..\obj\ff.o
 .text.f_mount  0x08006454       0x5c ..\obj\ff.o
                0x08006454                f_mount
 .text.f_open   0x080064b0      0x264 ..\obj\ff.o
                0x080064b0                f_open
 .text.f_write  0x08006714      0x354 ..\obj\ff.o
                0x08006714                f_write
 .text.f_sync   0x08006a68      0x118 ..\obj\ff.o
                0x08006a68                f_sync
 .text.f_close  0x08006b80       0x2c ..\obj\ff.o
                0x08006b80                f_close
 .text.f_lseek  0x08006bac      0x2e4 ..\obj\ff.o
                0x08006bac                f_lseek
 .text.SS_LOW   0x08006e90       0x24 ..\obj\mmc_driver.o
                0x08006e90                SS_LOW
 .text.SS_HIGH  0x08006eb4       0x24 ..\obj\mmc_driver.o
                0x08006eb4                SS_HIGH
 .text.MSD_Init
                0x08006ed8       0x68 ..\obj\mmc_driver.o
                0x08006ed8                MSD_Init
 .text.MSD_WriteBlock
                0x08006f40       0xd0 ..\obj\mmc_driver.o
                0x08006f40                MSD_WriteBlock
 .text.MSD_ReadBlock
                0x08007010       0xc0 ..\obj\mmc_driver.o
                0x08007010                MSD_ReadBlock
 .text.MSD_WriteBuffer
                0x080070d0       0xec ..\obj\mmc_driver.o
                0x080070d0                MSD_WriteBuffer
 .text.MSD_ReadBuffer
                0x080071bc       0xb8 ..\obj\mmc_driver.o
                0x080071bc                MSD_ReadBuffer
 .text.crc7update
                0x08007274       0x7c ..\obj\mmc_driver.o
                0x08007274                crc7update
 .text.MSD_SendCmd
                0x080072f0       0xc4 ..\obj\mmc_driver.o
                0x080072f0                MSD_SendCmd
 .text.MSD_GetDataResponse
                0x080073b4       0x98 ..\obj\mmc_driver.o
                0x080073b4                MSD_GetDataResponse
 .text.MSD_GetResponse
                0x0800744c       0x60 ..\obj\mmc_driver.o
                0x0800744c                MSD_GetResponse
 .text.MSD_GoIdleState
                0x080074ac      0x330 ..\obj\mmc_driver.o
                0x080074ac                MSD_GoIdleState
 .text.InitTaskContext
                0x080077dc       0x5c ..\obj\arch.o
                0x080077dc                InitTaskContext
 .text.SysTick_Handler
                0x08007838       0xac ..\obj\arch.o
                0x08007838                SysTick_Handler
 .text.NVIC_PriorityGroupConfig
                0x080078e4       0x24 ..\obj\misc.o
                0x080078e4                NVIC_PriorityGroupConfig
 .text.NVIC_Init
                0x08007908       0xd8 ..\obj\misc.o
                0x08007908                NVIC_Init
 .text.CoPostSem
                0x080079e0       0x88 ..\obj\sem.o
                0x080079e0                CoPostSem
 .text.ParsePkt
                0x08007a68       0x88 ..\obj\ReadInterface.o
                0x08007a68                ParsePkt
 .text.Read_Data
                0x08007af0      0x160 ..\obj\ReadInterface.o
                0x08007af0                Read_Data
 .text.wsnPacketDecoding
                0x08007c50       0xd0 ..\obj\ReadInterface.o
                0x08007c50                wsnPacketDecoding
 .text.CoIdleTask
                0x08007d20        0xc ..\obj\hook.o
                0x08007d20                CoIdleTask
 .text.CoStkOverflowHook
                0x08007d2c        0xc ..\obj\hook.o
                0x08007d2c                CoStkOverflowHook
 .text          0x08007d38      0x150 j:/cocenter/cooide/gcc/sourcery g++ lite/bin/../lib/gcc/arm-none-eabi/4.5.2/../../../../arm-none-eabi/lib/thumb2\libc.a(lib_a-memcpy.o)
                0x08007d38                memcpy
 *(.glue_7t)
 .glue_7t       0x00000000        0x0 linker stubs
 *(.glue_7)
 .glue_7        0x00000000        0x0 linker stubs
 *(.rodata .rodata* .gnu.linkonce.r.*)
 .rodata        0x08007e88       0x4c ..\obj\SDInterface.o
 .rodata        0x08007ed4       0x14 ..\obj\stm32_pio.o
                0x08007ed4                pi_pio
 .rodata        0x08007ee8       0x44 ..\obj\STM32_USART.o
                0x08007efc                pi_serial1
                0x08007f0c                pi_serial2
                0x08007f1c                pi_serial3
 .rodata        0x08007f2c       0xcc ..\obj\main.o
 .rodata        0x08007ff8       0x3c ..\obj\stm_spi_master.o
                0x08007ff8                pi_spi1
                0x0800800c                pi_spi2
                0x08008020                pi_spi3
 .rodata        0x08008034       0x24 ..\obj\printf.o
 .rodata        0x08008058       0x14 ..\obj\general.o
 .rodata        0x0800806c       0x74 ..\obj\ff.o
 .rodata        0x080080e0       0xf0 ..\obj\mmc_driver.o
 .rodata        0x080081d0       0x58 ..\obj\ReadInterface.o

.vfp11_veneer   0x08008228        0x0
 .vfp11_veneer  0x00000000        0x0 linker stubs

.v4_bx          0x08008228        0x0
 .v4_bx         0x00000000        0x0 linker stubs

.ARM.extab
 *(.ARM.extab* .gnu.linkonce.armextab.*)

.ARM.exidx
 *(.ARM.exidx* .gnu.linkonce.armexidx.*)
                0x08008228                . = ALIGN (0x4)
                0x08008228                _etext = .
                0x08008228                _sidata = .

.data           0x20000000      0x114 load address 0x08008228
                0x20000000                _sdata = .
 *(.data .data.*)
 .data          0x20000000        0x1 ..\obj\diskio.o
 *fill*         0x20000001        0x3 00
 .data          0x20000004       0x10 ..\obj\main.o
                0x20000004                sd
                0x20000008                myUSART1
                0x2000000c                myUSART2
                0x20000010                LED0
                0x20000012                LED1
 .data          0x20000014       0xf4 ..\obj\printf.o
                0x20000014                r
                0x20000104                _impure_ptr
 .data          0x20000108        0xc ..\obj\port.o
                0x20000108                NVIC_INT_CTRL
                0x2000010c                NVIC_PENDSVSET
                0x20000110                INT_EXIT
                0x20000114                . = ALIGN (0x4)
                0x20000114                _edata = .

.bss            0x20000118      0xef0 load address 0x08008340
                0x20000118                _sbss = .
 *(.bss .bss.*)
 .bss           0x20000118       0xd4 ..\obj\kernelHeap.o
                0x20000118                KernelHeap
                0x200001e0                FMBlist
                0x200001e4                Kheap
 .bss           0x200001ec        0x3 ..\obj\core.o
                0x200001ec                OSIntNesting
                0x200001ed                OSSchedLock
                0x200001ee                TaskSchedReq
 *fill*         0x200001ef        0x1 00
 .bss           0x200001f0       0x38 ..\obj\timer.o
                0x200001f0                TmrTbl
                0x20000220                TmrList
                0x20000224                TmrIDVessel
 .bss           0x20000228      0x188 ..\obj\task.o
                0x20000228                TCBTbl
                0x20000330                idle_stk
                0x20000394                FreeTCB
                0x20000398                TCBRdy
                0x2000039c                TCBNext
                0x200003a0                TCBRunning
                0x200003a8                OSCheckTime
 .bss           0x200003b0       0x30 ..\obj\serviceReq.o
                0x200003b0                ServiceReq
                0x200003dc                IsrReq
                0x200003dd                TimeReq
                0x200003de                TimerReq
 .bss           0x200003e0        0x1 ..\obj\main.o
 *fill*         0x200003e1        0x3 00
 .bss           0x200003e4        0x4 ..\obj\time.o
                0x200003e4                DlyList
 .bss           0x200003e8      0x144 ..\obj\event.o
                0x200003e8                EventTbl
                0x20000528                FreeEventList
 .bss           0x2000052c       0x24 ..\obj\queue.o
                0x2000052c                QueueTbl
                0x2000054c                QueueIDVessel
 .bss           0x20000550       0x14 ..\obj\flag.o
                0x20000550                FlagCrl
 .bss           0x20000564        0xc ..\obj\ff.o
 .bss           0x20000570        0x8 ..\obj\arch.o
                0x20000570                OSTickCnt
 .bss           0x20000578       0x14 ..\obj\ReadInterface.o
 *(COMMON)
 COMMON         0x2000058c        0x1 ..\obj\diskio.o
                0x2000058c                CardType
 *fill*         0x2000058d        0x3 00
 COMMON         0x20000590      0x9f5 ..\obj\main.o
                0x20000590                task1_stk
                0x200008b0                SDQueue
                0x200008d0                sd_var
                0x200008dc                flag
                0x200008e0                task4_stk
                0x20000c00                buffer
                0x20000c34                MailQueue
                0x20000c54                raw_queue_id
                0x20000c58                task2_stk
                0x20000de8                task3_stk
                0x20000f78                recvBuffer
                0x20000f84                sd_queue_id
 *fill*         0x20000f85        0x3 00
 COMMON         0x20000f88       0x80 ..\obj\ReadInterface.o
                0x20000f88                DataMsg
                0x20001008                . = ALIGN (0x4)
                0x20001008                _ebss = .

.co_stack       0x20001008      0x400 load address 0x08009230
                0x20001008                . = ALIGN (0x8)
 *(.co_stack .co_stack.*)
 .co_stack      0x20001008      0x400 ..\obj\startup_stm32f10x_md_vl.o
                0x20001008                pulStack
                0x20001408                . = ALIGN (0x4)
                0x20001408                _end = .
LOAD ..\obj\stm32f10x_rtc.o
LOAD ..\obj\SDInterface.o
LOAD ..\obj\kernelHeap.o
LOAD ..\obj\core.o
LOAD ..\obj\startup_stm32f10x_md_vl.o
LOAD ..\obj\stm32_pio.o
LOAD ..\obj\core_cm3.o
LOAD ..\obj\timer.o
LOAD ..\obj\utility.o
LOAD ..\obj\system_stm32f10x.o
LOAD ..\obj\STM32_USART.o
LOAD ..\obj\task.o
LOAD ..\obj\diskio.o
LOAD ..\obj\stm32f10x_gpio.o
LOAD ..\obj\serviceReq.o
LOAD ..\obj\main.o
LOAD ..\obj\stm_spi_master.o
LOAD ..\obj\printf.o
LOAD ..\obj\stm32f10x_rcc.o
LOAD ..\obj\general.o
LOAD ..\obj\mbox.o
LOAD ..\obj\mm.o
LOAD ..\obj\buffer.o
LOAD ..\obj\time.o
LOAD ..\obj\event.o
LOAD ..\obj\syscalls.o
LOAD ..\obj\port.o
LOAD ..\obj\queue.o
LOAD ..\obj\mutex.o
LOAD ..\obj\flag.o
LOAD ..\obj\ff.o
LOAD ..\obj\mmc_driver.o
LOAD ..\obj\arch.o
LOAD ..\obj\misc.o
LOAD ..\obj\sem.o
LOAD ..\obj\ReadInterface.o
LOAD ..\obj\hook.o
START GROUP
LOAD j:/cocenter/cooide/gcc/sourcery g++ lite/bin/../lib/gcc/arm-none-eabi/4.5.2/thumb2\libgcc.a
LOAD j:/cocenter/cooide/gcc/sourcery g++ lite/bin/../lib/gcc/arm-none-eabi/4.5.2/../../../../arm-none-eabi/lib/thumb2\libc.a
END GROUP
OUTPUT(STM32GatwayRev0.1.elf elf32-littlearm)

.debug_abbrev   0x00000000     0x30aa
 .debug_abbrev  0x00000000      0x166 ..\obj\stm32f10x_rtc.o
 .debug_abbrev  0x00000166      0x134 ..\obj\SDInterface.o
 .debug_abbrev  0x0000029a      0x145 ..\obj\kernelHeap.o
 .debug_abbrev  0x000003df       0xd9 ..\obj\core.o
 .debug_abbrev  0x000004b8       0xa3 ..\obj\startup_stm32f10x_md_vl.o
 .debug_abbrev  0x0000055b      0x14e ..\obj\stm32_pio.o
 .debug_abbrev  0x000006a9       0xd5 ..\obj\core_cm3.o
 .debug_abbrev  0x0000077e      0x16b ..\obj\timer.o
 .debug_abbrev  0x000008e9       0xaa ..\obj\utility.o
 .debug_abbrev  0x00000993      0x17e ..\obj\system_stm32f10x.o
 .debug_abbrev  0x00000b11      0x214 ..\obj\STM32_USART.o
 .debug_abbrev  0x00000d25      0x1c5 ..\obj\task.o
 .debug_abbrev  0x00000eea      0x155 ..\obj\diskio.o
 .debug_abbrev  0x0000103f      0x1a4 ..\obj\stm32f10x_gpio.o
 .debug_abbrev  0x000011e3      0x121 ..\obj\serviceReq.o
 .debug_abbrev  0x00001304      0x24b ..\obj\main.o
 .debug_abbrev  0x0000154f      0x1a6 ..\obj\stm_spi_master.o
 .debug_abbrev  0x000016f5      0x238 ..\obj\printf.o
 .debug_abbrev  0x0000192d      0x191 ..\obj\stm32f10x_rcc.o
 .debug_abbrev  0x00001abe      0x132 ..\obj\general.o
 .debug_abbrev  0x00001bf0      0x15b ..\obj\mbox.o
 .debug_abbrev  0x00001d4b      0x102 ..\obj\mm.o
 .debug_abbrev  0x00001e4d       0xc9 ..\obj\buffer.o
 .debug_abbrev  0x00001f16      0x184 ..\obj\time.o
 .debug_abbrev  0x0000209a      0x196 ..\obj\event.o
 .debug_abbrev  0x00002230       0xde ..\obj\syscalls.o
 .debug_abbrev  0x0000230e       0xf2 ..\obj\port.o
 .debug_abbrev  0x00002400      0x17b ..\obj\queue.o
 .debug_abbrev  0x0000257b      0x15b ..\obj\mutex.o
 .debug_abbrev  0x000026d6      0x188 ..\obj\flag.o
 .debug_abbrev  0x0000285e      0x160 ..\obj\ff.o
 .debug_abbrev  0x000029be      0x1b2 ..\obj\mmc_driver.o
 .debug_abbrev  0x00002b70      0x10d ..\obj\arch.o
 .debug_abbrev  0x00002c7d      0x135 ..\obj\misc.o
 .debug_abbrev  0x00002db2      0x13d ..\obj\sem.o
 .debug_abbrev  0x00002eef      0x135 ..\obj\ReadInterface.o
 .debug_abbrev  0x00003024       0x86 ..\obj\hook.o

.debug_info     0x00000000     0xe202
 .debug_info    0x00000000      0x46a ..\obj\stm32f10x_rtc.o
 .debug_info    0x0000046a      0x65d ..\obj\SDInterface.o
 .debug_info    0x00000ac7      0x326 ..\obj\kernelHeap.o
 .debug_info    0x00000ded      0x378 ..\obj\core.o
 .debug_info    0x00001165      0x131 ..\obj\startup_stm32f10x_md_vl.o
 .debug_info    0x00001296      0x52e ..\obj\stm32_pio.o
 .debug_info    0x000017c4      0x548 ..\obj\core_cm3.o
 .debug_info    0x00001d0c      0x448 ..\obj\timer.o
 .debug_info    0x00002154      0x16d ..\obj\utility.o
 .debug_info    0x000022c1      0x433 ..\obj\system_stm32f10x.o
 .debug_info    0x000026f4     0x1064 ..\obj\STM32_USART.o
 .debug_info    0x00003758      0x7e9 ..\obj\task.o
 .debug_info    0x00003f41      0x574 ..\obj\diskio.o
 .debug_info    0x000044b5      0x723 ..\obj\stm32f10x_gpio.o
 .debug_info    0x00004bd8      0x22e ..\obj\serviceReq.o
 .debug_info    0x00004e06      0xa43 ..\obj\main.o
 .debug_info    0x00005849      0xaef ..\obj\stm_spi_master.o
 .debug_info    0x00006338      0xed2 ..\obj\printf.o
 .debug_info    0x0000720a      0x976 ..\obj\stm32f10x_rcc.o
 .debug_info    0x00007b80      0x40d ..\obj\general.o
 .debug_info    0x00007f8d      0x48b ..\obj\mbox.o
 .debug_info    0x00008418      0x348 ..\obj\mm.o
 .debug_info    0x00008760      0x29e ..\obj\buffer.o
 .debug_info    0x000089fe      0x493 ..\obj\time.o
 .debug_info    0x00008e91      0x53f ..\obj\event.o
 .debug_info    0x000093d0      0x440 ..\obj\syscalls.o
 .debug_info    0x00009810      0x1b0 ..\obj\port.o
 .debug_info    0x000099c0      0x5cd ..\obj\queue.o
 .debug_info    0x00009f8d      0x52e ..\obj\mutex.o
 .debug_info    0x0000a4bb      0x6e0 ..\obj\flag.o
 .debug_info    0x0000ab9b     0x19e1 ..\obj\ff.o
 .debug_info    0x0000c57c      0xb77 ..\obj\mmc_driver.o
 .debug_info    0x0000d0f3      0x37d ..\obj\arch.o
 .debug_info    0x0000d470      0x546 ..\obj\misc.o
 .debug_info    0x0000d9b6      0x44b ..\obj\sem.o
 .debug_info    0x0000de01      0x340 ..\obj\ReadInterface.o
 .debug_info    0x0000e141       0xc1 ..\obj\hook.o

.debug_line     0x00000000     0x5825
 .debug_line    0x00000000      0x263 ..\obj\stm32f10x_rtc.o
 .debug_line    0x00000263      0x1e5 ..\obj\SDInterface.o
 .debug_line    0x00000448      0x1a9 ..\obj\kernelHeap.o
 .debug_line    0x000005f1      0x11b ..\obj\core.o
 .debug_line    0x0000070c       0x9c ..\obj\startup_stm32f10x_md_vl.o
 .debug_line    0x000007a8      0x23f ..\obj\stm32_pio.o
 .debug_line    0x000009e7      0x277 ..\obj\core_cm3.o
 .debug_line    0x00000c5e      0x1ee ..\obj\timer.o
 .debug_line    0x00000e4c       0x93 ..\obj\utility.o
 .debug_line    0x00000edf      0x1f1 ..\obj\system_stm32f10x.o
 .debug_line    0x000010d0      0x4f2 ..\obj\STM32_USART.o
 .debug_line    0x000015c2      0x2d9 ..\obj\task.o
 .debug_line    0x0000189b      0x267 ..\obj\diskio.o
 .debug_line    0x00001b02      0x337 ..\obj\stm32f10x_gpio.o
 .debug_line    0x00001e39       0xc9 ..\obj\serviceReq.o
 .debug_line    0x00001f02      0x354 ..\obj\main.o
 .debug_line    0x00002256      0x3e5 ..\obj\stm_spi_master.o
 .debug_line    0x0000263b      0x3be ..\obj\printf.o
 .debug_line    0x000029f9      0x45d ..\obj\stm32f10x_rcc.o
 .debug_line    0x00002e56      0x1d5 ..\obj\general.o
 .debug_line    0x0000302b      0x12e ..\obj\mbox.o
 .debug_line    0x00003159      0x142 ..\obj\mm.o
 .debug_line    0x0000329b      0x150 ..\obj\buffer.o
 .debug_line    0x000033eb      0x1d7 ..\obj\time.o
 .debug_line    0x000035c2      0x1b2 ..\obj\event.o
 .debug_line    0x00003774      0x185 ..\obj\syscalls.o
 .debug_line    0x000038f9      0x110 ..\obj\port.o
 .debug_line    0x00003a09      0x171 ..\obj\queue.o
 .debug_line    0x00003b7a      0x15c ..\obj\mutex.o
 .debug_line    0x00003cd6      0x25d ..\obj\flag.o
 .debug_line    0x00003f33      0xe74 ..\obj\ff.o
 .debug_line    0x00004da7      0x47e ..\obj\mmc_driver.o
 .debug_line    0x00005225       0xea ..\obj\arch.o
 .debug_line    0x0000530f      0x1cd ..\obj\misc.o
 .debug_line    0x000054dc      0x126 ..\obj\sem.o
 .debug_line    0x00005602      0x1a2 ..\obj\ReadInterface.o
 .debug_line    0x000057a4       0x81 ..\obj\hook.o

.debug_loc      0x00000000     0x4e76
 .debug_loc     0x00000000      0x2e0 ..\obj\stm32f10x_rtc.o
 .debug_loc     0x000002e0       0x3a ..\obj\SDInterface.o
 .debug_loc     0x0000031a       0xd4 ..\obj\kernelHeap.o
 .debug_loc     0x000003ee      0x160 ..\obj\core.o
 .debug_loc     0x0000054e       0x64 ..\obj\startup_stm32f10x_md_vl.o
 .debug_loc     0x000005b2      0x150 ..\obj\stm32_pio.o
 .debug_loc     0x00000702      0x3f0 ..\obj\core_cm3.o
 .debug_loc     0x00000af2      0x224 ..\obj\timer.o
 .debug_loc     0x00000d16       0x70 ..\obj\utility.o
 .debug_loc     0x00000d86       0xc8 ..\obj\system_stm32f10x.o
 .debug_loc     0x00000e4e      0x50a ..\obj\STM32_USART.o
 .debug_loc     0x00001358      0x288 ..\obj\task.o
 .debug_loc     0x000015e0      0x144 ..\obj\diskio.o
 .debug_loc     0x00001724      0x3e4 ..\obj\stm32f10x_gpio.o
 .debug_loc     0x00001b08       0x70 ..\obj\serviceReq.o
 .debug_loc     0x00001b78      0x1e0 ..\obj\main.o
 .debug_loc     0x00001d58      0x4f0 ..\obj\stm_spi_master.o
 .debug_loc     0x00002248      0x3ea ..\obj\printf.o
 .debug_loc     0x00002632      0x714 ..\obj\stm32f10x_rcc.o
 .debug_loc     0x00002d46       0x9c ..\obj\general.o
 .debug_loc     0x00002de2      0x150 ..\obj\mbox.o
 .debug_loc     0x00002f32      0x118 ..\obj\mm.o
 .debug_loc     0x0000304a      0x224 ..\obj\buffer.o
 .debug_loc     0x0000326e      0x1a8 ..\obj\time.o
 .debug_loc     0x00003416      0x188 ..\obj\event.o
 .debug_loc     0x0000359e      0x1ec ..\obj\syscalls.o
 .debug_loc     0x0000378a       0xc8 ..\obj\port.o
 .debug_loc     0x00003852      0x150 ..\obj\queue.o
 .debug_loc     0x000039a2       0xe0 ..\obj\mutex.o
 .debug_loc     0x00003a82      0x2a0 ..\obj\flag.o
 .debug_loc     0x00003d22      0x9b6 ..\obj\ff.o
 .debug_loc     0x000046d8      0x3b8 ..\obj\mmc_driver.o
 .debug_loc     0x00004a90       0x64 ..\obj\arch.o
 .debug_loc     0x00004af4      0x118 ..\obj\misc.o
 .debug_loc     0x00004c0c      0x150 ..\obj\sem.o
 .debug_loc     0x00004d5c       0xaa ..\obj\ReadInterface.o
 .debug_loc     0x00004e06       0x70 ..\obj\hook.o

.debug_pubnames
                0x00000000     0x1ab1
 .debug_pubnames
                0x00000000      0x136 ..\obj\stm32f10x_rtc.o
 .debug_pubnames
                0x00000136       0x22 ..\obj\SDInterface.o
 .debug_pubnames
                0x00000158       0x63 ..\obj\kernelHeap.o
 .debug_pubnames
                0x000001bb       0xc3 ..\obj\core.o
 .debug_pubnames
                0x0000027e       0x4a ..\obj\startup_stm32f10x_md_vl.o
 .debug_pubnames
                0x000002c8       0x1d ..\obj\stm32_pio.o
 .debug_pubnames
                0x000002e5      0x159 ..\obj\core_cm3.o
 .debug_pubnames
                0x0000043e       0xb8 ..\obj\timer.o
 .debug_pubnames
                0x000004f6       0x34 ..\obj\utility.o
 .debug_pubnames
                0x0000052a       0x61 ..\obj\system_stm32f10x.o
 .debug_pubnames
                0x0000058b       0xe8 ..\obj\STM32_USART.o
 .debug_pubnames
                0x00000673      0x12e ..\obj\task.o
 .debug_pubnames
                0x000007a1       0x7c ..\obj\diskio.o
 .debug_pubnames
                0x0000081d      0x19d ..\obj\stm32f10x_gpio.o
 .debug_pubnames
                0x000009ba       0x64 ..\obj\serviceReq.o
 .debug_pubnames
                0x00000a1e      0x153 ..\obj\main.o
 .debug_pubnames
                0x00000b71       0x5e ..\obj\stm_spi_master.o
 .debug_pubnames
                0x00000bcf      0x101 ..\obj\printf.o
 .debug_pubnames
                0x00000cd0      0x2da ..\obj\stm32f10x_rcc.o
 .debug_pubnames
                0x00000faa       0x34 ..\obj\general.o
 .debug_pubnames
                0x00000fde       0x71 ..\obj\mbox.o
 .debug_pubnames
                0x0000104f       0xa8 ..\obj\mm.o
 .debug_pubnames
                0x000010f7       0xd2 ..\obj\buffer.o
 .debug_pubnames
                0x000011c9       0xb3 ..\obj\time.o
 .debug_pubnames
                0x0000127c       0xa7 ..\obj\event.o
 .debug_pubnames
                0x00001323       0x71 ..\obj\syscalls.o
 .debug_pubnames
                0x00001394       0xba ..\obj\port.o
 .debug_pubnames
                0x0000144e       0xa6 ..\obj\queue.o
 .debug_pubnames
                0x000014f4       0x85 ..\obj\mutex.o
 .debug_pubnames
                0x00001579       0xe2 ..\obj\flag.o
 .debug_pubnames
                0x0000165b      0x14a ..\obj\ff.o
 .debug_pubnames
                0x000017a5      0x14a ..\obj\mmc_driver.o
 .debug_pubnames
                0x000018ef       0x48 ..\obj\arch.o
 .debug_pubnames
                0x00001937       0x89 ..\obj\misc.o
 .debug_pubnames
                0x000019c0       0x6b ..\obj\sem.o
 .debug_pubnames
                0x00001a2b       0x4f ..\obj\ReadInterface.o
 .debug_pubnames
                0x00001a7a       0x37 ..\obj\hook.o

.debug_pubtypes
                0x00000000     0x15d4
 .debug_pubtypes
                0x00000000       0x78 ..\obj\stm32f10x_rtc.o
 .debug_pubtypes
                0x00000078       0xbb ..\obj\SDInterface.o
 .debug_pubtypes
                0x00000133       0x6c ..\obj\kernelHeap.o
 .debug_pubtypes
                0x0000019f       0x8f ..\obj\core.o
 .debug_pubtypes
                0x0000022e       0x68 ..\obj\stm32_pio.o
 .debug_pubtypes
                0x00000296       0x50 ..\obj\core_cm3.o
 .debug_pubtypes
                0x000002e6       0x80 ..\obj\timer.o
 .debug_pubtypes
                0x00000366       0x38 ..\obj\utility.o
 .debug_pubtypes
                0x0000039e       0x55 ..\obj\system_stm32f10x.o
 .debug_pubtypes
                0x000003f3      0x234 ..\obj\STM32_USART.o
 .debug_pubtypes
                0x00000627       0xe9 ..\obj\task.o
 .debug_pubtypes
                0x00000710       0x87 ..\obj\diskio.o
 .debug_pubtypes
                0x00000797       0xc3 ..\obj\stm32f10x_gpio.o
 .debug_pubtypes
                0x0000085a       0x63 ..\obj\serviceReq.o
 .debug_pubtypes
                0x000008bd       0xd3 ..\obj\main.o
 .debug_pubtypes
                0x00000990       0x78 ..\obj\stm_spi_master.o
 .debug_pubtypes
                0x00000a08      0x139 ..\obj\printf.o
 .debug_pubtypes
                0x00000b41       0x9e ..\obj\stm32f10x_rcc.o
 .debug_pubtypes
                0x00000bdf       0x69 ..\obj\general.o
 .debug_pubtypes
                0x00000c48       0xa2 ..\obj\mbox.o
 .debug_pubtypes
                0x00000cea       0x74 ..\obj\mm.o
 .debug_pubtypes
                0x00000d5e       0x31 ..\obj\buffer.o
 .debug_pubtypes
                0x00000d8f       0xa3 ..\obj\time.o
 .debug_pubtypes
                0x00000e32       0xbf ..\obj\event.o
 .debug_pubtypes
                0x00000ef1       0xaa ..\obj\syscalls.o
 .debug_pubtypes
                0x00000f9b       0x2c ..\obj\port.o
 .debug_pubtypes
                0x00000fc7       0xbe ..\obj\queue.o
 .debug_pubtypes
                0x00001085       0xd5 ..\obj\mutex.o
 .debug_pubtypes
                0x0000115a       0xdd ..\obj\flag.o
 .debug_pubtypes
                0x00001237       0x7f ..\obj\ff.o
 .debug_pubtypes
                0x000012b6       0x87 ..\obj\mmc_driver.o
 .debug_pubtypes
                0x0000133d       0xc1 ..\obj\arch.o
 .debug_pubtypes
                0x000013fe       0x80 ..\obj\misc.o
 .debug_pubtypes
                0x0000147e       0xa2 ..\obj\sem.o
 .debug_pubtypes
                0x00001520       0x90 ..\obj\ReadInterface.o
 .debug_pubtypes
                0x000015b0       0x24 ..\obj\hook.o

.debug_aranges  0x00000000      0xf18
 .debug_aranges
                0x00000000       0x88 ..\obj\stm32f10x_rtc.o
 .debug_aranges
                0x00000088       0x20 ..\obj\SDInterface.o
 .debug_aranges
                0x000000a8       0x38 ..\obj\kernelHeap.o
 .debug_aranges
                0x000000e0       0x58 ..\obj\core.o
 .debug_aranges
                0x00000138       0x28 ..\obj\startup_stm32f10x_md_vl.o
 .debug_aranges
                0x00000160       0x48 ..\obj\stm32_pio.o
 .debug_aranges
                0x000001a8       0xc8 ..\obj\core_cm3.o
 .debug_aranges
                0x00000270       0x68 ..\obj\timer.o
 .debug_aranges
                0x000002d8       0x28 ..\obj\utility.o
 .debug_aranges
                0x00000300       0x38 ..\obj\system_stm32f10x.o
 .debug_aranges
                0x00000338       0xd0 ..\obj\STM32_USART.o
 .debug_aranges
                0x00000408       0x78 ..\obj\task.o
 .debug_aranges
                0x00000480       0x48 ..\obj\diskio.o
 .debug_aranges
                0x000004c8       0xa8 ..\obj\stm32f10x_gpio.o
 .debug_aranges
                0x00000570       0x28 ..\obj\serviceReq.o
 .debug_aranges
                0x00000598       0x60 ..\obj\main.o
 .debug_aranges
                0x000005f8       0xd0 ..\obj\stm_spi_master.o
 .debug_aranges
                0x000006c8       0xa0 ..\obj\printf.o
 .debug_aranges
                0x00000768      0x120 ..\obj\stm32f10x_rcc.o
 .debug_aranges
                0x00000888       0x30 ..\obj\general.o
 .debug_aranges
                0x000008b8       0x48 ..\obj\mbox.o
 .debug_aranges
                0x00000900       0x40 ..\obj\mm.o
 .debug_aranges
                0x00000940       0x68 ..\obj\buffer.o
 .debug_aranges
                0x000009a8       0x58 ..\obj\time.o
 .debug_aranges
                0x00000a00       0x50 ..\obj\event.o
 .debug_aranges
                0x00000a50       0x60 ..\obj\syscalls.o
 .debug_aranges
                0x00000ab0       0x50 ..\obj\port.o
 .debug_aranges
                0x00000b00       0x48 ..\obj\queue.o
 .debug_aranges
                0x00000b48       0x38 ..\obj\mutex.o
 .debug_aranges
                0x00000b80       0x78 ..\obj\flag.o
 .debug_aranges
                0x00000bf8      0x178 ..\obj\ff.o
 .debug_aranges
                0x00000d70       0xa0 ..\obj\mmc_driver.o
 .debug_aranges
                0x00000e10       0x28 ..\obj\arch.o
 .debug_aranges
                0x00000e38       0x40 ..\obj\misc.o
 .debug_aranges
                0x00000e78       0x48 ..\obj\sem.o
 .debug_aranges
                0x00000ec0       0x30 ..\obj\ReadInterface.o
 .debug_aranges
                0x00000ef0       0x28 ..\obj\hook.o

.debug_ranges   0x00000000      0xcc8
 .debug_ranges  0x00000000       0x78 ..\obj\stm32f10x_rtc.o
 .debug_ranges  0x00000078       0x10 ..\obj\SDInterface.o
 .debug_ranges  0x00000088       0x28 ..\obj\kernelHeap.o
 .debug_ranges  0x000000b0       0x48 ..\obj\core.o
 .debug_ranges  0x000000f8       0x18 ..\obj\startup_stm32f10x_md_vl.o
 .debug_ranges  0x00000110       0x38 ..\obj\stm32_pio.o
 .debug_ranges  0x00000148       0xb8 ..\obj\core_cm3.o
 .debug_ranges  0x00000200       0x58 ..\obj\timer.o
 .debug_ranges  0x00000258       0x18 ..\obj\utility.o
 .debug_ranges  0x00000270       0x28 ..\obj\system_stm32f10x.o
 .debug_ranges  0x00000298       0xc0 ..\obj\STM32_USART.o
 .debug_ranges  0x00000358       0x68 ..\obj\task.o
 .debug_ranges  0x000003c0       0x38 ..\obj\diskio.o
 .debug_ranges  0x000003f8       0x98 ..\obj\stm32f10x_gpio.o
 .debug_ranges  0x00000490       0x18 ..\obj\serviceReq.o
 .debug_ranges  0x000004a8       0x50 ..\obj\main.o
 .debug_ranges  0x000004f8       0xc0 ..\obj\stm_spi_master.o
 .debug_ranges  0x000005b8       0x90 ..\obj\printf.o
 .debug_ranges  0x00000648      0x110 ..\obj\stm32f10x_rcc.o
 .debug_ranges  0x00000758       0x20 ..\obj\general.o
 .debug_ranges  0x00000778       0x38 ..\obj\mbox.o
 .debug_ranges  0x000007b0       0x30 ..\obj\mm.o
 .debug_ranges  0x000007e0       0x58 ..\obj\buffer.o
 .debug_ranges  0x00000838       0x48 ..\obj\time.o
 .debug_ranges  0x00000880       0x40 ..\obj\event.o
 .debug_ranges  0x000008c0       0x50 ..\obj\syscalls.o
 .debug_ranges  0x00000910       0x40 ..\obj\port.o
 .debug_ranges  0x00000950       0x38 ..\obj\queue.o
 .debug_ranges  0x00000988       0x28 ..\obj\mutex.o
 .debug_ranges  0x000009b0       0x68 ..\obj\flag.o
 .debug_ranges  0x00000a18      0x168 ..\obj\ff.o
 .debug_ranges  0x00000b80       0x90 ..\obj\mmc_driver.o
 .debug_ranges  0x00000c10       0x18 ..\obj\arch.o
 .debug_ranges  0x00000c28       0x30 ..\obj\misc.o
 .debug_ranges  0x00000c58       0x38 ..\obj\sem.o
 .debug_ranges  0x00000c90       0x20 ..\obj\ReadInterface.o
 .debug_ranges  0x00000cb0       0x18 ..\obj\hook.o

.debug_str      0x00000000     0x3b8a
 .debug_str     0x00000000      0x2a1 ..\obj\stm32f10x_rtc.o
                                0x2f6 (size before relaxing)
 .debug_str     0x000002a1      0x296 ..\obj\SDInterface.o
                                0x386 (size before relaxing)
 .debug_str     0x00000537      0x133 ..\obj\kernelHeap.o
                                0x1b3 (size before relaxing)
 .debug_str     0x0000066a      0x16a ..\obj\core.o
                                0x202 (size before relaxing)
 .debug_str     0x000007d4       0xaa ..\obj\startup_stm32f10x_md_vl.o
                                 0xd5 (size before relaxing)
 .debug_str     0x0000087e      0x10c ..\obj\stm32_pio.o
                                0x209 (size before relaxing)
 .debug_str     0x0000098a      0x159 ..\obj\core_cm3.o
                                0x220 (size before relaxing)
 .debug_str     0x00000ae3      0x133 ..\obj\timer.o
                                0x1f0 (size before relaxing)
 .debug_str     0x00000c16       0x6b ..\obj\utility.o
                                 0xf0 (size before relaxing)
 .debug_str     0x00000c81      0x10e ..\obj\system_stm32f10x.o
                                0x228 (size before relaxing)
 .debug_str     0x00000d8f      0x984 ..\obj\STM32_USART.o
                                0xb9b (size before relaxing)
 .debug_str     0x00001713      0x213 ..\obj\task.o
                                0x3a1 (size before relaxing)
 .debug_str     0x00001926       0xc2 ..\obj\diskio.o
                                0x1dd (size before relaxing)
 .debug_str     0x000019e8      0x210 ..\obj\stm32f10x_gpio.o
                                0x46d (size before relaxing)
 .debug_str     0x00001bf8       0x94 ..\obj\serviceReq.o
                                0x128 (size before relaxing)
 .debug_str     0x00001c8c      0x28b ..\obj\main.o
                                0x507 (size before relaxing)
 .debug_str     0x00001f17      0x242 ..\obj\stm_spi_master.o
                                0x5ba (size before relaxing)
 .debug_str     0x00002159      0x47d ..\obj\printf.o
                                0x5b9 (size before relaxing)
 .debug_str     0x000025d6      0x33e ..\obj\stm32f10x_rcc.o
                                0x5c1 (size before relaxing)
 .debug_str     0x00002914       0x3c ..\obj\general.o
                                0x28d (size before relaxing)
 .debug_str     0x00002950       0x8e ..\obj\mbox.o
                                0x243 (size before relaxing)
 .debug_str     0x000029de      0x117 ..\obj\mm.o
                                0x1b7 (size before relaxing)
 .debug_str     0x00002af5       0xd6 ..\obj\buffer.o
                                0x14e (size before relaxing)
 .debug_str     0x00002bcb       0xb0 ..\obj\time.o
                                0x25f (size before relaxing)
 .debug_str     0x00002c7b       0xd9 ..\obj\event.o
                                0x2aa (size before relaxing)
 .debug_str     0x00002d54      0x137 ..\obj\syscalls.o
                                0x239 (size before relaxing)
 .debug_str     0x00002e8b       0xba ..\obj\port.o
                                0x142 (size before relaxing)
 .debug_str     0x00002f45       0xa4 ..\obj\queue.o
                                0x2a7 (size before relaxing)
 .debug_str     0x00002fe9       0x82 ..\obj\mutex.o
                                0x2b2 (size before relaxing)
 .debug_str     0x0000306b      0x195 ..\obj\flag.o
                                0x320 (size before relaxing)
 .debug_str     0x00003200      0x2bc ..\obj\ff.o
                                0x5c8 (size before relaxing)
 .debug_str     0x000034bc      0x3be ..\obj\mmc_driver.o
                                0x515 (size before relaxing)
 .debug_str     0x0000387a       0x5f ..\obj\arch.o
                                0x222 (size before relaxing)
 .debug_str     0x000038d9      0x144 ..\obj\misc.o
                                0x317 (size before relaxing)
 .debug_str     0x00003a1d       0x7e ..\obj\sem.o
                                0x246 (size before relaxing)
 .debug_str     0x00003a9b       0xa3 ..\obj\ReadInterface.o
                                0x1c8 (size before relaxing)
 .debug_str     0x00003b3e       0x4c ..\obj\hook.o
                                 0xd5 (size before relaxing)

.comment        0x00000000       0x2a
 .comment       0x00000000       0x2a ..\obj\stm32f10x_rtc.o
                                 0x2b (size before relaxing)
 .comment       0x00000000       0x2b ..\obj\SDInterface.o
 .comment       0x00000000       0x2b ..\obj\kernelHeap.o
 .comment       0x00000000       0x2b ..\obj\core.o
 .comment       0x00000000       0x2b ..\obj\startup_stm32f10x_md_vl.o
 .comment       0x00000000       0x2b ..\obj\stm32_pio.o
 .comment       0x00000000       0x2b ..\obj\core_cm3.o
 .comment       0x00000000       0x2b ..\obj\timer.o
 .comment       0x00000000       0x2b ..\obj\utility.o
 .comment       0x00000000       0x2b ..\obj\system_stm32f10x.o
 .comment       0x00000000       0x2b ..\obj\STM32_USART.o
 .comment       0x00000000       0x2b ..\obj\task.o
 .comment       0x00000000       0x2b ..\obj\diskio.o
 .comment       0x00000000       0x2b ..\obj\stm32f10x_gpio.o
 .comment       0x00000000       0x2b ..\obj\serviceReq.o
 .comment       0x00000000       0x2b ..\obj\main.o
 .comment       0x00000000       0x2b ..\obj\stm_spi_master.o
 .comment       0x00000000       0x2b ..\obj\printf.o
 .comment       0x00000000       0x2b ..\obj\stm32f10x_rcc.o
 .comment       0x00000000       0x2b ..\obj\general.o
 .comment       0x00000000       0x2b ..\obj\mbox.o
 .comment       0x00000000       0x2b ..\obj\mm.o
 .comment       0x00000000       0x2b ..\obj\buffer.o
 .comment       0x00000000       0x2b ..\obj\time.o
 .comment       0x00000000       0x2b ..\obj\event.o
 .comment       0x00000000       0x2b ..\obj\syscalls.o
 .comment       0x00000000       0x2b ..\obj\port.o
 .comment       0x00000000       0x2b ..\obj\queue.o
 .comment       0x00000000       0x2b ..\obj\mutex.o
 .comment       0x00000000       0x2b ..\obj\flag.o
 .comment       0x00000000       0x2b ..\obj\ff.o
 .comment       0x00000000       0x2b ..\obj\mmc_driver.o
 .comment       0x00000000       0x2b ..\obj\arch.o
 .comment       0x00000000       0x2b ..\obj\misc.o
 .comment       0x00000000       0x2b ..\obj\sem.o
 .comment       0x00000000       0x2b ..\obj\ReadInterface.o
 .comment       0x00000000       0x2b ..\obj\hook.o

.ARM.attributes
                0x00000000       0x31
 .ARM.attributes
                0x00000000       0x31 ..\obj\stm32f10x_rtc.o
 .ARM.attributes
                0x00000031       0x31 ..\obj\SDInterface.o
 .ARM.attributes
                0x00000062       0x31 ..\obj\kernelHeap.o
 .ARM.attributes
                0x00000093       0x31 ..\obj\core.o
 .ARM.attributes
                0x000000c4       0x31 ..\obj\startup_stm32f10x_md_vl.o
 .ARM.attributes
                0x000000f5       0x31 ..\obj\stm32_pio.o
 .ARM.attributes
                0x00000126       0x31 ..\obj\core_cm3.o
 .ARM.attributes
                0x00000157       0x31 ..\obj\timer.o
 .ARM.attributes
                0x00000188       0x31 ..\obj\utility.o
 .ARM.attributes
                0x000001b9       0x31 ..\obj\system_stm32f10x.o
 .ARM.attributes
                0x000001ea       0x31 ..\obj\STM32_USART.o
 .ARM.attributes
                0x0000021b       0x31 ..\obj\task.o
 .ARM.attributes
                0x0000024c       0x31 ..\obj\diskio.o
 .ARM.attributes
                0x0000027d       0x31 ..\obj\stm32f10x_gpio.o
 .ARM.attributes
                0x000002ae       0x31 ..\obj\serviceReq.o
 .ARM.attributes
                0x000002df       0x31 ..\obj\main.o
 .ARM.attributes
                0x00000310       0x31 ..\obj\stm_spi_master.o
 .ARM.attributes
                0x00000341       0x31 ..\obj\printf.o
 .ARM.attributes
                0x00000372       0x31 ..\obj\stm32f10x_rcc.o
 .ARM.attributes
                0x000003a3       0x31 ..\obj\general.o
 .ARM.attributes
                0x000003d4       0x31 ..\obj\mbox.o
 .ARM.attributes
                0x00000405       0x31 ..\obj\mm.o
 .ARM.attributes
                0x00000436       0x31 ..\obj\buffer.o
 .ARM.attributes
                0x00000467       0x31 ..\obj\time.o
 .ARM.attributes
                0x00000498       0x31 ..\obj\event.o
 .ARM.attributes
                0x000004c9       0x31 ..\obj\syscalls.o
 .ARM.attributes
                0x000004fa       0x31 ..\obj\port.o
 .ARM.attributes
                0x0000052b       0x31 ..\obj\queue.o
 .ARM.attributes
                0x0000055c       0x31 ..\obj\mutex.o
 .ARM.attributes
                0x0000058d       0x31 ..\obj\flag.o
 .ARM.attributes
                0x000005be       0x31 ..\obj\ff.o
 .ARM.attributes
                0x000005ef       0x31 ..\obj\mmc_driver.o
 .ARM.attributes
                0x00000620       0x31 ..\obj\arch.o
 .ARM.attributes
                0x00000651       0x31 ..\obj\misc.o
 .ARM.attributes
                0x00000682       0x31 ..\obj\sem.o
 .ARM.attributes
                0x000006b3       0x31 ..\obj\ReadInterface.o
 .ARM.attributes
                0x000006e4       0x31 ..\obj\hook.o
 .ARM.attributes
                0x00000715       0x29 j:/cocenter/cooide/gcc/sourcery g++ lite/bin/../lib/gcc/arm-none-eabi/4.5.2/../../../../arm-none-eabi/lib/thumb2\libc.a(lib_a-memcpy.o)

.debug_frame    0x00000000     0x2e14
 .debug_frame   0x00000000      0x194 ..\obj\stm32f10x_rtc.o
 .debug_frame   0x00000194       0x30 ..\obj\SDInterface.o
 .debug_frame   0x000001c4       0x84 ..\obj\kernelHeap.o
 .debug_frame   0x00000248       0xe8 ..\obj\core.o
 .debug_frame   0x00000330       0x48 ..\obj\startup_stm32f10x_md_vl.o
 .debug_frame   0x00000378       0xc8 ..\obj\stm32_pio.o
 .debug_frame   0x00000440      0x280 ..\obj\core_cm3.o
 .debug_frame   0x000006c0      0x148 ..\obj\timer.o
 .debug_frame   0x00000808       0x48 ..\obj\utility.o
 .debug_frame   0x00000850       0x80 ..\obj\system_stm32f10x.o
 .debug_frame   0x000008d0      0x2dc ..\obj\STM32_USART.o
 .debug_frame   0x00000bac      0x178 ..\obj\task.o
 .debug_frame   0x00000d24       0xcc ..\obj\diskio.o
 .debug_frame   0x00000df0      0x210 ..\obj\stm32f10x_gpio.o
 .debug_frame   0x00001000       0x50 ..\obj\serviceReq.o
 .debug_frame   0x00001050      0x124 ..\obj\main.o
 .debug_frame   0x00001174      0x2d8 ..\obj\stm_spi_master.o
 .debug_frame   0x0000144c      0x248 ..\obj\printf.o
 .debug_frame   0x00001694      0x3a4 ..\obj\stm32f10x_rcc.o
 .debug_frame   0x00001a38       0x64 ..\obj\general.o
 .debug_frame   0x00001a9c       0xd0 ..\obj\mbox.o
 .debug_frame   0x00001b6c       0xb0 ..\obj\mm.o
 .debug_frame   0x00001c1c      0x148 ..\obj\buffer.o
 .debug_frame   0x00001d64       0xfc ..\obj\time.o
 .debug_frame   0x00001e60       0xe8 ..\obj\event.o
 .debug_frame   0x00001f48      0x108 ..\obj\syscalls.o
 .debug_frame   0x00002050       0xb0 ..\obj\port.o
 .debug_frame   0x00002100       0xd0 ..\obj\queue.o
 .debug_frame   0x000021d0       0x90 ..\obj\mutex.o
 .debug_frame   0x00002260      0x184 ..\obj\flag.o
 .debug_frame   0x000023e4      0x570 ..\obj\ff.o
 .debug_frame   0x00002954      0x228 ..\obj\mmc_driver.o
 .debug_frame   0x00002b7c       0x48 ..\obj\arch.o
 .debug_frame   0x00002bc4       0x9c ..\obj\misc.o
 .debug_frame   0x00002c60       0xd0 ..\obj\sem.o
 .debug_frame   0x00002d30       0x6c ..\obj\ReadInterface.o
 .debug_frame   0x00002d9c       0x48 ..\obj\hook.o
 .debug_frame   0x00002de4       0x30 j:/cocenter/cooide/gcc/sourcery g++ lite/bin/../lib/gcc/arm-none-eabi/4.5.2/../../../../arm-none-eabi/lib/thumb2\libc.a(lib_a-memcpy.o)
