
Allocating common symbols
Common symbol       size              file

tog                 0x1               ..\obj\RTC_Example.o
TimeDisplay         0x4               ..\obj\stm32_rtc.o

Discarded input sections

 .text          0x00000000        0x0 ..\obj\stm32f10x_rtc.o
 .data          0x00000000        0x0 ..\obj\stm32f10x_rtc.o
 .bss           0x00000000        0x0 ..\obj\stm32f10x_rtc.o
 .text.RTC_ITConfig
                0x00000000       0x50 ..\obj\stm32f10x_rtc.o
 .text.RTC_EnterConfigMode
                0x00000000       0x20 ..\obj\stm32f10x_rtc.o
 .text.RTC_ExitConfigMode
                0x00000000       0x20 ..\obj\stm32f10x_rtc.o
 .text.RTC_GetCounter
                0x00000000       0x34 ..\obj\stm32f10x_rtc.o
 .text.RTC_SetCounter
                0x00000000       0x30 ..\obj\stm32f10x_rtc.o
 .text.RTC_SetPrescaler
                0x00000000       0x34 ..\obj\stm32f10x_rtc.o
 .text.RTC_SetAlarm
                0x00000000       0x30 ..\obj\stm32f10x_rtc.o
 .text.RTC_GetDivider
                0x00000000       0x3c ..\obj\stm32f10x_rtc.o
 .text.RTC_WaitForLastTask
                0x00000000       0x20 ..\obj\stm32f10x_rtc.o
 .text.RTC_WaitForSynchro
                0x00000000       0x30 ..\obj\stm32f10x_rtc.o
 .text.RTC_GetFlagStatus
                0x00000000       0x44 ..\obj\stm32f10x_rtc.o
 .text.RTC_ClearFlag
                0x00000000       0x30 ..\obj\stm32f10x_rtc.o
 .text.RTC_GetITStatus
                0x00000000       0x5c ..\obj\stm32f10x_rtc.o
 .text.RTC_ClearITPendingBit
                0x00000000       0x30 ..\obj\stm32f10x_rtc.o
 .text          0x00000000        0x0 ..\obj\startup_stm32f10x_md_vl.o
 .data          0x00000000        0x0 ..\obj\startup_stm32f10x_md_vl.o
 .bss           0x00000000        0x0 ..\obj\startup_stm32f10x_md_vl.o
 .text          0x00000000        0x0 ..\obj\stm32_pio.o
 .data          0x00000000        0x0 ..\obj\stm32_pio.o
 .bss           0x00000000        0x0 ..\obj\stm32_pio.o
 .text          0x00000000        0x0 ..\obj\core_cm3.o
 .data          0x00000000        0x0 ..\obj\core_cm3.o
 .bss           0x00000000        0x0 ..\obj\core_cm3.o
 .text.__get_PSP
                0x00000000       0x10 ..\obj\core_cm3.o
 .text.__set_PSP
                0x00000000        0x8 ..\obj\core_cm3.o
 .text.__get_MSP
                0x00000000       0x10 ..\obj\core_cm3.o
 .text.__set_MSP
                0x00000000        0x8 ..\obj\core_cm3.o
 .text.__get_BASEPRI
                0x00000000       0x20 ..\obj\core_cm3.o
 .text.__set_BASEPRI
                0x00000000       0x18 ..\obj\core_cm3.o
 .text.__get_PRIMASK
                0x00000000       0x20 ..\obj\core_cm3.o
 .text.__set_PRIMASK
                0x00000000       0x18 ..\obj\core_cm3.o
 .text.__get_FAULTMASK
                0x00000000       0x20 ..\obj\core_cm3.o
 .text.__set_FAULTMASK
                0x00000000       0x18 ..\obj\core_cm3.o
 .text.__get_CONTROL
                0x00000000       0x20 ..\obj\core_cm3.o
 .text.__set_CONTROL
                0x00000000       0x18 ..\obj\core_cm3.o
 .text.__REV    0x00000000       0x24 ..\obj\core_cm3.o
 .text.__REV16  0x00000000       0x24 ..\obj\core_cm3.o
 .text.__REVSH  0x00000000       0x24 ..\obj\core_cm3.o
 .text.__RBIT   0x00000000       0x24 ..\obj\core_cm3.o
 .text.__LDREXB
                0x00000000       0x24 ..\obj\core_cm3.o
 .text.__LDREXH
                0x00000000       0x24 ..\obj\core_cm3.o
 .text.__LDREXW
                0x00000000       0x24 ..\obj\core_cm3.o
 .text.__STREXB
                0x00000000       0x2c ..\obj\core_cm3.o
 .text.__STREXH
                0x00000000       0x2c ..\obj\core_cm3.o
 .text.__STREXW
                0x00000000       0x28 ..\obj\core_cm3.o
 .text          0x00000000        0x0 ..\obj\system_stm32f10x.o
 .data          0x00000000       0x14 ..\obj\system_stm32f10x.o
 .bss           0x00000000        0x0 ..\obj\system_stm32f10x.o
 .text.SystemCoreClockUpdate
                0x00000000       0xe4 ..\obj\system_stm32f10x.o
 .text          0x00000000        0x0 ..\obj\main.o
 .data          0x00000000        0x0 ..\obj\main.o
 .bss           0x00000000        0x0 ..\obj\main.o
 .text          0x00000000        0x0 ..\obj\printf.o
 .data          0x00000000       0xf4 ..\obj\printf.o
 .bss           0x00000000        0x0 ..\obj\printf.o
 .text.PrintChar
                0x00000000       0x14 ..\obj\printf.o
 .text.PutChar  0x00000000       0x24 ..\obj\printf.o
 .text.PutString
                0x00000000       0x48 ..\obj\printf.o
 .text.PutUnsignedInt
                0x00000000       0xb4 ..\obj\printf.o
 .text.PutSignedInt
                0x00000000      0x11c ..\obj\printf.o
 .text.PutHexa  0x00000000       0xe8 ..\obj\printf.o
 .text.vsnprintf
                0x00000000      0x2a4 ..\obj\printf.o
 .text.snprintf
                0x00000000       0x34 ..\obj\printf.o
 .text.vsprintf
                0x00000000       0x28 ..\obj\printf.o
 .rodata        0x00000000       0x24 ..\obj\printf.o
 .text.vfprintf
                0x00000000       0x68 ..\obj\printf.o
 .text.vprintf  0x00000000       0x2c ..\obj\printf.o
 .text.fprintf  0x00000000       0x30 ..\obj\printf.o
 .text.printf   0x00000000       0x2c ..\obj\printf.o
 .text.sprintf  0x00000000       0x30 ..\obj\printf.o
 .text.puts     0x00000000       0x28 ..\obj\printf.o
 .text.fputc    0x00000000       0x44 ..\obj\printf.o
 .text.fputs    0x00000000       0x50 ..\obj\printf.o
 .text          0x00000000        0x0 ..\obj\stm32f10x_rcc.o
 .data          0x00000000       0x14 ..\obj\stm32f10x_rcc.o
 .bss           0x00000000        0x0 ..\obj\stm32f10x_rcc.o
 .text.RCC_DeInit
                0x00000000       0x64 ..\obj\stm32f10x_rcc.o
 .text.RCC_HSEConfig
                0x00000000       0x5c ..\obj\stm32f10x_rcc.o
 .text.RCC_WaitForHSEStartUp
                0x00000000       0x64 ..\obj\stm32f10x_rcc.o
 .text.RCC_AdjustHSICalibrationValue
                0x00000000       0x40 ..\obj\stm32f10x_rcc.o
 .text.RCC_HSICmd
                0x00000000       0x20 ..\obj\stm32f10x_rcc.o
 .text.RCC_PLLConfig
                0x00000000       0x44 ..\obj\stm32f10x_rcc.o
 .text.RCC_PLLCmd
                0x00000000       0x20 ..\obj\stm32f10x_rcc.o
 .text.RCC_PREDIV1Config
                0x00000000       0x48 ..\obj\stm32f10x_rcc.o
 .text.RCC_SYSCLKConfig
                0x00000000       0x3c ..\obj\stm32f10x_rcc.o
 .text.RCC_GetSYSCLKSource
                0x00000000       0x1c ..\obj\stm32f10x_rcc.o
 .text.RCC_HCLKConfig
                0x00000000       0x3c ..\obj\stm32f10x_rcc.o
 .text.RCC_PCLK1Config
                0x00000000       0x3c ..\obj\stm32f10x_rcc.o
 .text.RCC_PCLK2Config
                0x00000000       0x40 ..\obj\stm32f10x_rcc.o
 .text.RCC_ITConfig
                0x00000000       0x50 ..\obj\stm32f10x_rcc.o
 .text.RCC_USBCLKConfig
                0x00000000       0x1c ..\obj\stm32f10x_rcc.o
 .text.RCC_ADCCLKConfig
                0x00000000       0x3c ..\obj\stm32f10x_rcc.o
 .text.RCC_LSEConfig
                0x00000000       0x48 ..\obj\stm32f10x_rcc.o
 .text.RCC_LSICmd
                0x00000000       0x20 ..\obj\stm32f10x_rcc.o
 .text.RCC_RTCCLKConfig
                0x00000000       0x24 ..\obj\stm32f10x_rcc.o
 .text.RCC_RTCCLKCmd
                0x00000000       0x20 ..\obj\stm32f10x_rcc.o
 .text.RCC_GetClocksFreq
                0x00000000      0x17c ..\obj\stm32f10x_rcc.o
 .text.RCC_AHBPeriphClockCmd
                0x00000000       0x44 ..\obj\stm32f10x_rcc.o
 .text.RCC_APB2PeriphClockCmd
                0x00000000       0x44 ..\obj\stm32f10x_rcc.o
 .text.RCC_APB1PeriphClockCmd
                0x00000000       0x44 ..\obj\stm32f10x_rcc.o
 .text.RCC_APB2PeriphResetCmd
                0x00000000       0x44 ..\obj\stm32f10x_rcc.o
 .text.RCC_APB1PeriphResetCmd
                0x00000000       0x44 ..\obj\stm32f10x_rcc.o
 .text.RCC_BackupResetCmd
                0x00000000       0x20 ..\obj\stm32f10x_rcc.o
 .text.RCC_ClockSecuritySystemCmd
                0x00000000       0x20 ..\obj\stm32f10x_rcc.o
 .text.RCC_MCOConfig
                0x00000000       0x20 ..\obj\stm32f10x_rcc.o
 .text.RCC_GetFlagStatus
                0x00000000       0x84 ..\obj\stm32f10x_rcc.o
 .text.RCC_ClearFlag
                0x00000000       0x1c ..\obj\stm32f10x_rcc.o
 .text.RCC_GetITStatus
                0x00000000       0x40 ..\obj\stm32f10x_rcc.o
 .text.RCC_ClearITPendingBit
                0x00000000       0x20 ..\obj\stm32f10x_rcc.o
 .text          0x00000000        0x0 ..\obj\syscalls.o
 .data          0x00000000        0x0 ..\obj\syscalls.o
 .bss           0x00000000        0x4 ..\obj\syscalls.o
 .text._sbrk    0x00000000       0x40 ..\obj\syscalls.o
 .text.link     0x00000000       0x1c ..\obj\syscalls.o
 .text._close   0x00000000       0x18 ..\obj\syscalls.o
 .text._fstat   0x00000000       0x24 ..\obj\syscalls.o
 .text._isatty  0x00000000       0x18 ..\obj\syscalls.o
 .text._lseek   0x00000000       0x1c ..\obj\syscalls.o
 .text._read    0x00000000       0x1c ..\obj\syscalls.o
 .text._write   0x00000000       0x1c ..\obj\syscalls.o
 .text.abort    0x00000000        0x8 ..\obj\syscalls.o
 .text          0x00000000        0x0 ..\obj\misc.o
 .data          0x00000000        0x0 ..\obj\misc.o
 .bss           0x00000000        0x0 ..\obj\misc.o
 .text.NVIC_SetVectorTable
                0x00000000       0x2c ..\obj\misc.o
 .text.NVIC_SystemLPConfig
                0x00000000       0x44 ..\obj\misc.o
 .text.SysTick_CLKSourceConfig
                0x00000000       0x38 ..\obj\misc.o
 .text          0x00000000        0x0 ..\obj\RTC_Example.o
 .bss           0x00000000        0x0 ..\obj\RTC_Example.o
 .text          0x00000000        0x0 ..\obj\stm32_rtc.o
 .data          0x00000000        0x0 ..\obj\stm32_rtc.o

Memory Configuration

Name             Origin             Length             Attributes
rom              0x08000000         0x00020000         xr
ram              0x20000000         0x00002000         xrw
*default*        0x00000000         0xffffffff

Linker script and memory map

                0x20002000                _eram = 0x20002000

.text           0x08000000     0x1074
 *(.isr_vector .isr_vector.*)
 .isr_vector    0x08000000      0x124 ..\obj\startup_stm32f10x_md_vl.o
                0x08000000                g_pfnVectors
 *(.text .text.* .gnu.linkonce.t.*)
 .text.Default_Reset_Handler
                0x08000124       0x68 ..\obj\startup_stm32f10x_md_vl.o
                0x08000124                Default_Reset_Handler
                0x08000124                Reset_Handler
 .text.Default_Handler
                0x0800018c        0x8 ..\obj\startup_stm32f10x_md_vl.o
                0x0800018c                EXTI2_IRQHandler
                0x0800018c                DebugMon_Handler
                0x0800018c                TIM1_CC_IRQHandler
                0x0800018c                HardFault_Handler
                0x0800018c                SysTick_Handler
                0x0800018c                PVD_IRQHandler
                0x0800018c                PendSV_Handler
                0x0800018c                NMI_Handler
                0x0800018c                EXTI3_IRQHandler
                0x0800018c                EXTI0_IRQHandler
                0x0800018c                I2C2_EV_IRQHandler
                0x0800018c                TIM1_UP_TIM16_IRQHandler
                0x0800018c                UsageFault_Handler
                0x0800018c                SPI1_IRQHandler
                0x0800018c                TAMPER_IRQHandler
                0x0800018c                TIM6_DAC_IRQHandler
                0x0800018c                DMA1_Channel4_IRQHandler
                0x0800018c                ADC1_IRQHandler
                0x0800018c                USART3_IRQHandler
                0x0800018c                DMA1_Channel7_IRQHandler
                0x0800018c                TIM4_IRQHandler
                0x0800018c                I2C1_EV_IRQHandler
                0x0800018c                DMA1_Channel6_IRQHandler
                0x0800018c                TIM3_IRQHandler
                0x0800018c                RCC_IRQHandler
                0x0800018c                DMA1_Channel1_IRQHandler
                0x0800018c                CEC_IRQHandler
                0x0800018c                EXTI15_10_IRQHandler
                0x0800018c                TIM7_IRQHandler
                0x0800018c                EXTI9_5_IRQHandler
                0x0800018c                SPI2_IRQHandler
                0x0800018c                MemManage_Handler
                0x0800018c                SVC_Handler
                0x0800018c                DMA1_Channel5_IRQHandler
                0x0800018c                EXTI4_IRQHandler
                0x0800018c                TIM1_TRG_COM_TIM17_IRQHandler
                0x0800018c                DMA1_Channel3_IRQHandler
                0x0800018c                WWDG_IRQHandler
                0x0800018c                TIM2_IRQHandler
                0x0800018c                EXTI1_IRQHandler
                0x0800018c                RTCAlarm_IRQHandler
                0x0800018c                USART2_IRQHandler
                0x0800018c                I2C2_ER_IRQHandler
                0x0800018c                DMA1_Channel2_IRQHandler
                0x0800018c                FLASH_IRQHandler
                0x0800018c                BusFault_Handler
                0x0800018c                USART1_IRQHandler
                0x0800018c                I2C1_ER_IRQHandler
                0x0800018c                TIM1_BRK_TIM15_IRQHandler
 .text.STM32_GetGPIO
                0x08000194       0x90 ..\obj\stm32_pio.o
 .text.STM32_PIO_Init
                0x08000224       0xb8 ..\obj\stm32_pio.o
 .text.STM32_PIO_SetDir
                0x080002dc      0x16c ..\obj\stm32_pio.o
 .text.STM32_PIO_Read
                0x08000448       0xe0 ..\obj\stm32_pio.o
 .text.STM32_PIO_Out
                0x08000528       0x74 ..\obj\stm32_pio.o
 .text.STM32_PIO_Cfg
                0x0800059c       0x24 ..\obj\stm32_pio.o
 .text.SystemInit
                0x080005c0       0x70 ..\obj\system_stm32f10x.o
                0x080005c0                SystemInit
 .text.SetSysClock
                0x08000630        0xc ..\obj\system_stm32f10x.o
 .text.SetSysClockTo24
                0x0800063c       0xdc ..\obj\system_stm32f10x.o
 .text.main     0x08000718        0xc ..\obj\main.o
                0x08000718                main
 .text.NVIC_PriorityGroupConfig
                0x08000724       0x24 ..\obj\misc.o
                0x08000724                NVIC_PriorityGroupConfig
 .text.NVIC_Init
                0x08000748       0xd8 ..\obj\misc.o
                0x08000748                NVIC_Init
 .text.STM_RTC_Test
                0x08000820       0xdc ..\obj\RTC_Example.o
                0x08000820                STM_RTC_Test
 .text.Periodic
                0x080008fc       0x34 ..\obj\RTC_Example.o
                0x080008fc                Periodic
 .text.Alarm    0x08000930       0xb0 ..\obj\RTC_Example.o
                0x08000930                Alarm
 .text.NVIC_Configuration
                0x080009e0       0x38 ..\obj\RTC_Example.o
                0x080009e0                NVIC_Configuration
 .text.STM_GPIO_WriteBit
                0x08000a18       0x30 ..\obj\stm32_rtc.o
                0x08000a18                STM_GPIO_WriteBit
 .text.STM_GPIO_ReadOutputDataBit
                0x08000a48       0x3c ..\obj\stm32_rtc.o
                0x08000a48                STM_GPIO_ReadOutputDataBit
 .text.RTC_IRQHandler
                0x08000a84      0x138 ..\obj\stm32_rtc.o
                0x08000a84                RTC_IRQHandler
 .text.STM_RTC_Init
                0x08000bbc      0x190 ..\obj\stm32_rtc.o
                0x08000bbc                STM_RTC_Init
 .text.STM_RTC_Start
                0x08000d4c       0x40 ..\obj\stm32_rtc.o
                0x08000d4c                STM_RTC_Start
 .text.STM_RTC_Stop
                0x08000d8c       0x40 ..\obj\stm32_rtc.o
                0x08000d8c                STM_RTC_Stop
 .text.STM_RTC_Read
                0x08000dcc       0xa8 ..\obj\stm32_rtc.o
                0x08000dcc                STM_RTC_Read
 .text.STM_RTC_Write
                0x08000e74       0x64 ..\obj\stm32_rtc.o
                0x08000e74                STM_RTC_Write
 .text.STM_RTC_Alarm
                0x08000ed8       0xa0 ..\obj\stm32_rtc.o
                0x08000ed8                STM_RTC_Alarm
 .text.STM_RTC_Event
                0x08000f78       0xcc ..\obj\stm32_rtc.o
                0x08000f78                STM_RTC_Event
 *(.glue_7t)
 .glue_7t       0x00000000        0x0 linker stubs
 *(.glue_7)
 .glue_7        0x00000000        0x0 linker stubs
 *(.rodata .rodata* .gnu.linkonce.r.*)
 .rodata        0x08001044       0x14 ..\obj\stm32_pio.o
                0x08001044                pi_pio
 .rodata        0x08001058       0x1c ..\obj\stm32_rtc.o
                0x08001058                pi_rtc

.vfp11_veneer   0x08001074        0x0
 .vfp11_veneer  0x00000000        0x0 linker stubs

.v4_bx          0x08001074        0x0
 .v4_bx         0x00000000        0x0 linker stubs

.ARM.extab
 *(.ARM.extab* .gnu.linkonce.armextab.*)

.ARM.exidx
 *(.ARM.exidx* .gnu.linkonce.armexidx.*)
                0x08001074                . = ALIGN (0x4)
                0x08001074                _etext = .
                0x08001074                _sidata = .

.data           0x20000000       0x24 load address 0x08001074
                0x20000000                _sdata = .
 *(.data .data.*)
 .data          0x20000000       0x24 ..\obj\RTC_Example.o
                0x20000000                LED
                0x20000004                rtc
                0x20000008                tm
                0x20000024                . = ALIGN (0x4)
                0x20000024                _edata = .

.bss            0x20000024       0x14 load address 0x08001098
                0x20000024                _sbss = .
 *(.bss .bss.*)
 .bss           0x20000024        0xc ..\obj\stm32_rtc.o
                0x20000024                Rtc_Alarm_Event
                0x20000028                Rtc_Sec_event
                0x2000002c                Rtc_Overflow_event
 *(COMMON)
 COMMON         0x20000030        0x1 ..\obj\RTC_Example.o
                0x20000030                tog
 *fill*         0x20000031        0x3 00
 COMMON         0x20000034        0x4 ..\obj\stm32_rtc.o
                0x20000034                TimeDisplay
                0x20000038                . = ALIGN (0x4)
                0x20000038                _ebss = .

.co_stack       0x20000038      0x400 load address 0x080010ac
                0x20000038                . = ALIGN (0x8)
 *(.co_stack .co_stack.*)
 .co_stack      0x20000038      0x400 ..\obj\startup_stm32f10x_md_vl.o
                0x20000038                pulStack
                0x20000438                . = ALIGN (0x4)
                0x20000438                _end = .
LOAD ..\obj\stm32f10x_rtc.o
LOAD ..\obj\startup_stm32f10x_md_vl.o
LOAD ..\obj\stm32_pio.o
LOAD ..\obj\core_cm3.o
LOAD ..\obj\system_stm32f10x.o
LOAD ..\obj\main.o
LOAD ..\obj\printf.o
LOAD ..\obj\stm32f10x_rcc.o
LOAD ..\obj\syscalls.o
LOAD ..\obj\misc.o
LOAD ..\obj\RTC_Example.o
LOAD ..\obj\stm32_rtc.o
START GROUP
LOAD j:/cocenter/cooide/gcc/sourcery g++ lite/bin/../lib/gcc/arm-none-eabi/4.5.2/thumb2\libgcc.a
LOAD j:/cocenter/cooide/gcc/sourcery g++ lite/bin/../lib/gcc/arm-none-eabi/4.5.2/../../../../arm-none-eabi/lib/thumb2\libc.a
END GROUP
OUTPUT(STM32RTC.elf elf32-littlearm)

.debug_abbrev   0x00000000      0xf7a
 .debug_abbrev  0x00000000      0x166 ..\obj\stm32f10x_rtc.o
 .debug_abbrev  0x00000166       0xa3 ..\obj\startup_stm32f10x_md_vl.o
 .debug_abbrev  0x00000209      0x14e ..\obj\stm32_pio.o
 .debug_abbrev  0x00000357       0xd5 ..\obj\core_cm3.o
 .debug_abbrev  0x0000042c      0x17e ..\obj\system_stm32f10x.o
 .debug_abbrev  0x000005aa       0x36 ..\obj\main.o
 .debug_abbrev  0x000005e0      0x238 ..\obj\printf.o
 .debug_abbrev  0x00000818      0x191 ..\obj\stm32f10x_rcc.o
 .debug_abbrev  0x000009a9       0xde ..\obj\syscalls.o
 .debug_abbrev  0x00000a87      0x135 ..\obj\misc.o
 .debug_abbrev  0x00000bbc      0x174 ..\obj\RTC_Example.o
 .debug_abbrev  0x00000d30      0x24a ..\obj\stm32_rtc.o

.debug_info     0x00000000     0x43c9
 .debug_info    0x00000000      0x46a ..\obj\stm32f10x_rtc.o
 .debug_info    0x0000046a      0x131 ..\obj\startup_stm32f10x_md_vl.o
 .debug_info    0x0000059b      0x52e ..\obj\stm32_pio.o
 .debug_info    0x00000ac9      0x548 ..\obj\core_cm3.o
 .debug_info    0x00001011      0x433 ..\obj\system_stm32f10x.o
 .debug_info    0x00001444       0x46 ..\obj\main.o
 .debug_info    0x0000148a      0xed2 ..\obj\printf.o
 .debug_info    0x0000235c      0x976 ..\obj\stm32f10x_rcc.o
 .debug_info    0x00002cd2      0x440 ..\obj\syscalls.o
 .debug_info    0x00003112      0x546 ..\obj\misc.o
 .debug_info    0x00003658      0x501 ..\obj\RTC_Example.o
 .debug_info    0x00003b59      0x870 ..\obj\stm32_rtc.o

.debug_line     0x00000000     0x1c31
 .debug_line    0x00000000      0x281 ..\obj\stm32f10x_rtc.o
 .debug_line    0x00000281       0xa6 ..\obj\startup_stm32f10x_md_vl.o
 .debug_line    0x00000327      0x267 ..\obj\stm32_pio.o
 .debug_line    0x0000058e      0x281 ..\obj\core_cm3.o
 .debug_line    0x0000080f      0x20f ..\obj\system_stm32f10x.o
 .debug_line    0x00000a1e       0x60 ..\obj\main.o
 .debug_line    0x00000a7e      0x3c7 ..\obj\printf.o
 .debug_line    0x00000e45      0x485 ..\obj\stm32f10x_rcc.o
 .debug_line    0x000012ca      0x18f ..\obj\syscalls.o
 .debug_line    0x00001459      0x1f5 ..\obj\misc.o
 .debug_line    0x0000164e      0x2ae ..\obj\RTC_Example.o
 .debug_line    0x000018fc      0x335 ..\obj\stm32_rtc.o

.debug_loc      0x00000000     0x1a5a
 .debug_loc     0x00000000      0x2e0 ..\obj\stm32f10x_rtc.o
 .debug_loc     0x000002e0       0x64 ..\obj\startup_stm32f10x_md_vl.o
 .debug_loc     0x00000344      0x150 ..\obj\stm32_pio.o
 .debug_loc     0x00000494      0x3f0 ..\obj\core_cm3.o
 .debug_loc     0x00000884       0xc8 ..\obj\system_stm32f10x.o
 .debug_loc     0x0000094c       0x2c ..\obj\main.o
 .debug_loc     0x00000978      0x3ea ..\obj\printf.o
 .debug_loc     0x00000d62      0x714 ..\obj\stm32f10x_rcc.o
 .debug_loc     0x00001476      0x1ec ..\obj\syscalls.o
 .debug_loc     0x00001662      0x118 ..\obj\misc.o
 .debug_loc     0x0000177a       0xd4 ..\obj\RTC_Example.o
 .debug_loc     0x0000184e      0x20c ..\obj\stm32_rtc.o

.debug_pubnames
                0x00000000      0x9e4
 .debug_pubnames
                0x00000000      0x136 ..\obj\stm32f10x_rtc.o
 .debug_pubnames
                0x00000136       0x4a ..\obj\startup_stm32f10x_md_vl.o
 .debug_pubnames
                0x00000180       0x1d ..\obj\stm32_pio.o
 .debug_pubnames
                0x0000019d      0x159 ..\obj\core_cm3.o
 .debug_pubnames
                0x000002f6       0x61 ..\obj\system_stm32f10x.o
 .debug_pubnames
                0x00000357       0x1b ..\obj\main.o
 .debug_pubnames
                0x00000372      0x101 ..\obj\printf.o
 .debug_pubnames
                0x00000473      0x2da ..\obj\stm32f10x_rcc.o
 .debug_pubnames
                0x0000074d       0x71 ..\obj\syscalls.o
 .debug_pubnames
                0x000007be       0x89 ..\obj\misc.o
 .debug_pubnames
                0x00000847       0x70 ..\obj\RTC_Example.o
 .debug_pubnames
                0x000008b7      0x12d ..\obj\stm32_rtc.o

.debug_pubtypes
                0x00000000      0x605
 .debug_pubtypes
                0x00000000       0x78 ..\obj\stm32f10x_rtc.o
 .debug_pubtypes
                0x00000078       0x68 ..\obj\stm32_pio.o
 .debug_pubtypes
                0x000000e0       0x50 ..\obj\core_cm3.o
 .debug_pubtypes
                0x00000130       0x55 ..\obj\system_stm32f10x.o
 .debug_pubtypes
                0x00000185      0x139 ..\obj\printf.o
 .debug_pubtypes
                0x000002be       0x9e ..\obj\stm32f10x_rcc.o
 .debug_pubtypes
                0x0000035c       0xaa ..\obj\syscalls.o
 .debug_pubtypes
                0x00000406       0x80 ..\obj\misc.o
 .debug_pubtypes
                0x00000486       0x8f ..\obj\RTC_Example.o
 .debug_pubtypes
                0x00000515       0xf0 ..\obj\stm32_rtc.o

.debug_aranges  0x00000000      0x518
 .debug_aranges
                0x00000000       0x88 ..\obj\stm32f10x_rtc.o
 .debug_aranges
                0x00000088       0x28 ..\obj\startup_stm32f10x_md_vl.o
 .debug_aranges
                0x000000b0       0x48 ..\obj\stm32_pio.o
 .debug_aranges
                0x000000f8       0xc8 ..\obj\core_cm3.o
 .debug_aranges
                0x000001c0       0x38 ..\obj\system_stm32f10x.o
 .debug_aranges
                0x000001f8       0x20 ..\obj\main.o
 .debug_aranges
                0x00000218       0xa0 ..\obj\printf.o
 .debug_aranges
                0x000002b8      0x120 ..\obj\stm32f10x_rcc.o
 .debug_aranges
                0x000003d8       0x60 ..\obj\syscalls.o
 .debug_aranges
                0x00000438       0x40 ..\obj\misc.o
 .debug_aranges
                0x00000478       0x38 ..\obj\RTC_Example.o
 .debug_aranges
                0x000004b0       0x68 ..\obj\stm32_rtc.o

.debug_ranges   0x00000000      0x458
 .debug_ranges  0x00000000       0x78 ..\obj\stm32f10x_rtc.o
 .debug_ranges  0x00000078       0x18 ..\obj\startup_stm32f10x_md_vl.o
 .debug_ranges  0x00000090       0x38 ..\obj\stm32_pio.o
 .debug_ranges  0x000000c8       0xb8 ..\obj\core_cm3.o
 .debug_ranges  0x00000180       0x28 ..\obj\system_stm32f10x.o
 .debug_ranges  0x000001a8       0x10 ..\obj\main.o
 .debug_ranges  0x000001b8       0x90 ..\obj\printf.o
 .debug_ranges  0x00000248      0x110 ..\obj\stm32f10x_rcc.o
 .debug_ranges  0x00000358       0x50 ..\obj\syscalls.o
 .debug_ranges  0x000003a8       0x30 ..\obj\misc.o
 .debug_ranges  0x000003d8       0x28 ..\obj\RTC_Example.o
 .debug_ranges  0x00000400       0x58 ..\obj\stm32_rtc.o

.debug_str      0x00000000     0x15b1
 .debug_str     0x00000000      0x2b2 ..\obj\stm32f10x_rtc.o
                                0x300 (size before relaxing)
 .debug_str     0x000002b2       0xb4 ..\obj\startup_stm32f10x_md_vl.o
                                 0xdf (size before relaxing)
 .debug_str     0x00000366      0x142 ..\obj\stm32_pio.o
                                0x213 (size before relaxing)
 .debug_str     0x000004a8      0x163 ..\obj\core_cm3.o
                                0x22a (size before relaxing)
 .debug_str     0x0000060b      0x118 ..\obj\system_stm32f10x.o
                                0x232 (size before relaxing)
 .debug_str     0x00000723       0x32 ..\obj\main.o
                                 0x3e (size before relaxing)
 .debug_str     0x00000755      0x4d8 ..\obj\printf.o
                                0x5cd (size before relaxing)
 .debug_str     0x00000c2d      0x417 ..\obj\stm32f10x_rcc.o
                                0x5cb (size before relaxing)
 .debug_str     0x00001044      0x148 ..\obj\syscalls.o
                                0x24d (size before relaxing)
 .debug_str     0x0000118c      0x1cb ..\obj\misc.o
                                0x321 (size before relaxing)
 .debug_str     0x00001357       0xc9 ..\obj\RTC_Example.o
                                0x27a (size before relaxing)
 .debug_str     0x00001420      0x191 ..\obj\stm32_rtc.o
                                0x422 (size before relaxing)

.comment        0x00000000       0x2a
 .comment       0x00000000       0x2a ..\obj\stm32f10x_rtc.o
                                 0x2b (size before relaxing)
 .comment       0x00000000       0x2b ..\obj\startup_stm32f10x_md_vl.o
 .comment       0x00000000       0x2b ..\obj\stm32_pio.o
 .comment       0x00000000       0x2b ..\obj\core_cm3.o
 .comment       0x00000000       0x2b ..\obj\system_stm32f10x.o
 .comment       0x00000000       0x2b ..\obj\main.o
 .comment       0x00000000       0x2b ..\obj\printf.o
 .comment       0x00000000       0x2b ..\obj\stm32f10x_rcc.o
 .comment       0x00000000       0x2b ..\obj\syscalls.o
 .comment       0x00000000       0x2b ..\obj\misc.o
 .comment       0x00000000       0x2b ..\obj\RTC_Example.o
 .comment       0x00000000       0x2b ..\obj\stm32_rtc.o

.ARM.attributes
                0x00000000       0x31
 .ARM.attributes
                0x00000000       0x31 ..\obj\stm32f10x_rtc.o
 .ARM.attributes
                0x00000031       0x31 ..\obj\startup_stm32f10x_md_vl.o
 .ARM.attributes
                0x00000062       0x31 ..\obj\stm32_pio.o
 .ARM.attributes
                0x00000093       0x31 ..\obj\core_cm3.o
 .ARM.attributes
                0x000000c4       0x31 ..\obj\system_stm32f10x.o
 .ARM.attributes
                0x000000f5       0x31 ..\obj\main.o
 .ARM.attributes
                0x00000126       0x31 ..\obj\printf.o
 .ARM.attributes
                0x00000157       0x31 ..\obj\stm32f10x_rcc.o
 .ARM.attributes
                0x00000188       0x31 ..\obj\syscalls.o
 .ARM.attributes
                0x000001b9       0x31 ..\obj\misc.o
 .ARM.attributes
                0x000001ea       0x31 ..\obj\RTC_Example.o
 .ARM.attributes
                0x0000021b       0x31 ..\obj\stm32_rtc.o

.debug_frame    0x00000000      0xf08
 .debug_frame   0x00000000      0x194 ..\obj\stm32f10x_rtc.o
 .debug_frame   0x00000194       0x48 ..\obj\startup_stm32f10x_md_vl.o
 .debug_frame   0x000001dc       0xc8 ..\obj\stm32_pio.o
 .debug_frame   0x000002a4      0x280 ..\obj\core_cm3.o
 .debug_frame   0x00000524       0x80 ..\obj\system_stm32f10x.o
 .debug_frame   0x000005a4       0x2c ..\obj\main.o
 .debug_frame   0x000005d0      0x244 ..\obj\printf.o
 .debug_frame   0x00000814      0x3a4 ..\obj\stm32f10x_rcc.o
 .debug_frame   0x00000bb8      0x108 ..\obj\syscalls.o
 .debug_frame   0x00000cc0       0x9c ..\obj\misc.o
 .debug_frame   0x00000d5c       0x8c ..\obj\RTC_Example.o
 .debug_frame   0x00000de8      0x120 ..\obj\stm32_rtc.o
